Archive member included to satisfy reference by file (symbol)

C:\stm32_workspace\STM32F4xx_DSP_StdPeriph_Lib_V1.8.0\Libraries\CMSIS\Lib\GCC\libarm_cortexM4lf_math.a(arm_sin_f32.o)
                              src\osc.o (arm_sin_f32)
C:\stm32_workspace\STM32F4xx_DSP_StdPeriph_Lib_V1.8.0\Libraries\CMSIS\Lib\GCC\libarm_cortexM4lf_math.a(arm_common_tables.o)
                              C:\stm32_workspace\STM32F4xx_DSP_StdPeriph_Lib_V1.8.0\Libraries\CMSIS\Lib\GCC\libarm_cortexM4lf_math.a(arm_sin_f32.o) (sinTable_f32)
c:/program files (x86)/atollic/truestudio for arm 7.1.2/armtools/bin/../lib/gcc/arm-atollic-eabi/5.3.1/../../../../arm-atollic-eabi/lib/armv7e-m/fpu\libc.a(lib_a-init.o)
                              src\startup_stm32f40xx.o (__libc_init_array)
c:/program files (x86)/atollic/truestudio for arm 7.1.2/armtools/bin/../lib/gcc/arm-atollic-eabi/5.3.1/../../../../arm-atollic-eabi/lib/armv7e-m/fpu\libc.a(lib_a-strlen.o)
                              src\lcd.o (strlen)
c:/program files (x86)/atollic/truestudio for arm 7.1.2/armtools/bin/../lib/gcc/arm-atollic-eabi/5.3.1/armv7e-m/fpu\libgcc.a(_arm_addsubdf3.o)
                              src\lcd.o (__aeabi_dsub)
c:/program files (x86)/atollic/truestudio for arm 7.1.2/armtools/bin/../lib/gcc/arm-atollic-eabi/5.3.1/armv7e-m/fpu\libgcc.a(_arm_muldivdf3.o)
                              src\lcd.o (__aeabi_dmul)
c:/program files (x86)/atollic/truestudio for arm 7.1.2/armtools/bin/../lib/gcc/arm-atollic-eabi/5.3.1/armv7e-m/fpu\libgcc.a(_arm_cmpdf2.o)
                              src\lcd.o (__aeabi_dcmpeq)
c:/program files (x86)/atollic/truestudio for arm 7.1.2/armtools/bin/../lib/gcc/arm-atollic-eabi/5.3.1/armv7e-m/fpu\libgcc.a(_arm_fixdfsi.o)
                              src\lcd.o (__aeabi_d2iz)
c:/program files (x86)/atollic/truestudio for arm 7.1.2/armtools/bin/../lib/gcc/arm-atollic-eabi/5.3.1/armv7e-m/fpu\libgcc.a(_arm_truncdfsf2.o)
                              src\osc.o (__aeabi_d2f)

Allocating common symbols
Common symbol       size              file

mov_avg_sum4        0x4               src\osc.o
mov_avg_sum5        0x4               src\osc.o
CurrentPos          0x4               Utilities\STM32F4-Discovery\stm32f4_discovery_audio_codec.o
lfo_wave            0x1               src\init_io.o
adsr_settings       0x30              src\osc.o
mov_avg_sum1        0x4               src\osc.o
g_lcd_pos           0x4               src\lcd.o
vco_wave            0x1               src\init_io.o
mov_avg_sum6        0x4               src\osc.o
adsr_mod            0x4               src\init_io.o
mov_avg_sum2        0x4               src\osc.o
ADCBuffer           0x1a              src\init_io.o
the_button          0x8               src\init_io.o
AUDIO_MAL_DMA_InitStructure
                    0x3c              Utilities\STM32F4-Discovery\stm32f4_discovery_audio_codec.o
mov_avg_sum3        0x4               src\osc.o
lfo_mod             0x4               src\init_io.o
mov_avg_sum7        0x4               src\osc.o
NVIC_InitStructure  0x4               Utilities\STM32F4-Discovery\stm32f4_discovery.o
DMA_InitStructure   0x3c              Utilities\STM32F4-Discovery\stm32f4_discovery_audio_codec.o

Discarded input sections

 .text          0x00000000        0x0 c:/program files (x86)/atollic/truestudio for arm 7.1.2/armtools/bin/../lib/gcc/arm-atollic-eabi/5.3.1/armv7e-m/fpu/crti.o
 .data          0x00000000        0x0 c:/program files (x86)/atollic/truestudio for arm 7.1.2/armtools/bin/../lib/gcc/arm-atollic-eabi/5.3.1/armv7e-m/fpu/crti.o
 .bss           0x00000000        0x0 c:/program files (x86)/atollic/truestudio for arm 7.1.2/armtools/bin/../lib/gcc/arm-atollic-eabi/5.3.1/armv7e-m/fpu/crti.o
 .data          0x00000000        0x4 c:/program files (x86)/atollic/truestudio for arm 7.1.2/armtools/bin/../lib/gcc/arm-atollic-eabi/5.3.1/armv7e-m/fpu/crtbegin.o
 .text          0x00000000        0x0 Libraries\STM32F4xx_StdPeriph_Driver\src\misc.o
 .data          0x00000000        0x0 Libraries\STM32F4xx_StdPeriph_Driver\src\misc.o
 .bss           0x00000000        0x0 Libraries\STM32F4xx_StdPeriph_Driver\src\misc.o
 .text.NVIC_PriorityGroupConfig
                0x00000000       0x28 Libraries\STM32F4xx_StdPeriph_Driver\src\misc.o
 .text.NVIC_SetVectorTable
                0x00000000       0x2c Libraries\STM32F4xx_StdPeriph_Driver\src\misc.o
 .text.NVIC_SystemLPConfig
                0x00000000       0x44 Libraries\STM32F4xx_StdPeriph_Driver\src\misc.o
 .text.SysTick_CLKSourceConfig
                0x00000000       0x38 Libraries\STM32F4xx_StdPeriph_Driver\src\misc.o
 .text          0x00000000        0x0 Libraries\STM32F4xx_StdPeriph_Driver\src\stm32f4xx_adc.o
 .data          0x00000000        0x0 Libraries\STM32F4xx_StdPeriph_Driver\src\stm32f4xx_adc.o
 .bss           0x00000000        0x0 Libraries\STM32F4xx_StdPeriph_Driver\src\stm32f4xx_adc.o
 .text.ADC_AnalogWatchdogCmd
[...]
Memory Configuration

Name             Origin             Length             Attributes
FLASH            0x08000000         0x00100000         xr
RAM              0x20000000         0x00020000         xrw
MEMORY_B1        0x60000000         0x00000000         xr
CCMRAM           0x10000000         0x00010000         rw
*default*        0x00000000         0xffffffff

Linker script and memory map

LOAD c:/program files (x86)/atollic/truestudio for arm 7.1.2/armtools/bin/../lib/gcc/arm-atollic-eabi/5.3.1/armv7e-m/fpu/crti.o
LOAD c:/program files (x86)/atollic/truestudio for arm 7.1.2/armtools/bin/../lib/gcc/arm-atollic-eabi/5.3.1/armv7e-m/fpu/crtbegin.o
LOAD Libraries\STM32F4xx_StdPeriph_Driver\src\misc.o
LOAD Libraries\STM32F4xx_StdPeriph_Driver\src\stm32f4xx_adc.o
LOAD Libraries\STM32F4xx_StdPeriph_Driver\src\stm32f4xx_can.o
LOAD Libraries\STM32F4xx_StdPeriph_Driver\src\stm32f4xx_crc.o
LOAD Libraries\STM32F4xx_StdPeriph_Driver\src\stm32f4xx_cryp.o
LOAD Libraries\STM32F4xx_StdPeriph_Driver\src\stm32f4xx_cryp_aes.o
LOAD Libraries\STM32F4xx_StdPeriph_Driver\src\stm32f4xx_cryp_des.o
LOAD Libraries\STM32F4xx_StdPeriph_Driver\src\stm32f4xx_cryp_tdes.o
LOAD Libraries\STM32F4xx_StdPeriph_Driver\src\stm32f4xx_dac.o
LOAD Libraries\STM32F4xx_StdPeriph_Driver\src\stm32f4xx_dbgmcu.o
LOAD Libraries\STM32F4xx_StdPeriph_Driver\src\stm32f4xx_dcmi.o
LOAD Libraries\STM32F4xx_StdPeriph_Driver\src\stm32f4xx_dma.o
LOAD Libraries\STM32F4xx_StdPeriph_Driver\src\stm32f4xx_exti.o
LOAD Libraries\STM32F4xx_StdPeriph_Driver\src\stm32f4xx_flash.o
LOAD Libraries\STM32F4xx_StdPeriph_Driver\src\stm32f4xx_fsmc.o
LOAD Libraries\STM32F4xx_StdPeriph_Driver\src\stm32f4xx_gpio.o
LOAD Libraries\STM32F4xx_StdPeriph_Driver\src\stm32f4xx_hash.o
LOAD Libraries\STM32F4xx_StdPeriph_Driver\src\stm32f4xx_hash_md5.o
LOAD Libraries\STM32F4xx_StdPeriph_Driver\src\stm32f4xx_hash_sha1.o
LOAD Libraries\STM32F4xx_StdPeriph_Driver\src\stm32f4xx_i2c.o
LOAD Libraries\STM32F4xx_StdPeriph_Driver\src\stm32f4xx_iwdg.o
LOAD Libraries\STM32F4xx_StdPeriph_Driver\src\stm32f4xx_pwr.o
LOAD Libraries\STM32F4xx_StdPeriph_Driver\src\stm32f4xx_rcc.o
LOAD Libraries\STM32F4xx_StdPeriph_Driver\src\stm32f4xx_rng.o
LOAD Libraries\STM32F4xx_StdPeriph_Driver\src\stm32f4xx_rtc.o
LOAD Libraries\STM32F4xx_StdPeriph_Driver\src\stm32f4xx_sdio.o
LOAD Libraries\STM32F4xx_StdPeriph_Driver\src\stm32f4xx_spi.o
LOAD Libraries\STM32F4xx_StdPeriph_Driver\src\stm32f4xx_syscfg.o
LOAD Libraries\STM32F4xx_StdPeriph_Driver\src\stm32f4xx_tim.o
LOAD Libraries\STM32F4xx_StdPeriph_Driver\src\stm32f4xx_usart.o
LOAD Libraries\STM32F4xx_StdPeriph_Driver\src\stm32f4xx_wwdg.o
LOAD Utilities\STM32F4-Discovery\stm32f4_discovery.o
LOAD Utilities\STM32F4-Discovery\stm32f4_discovery_audio_codec.o
LOAD Utilities\STM32F4-Discovery\stm32f4_discovery_lis302dl.o
LOAD src\init_io.o
LOAD src\lcd.o
LOAD src\main.o
LOAD src\osc.o
LOAD src\startup_stm32f40xx.o
LOAD src\stm32f4xx_it.o
LOAD src\system_stm32f4xx.o
LOAD src\user_interface.o
LOAD C:\stm32_workspace\STM32F4xx_DSP_StdPeriph_Lib_V1.8.0\Libraries\CMSIS\Lib\GCC\libarm_cortexM4lf_math.a
START GROUP
LOAD c:/program files (x86)/atollic/truestudio for arm 7.1.2/armtools/bin/../lib/gcc/arm-atollic-eabi/5.3.1/../../../../arm-atollic-eabi/lib/armv7e-m/fpu\libc.a
LOAD c:/program files (x86)/atollic/truestudio for arm 7.1.2/armtools/bin/../lib/gcc/arm-atollic-eabi/5.3.1/../../../../arm-atollic-eabi/lib/armv7e-m/fpu\libm.a
END GROUP
                0x00000080                malloc_getpagesize_P = 0x80
START GROUP
LOAD c:/program files (x86)/atollic/truestudio for arm 7.1.2/armtools/bin/../lib/gcc/arm-atollic-eabi/5.3.1/armv7e-m/fpu\libgcc.a
LOAD c:/program files (x86)/atollic/truestudio for arm 7.1.2/armtools/bin/../lib/gcc/arm-atollic-eabi/5.3.1/../../../../arm-atollic-eabi/lib/armv7e-m/fpu\libc.a
END GROUP
START GROUP
LOAD c:/program files (x86)/atollic/truestudio for arm 7.1.2/armtools/bin/../lib/gcc/arm-atollic-eabi/5.3.1/armv7e-m/fpu\libgcc.a
LOAD c:/program files (x86)/atollic/truestudio for arm 7.1.2/armtools/bin/../lib/gcc/arm-atollic-eabi/5.3.1/../../../../arm-atollic-eabi/lib/armv7e-m/fpu\libc.a
LOAD c:/program files (x86)/atollic/truestudio for arm 7.1.2/armtools/bin/../lib/gcc/arm-atollic-eabi/5.3.1/../../../../arm-atollic-eabi/lib/armv7e-m/fpu\libnosys.a
END GROUP
LOAD c:/program files (x86)/atollic/truestudio for arm 7.1.2/armtools/bin/../lib/gcc/arm-atollic-eabi/5.3.1/armv7e-m/fpu/crtend.o
LOAD c:/program files (x86)/atollic/truestudio for arm 7.1.2/armtools/bin/../lib/gcc/arm-atollic-eabi/5.3.1/armv7e-m/fpu/crtn.o
                0x20020000                _estack = 0x20020000
                0x00000000                _Min_Heap_Size = 0x0
                0x00000400                _Min_Stack_Size = 0x400

.isr_vector     0x08000000      0x188
                0x08000000                . = ALIGN (0x4)
 *(.isr_vector)
 .isr_vector    0x08000000      0x188 src\startup_stm32f40xx.o
                0x08000000                g_pfnVectors
                0x08000188                . = ALIGN (0x4)

.text           0x08000188     0x56d4
                0x08000188                . = ALIGN (0x4)
 *(.text)
 .text          0x08000188       0x40 c:/program files (x86)/atollic/truestudio for arm 7.1.2/armtools/bin/../lib/gcc/arm-atollic-eabi/5.3.1/armv7e-m/fpu/crtbegin.o
 .text          0x080001c8      0x370 c:/program files (x86)/atollic/truestudio for arm 7.1.2/armtools/bin/../lib/gcc/arm-atollic-eabi/5.3.1/armv7e-m/fpu\libgcc.a(_arm_addsubdf3.o)
                0x080001c8                __aeabi_drsub
                0x080001d0                __aeabi_dsub
                0x080001d0                __subdf3
                0x080001d4                __aeabi_dadd
                0x080001d4                __adddf3
                0x0800044c                __floatunsidf
                0x0800044c                __aeabi_ui2d
                0x0800046c                __floatsidf
                0x0800046c                __aeabi_i2d
                0x08000490                __aeabi_f2d
                0x08000490                __extendsfdf2
                0x080004cc                __floatundidf
                0x080004cc                __aeabi_ul2d
                0x080004dc                __floatdidf
                0x080004dc                __aeabi_l2d
 .text          0x08000538      0x424 c:/program files (x86)/atollic/truestudio for arm 7.1.2/armtools/bin/../lib/gcc/arm-atollic-eabi/5.3.1/armv7e-m/fpu\libgcc.a(_arm_muldivdf3.o)
                0x08000538                __aeabi_dmul
                0x08000538                __muldf3
                0x0800078c                __divdf3
                0x0800078c                __aeabi_ddiv
 .text          0x0800095c       0xa0 c:/program files (x86)/atollic/truestudio for arm 7.1.2/armtools/bin/../lib/gcc/arm-atollic-eabi/5.3.1/armv7e-m/fpu\libgcc.a(_arm_truncdfsf2.o)
                0x0800095c                __truncdfsf2
                0x0800095c                __aeabi_d2f
 *(.text*)
 .text.NVIC_Init
                0x080009fc       0xc4 Libraries\STM32F4xx_StdPeriph_Driver\src\misc.o
                0x080009fc                NVIC_Init
 .text.ADC_DeInit
                0x08000ac0       0x1c Libraries\STM32F4xx_StdPeriph_Driver\src\stm32f4xx_adc.o
                0x08000ac0                ADC_DeInit
 .text.ADC_Init
                0x08000adc       0xac Libraries\STM32F4xx_StdPeriph_Driver\src\stm32f4xx_adc.o
                0x08000adc                ADC_Init
 .text.ADC_StructInit
                0x08000b88       0x40 Libraries\STM32F4xx_StdPeriph_Driver\src\stm32f4xx_adc.o
                0x08000b88                ADC_StructInit
 .text.ADC_CommonInit
                0x08000bc8       0x50 Libraries\STM32F4xx_StdPeriph_Driver\src\stm32f4xx_adc.o
                0x08000bc8                ADC_CommonInit
 .text.ADC_CommonStructInit
                0x08000c18       0x2c Libraries\STM32F4xx_StdPeriph_Driver\src\stm32f4xx_adc.o
                0x08000c18                ADC_CommonStructInit
 .text.ADC_Cmd  0x08000c44       0x38 Libraries\STM32F4xx_StdPeriph_Driver\src\stm32f4xx_adc.o
                0x08000c44                ADC_Cmd
 .text.ADC_RegularChannelConfig
                0x08000c7c      0x194 Libraries\STM32F4xx_StdPeriph_Driver\src\stm32f4xx_adc.o
                0x08000c7c                ADC_RegularChannelConfig
 .text.ADC_DMACmd
                0x08000e10       0x38 Libraries\STM32F4xx_StdPeriph_Driver\src\stm32f4xx_adc.o
                0x08000e10                ADC_DMACmd
 .text.ADC_DMARequestAfterLastTransferCmd
                0x08000e48       0x38 Libraries\STM32F4xx_StdPeriph_Driver\src\stm32f4xx_adc.o
                0x08000e48                ADC_DMARequestAfterLastTransferCmd
 .text.ADC_ClearITPendingBit
                0x08000e80       0x2c Libraries\STM32F4xx_StdPeriph_Driver\src\stm32f4xx_adc.o
                0x08000e80                ADC_ClearITPendingBit
 .text.DAC_Init
                0x08000eac       0x68 Libraries\STM32F4xx_StdPeriph_Driver\src\stm32f4xx_dac.o
                0x08000eac                DAC_Init
 .text.DAC_Cmd  0x08000f14       0x4c Libraries\STM32F4xx_StdPeriph_Driver\src\stm32f4xx_dac.o
                0x08000f14                DAC_Cmd
 .text.DAC_SetChannel1Data
                0x08000f60       0x38 Libraries\STM32F4xx_StdPeriph_Driver\src\stm32f4xx_dac.o
                0x08000f60                DAC_SetChannel1Data
 .text.DMA_DeInit
                0x08000f98      0x1a8 Libraries\STM32F4xx_StdPeriph_Driver\src\stm32f4xx_dma.o
                0x08000f98                DMA_DeInit
 .text.DMA_Init
                0x08001140       0xb0 Libraries\STM32F4xx_StdPeriph_Driver\src\stm32f4xx_dma.o
                0x08001140                DMA_Init
 .text.DMA_StructInit
                0x080011f0       0x70 Libraries\STM32F4xx_StdPeriph_Driver\src\stm32f4xx_dma.o
                0x080011f0                DMA_StructInit
 .text.DMA_Cmd  0x08001260       0x38 Libraries\STM32F4xx_StdPeriph_Driver\src\stm32f4xx_dma.o
                0x08001260                DMA_Cmd
 .text.DMA_GetFlagStatus
                0x08001298       0x78 Libraries\STM32F4xx_StdPeriph_Driver\src\stm32f4xx_dma.o
                0x08001298                DMA_GetFlagStatus
 .text.DMA_ClearFlag
                0x08001310       0x5c Libraries\STM32F4xx_StdPeriph_Driver\src\stm32f4xx_dma.o
                0x08001310                DMA_ClearFlag
 .text.DMA_ITConfig
                0x0800136c       0x74 Libraries\STM32F4xx_StdPeriph_Driver\src\stm32f4xx_dma.o
                0x0800136c                DMA_ITConfig
 .text.EXTI_Init
                0x080013e0       0xe4 Libraries\STM32F4xx_StdPeriph_Driver\src\stm32f4xx_exti.o
                0x080013e0                EXTI_Init
 .text.EXTI_ClearITPendingBit
                0x080014c4       0x20 Libraries\STM32F4xx_StdPeriph_Driver\src\stm32f4xx_exti.o
                0x080014c4                EXTI_ClearITPendingBit
 .text.GPIO_Init
                0x080014e4      0x11c Libraries\STM32F4xx_StdPeriph_Driver\src\stm32f4xx_gpio.o
                0x080014e4                GPIO_Init
 .text.GPIO_StructInit
                0x08001600       0x34 Libraries\STM32F4xx_StdPeriph_Driver\src\stm32f4xx_gpio.o
                0x08001600                GPIO_StructInit
 .text.GPIO_WriteBit
                0x08001634       0x30 Libraries\STM32F4xx_StdPeriph_Driver\src\stm32f4xx_gpio.o
                0x08001634                GPIO_WriteBit
 .text.GPIO_PinAFConfig
                0x08001664       0x94 Libraries\STM32F4xx_StdPeriph_Driver\src\stm32f4xx_gpio.o
                0x08001664                GPIO_PinAFConfig
 .text.I2C_DeInit
                0x080016f8       0x74 Libraries\STM32F4xx_StdPeriph_Driver\src\stm32f4xx_i2c.o
                0x080016f8                I2C_DeInit
 .text.I2C_Init
                0x0800176c      0x184 Libraries\STM32F4xx_StdPeriph_Driver\src\stm32f4xx_i2c.o
                0x0800176c                I2C_Init
 .text.I2C_Cmd  0x080018f0       0x40 Libraries\STM32F4xx_StdPeriph_Driver\src\stm32f4xx_i2c.o
                0x080018f0                I2C_Cmd
 .text.I2C_GenerateSTART
                0x08001930       0x40 Libraries\STM32F4xx_StdPeriph_Driver\src\stm32f4xx_i2c.o
                0x08001930                I2C_GenerateSTART
 .text.I2C_GenerateSTOP
                0x08001970       0x40 Libraries\STM32F4xx_StdPeriph_Driver\src\stm32f4xx_i2c.o
                0x08001970                I2C_GenerateSTOP
 .text.I2C_Send7bitAddress
                0x080019b0       0x3c Libraries\STM32F4xx_StdPeriph_Driver\src\stm32f4xx_i2c.o
                0x080019b0                I2C_Send7bitAddress
 .text.I2C_AcknowledgeConfig
                0x080019ec       0x40 Libraries\STM32F4xx_StdPeriph_Driver\src\stm32f4xx_i2c.o
                0x080019ec                I2C_AcknowledgeConfig
 .text.I2C_SendData
                0x08001a2c       0x20 Libraries\STM32F4xx_StdPeriph_Driver\src\stm32f4xx_i2c.o
                0x08001a2c                I2C_SendData
 .text.I2C_ReceiveData
                0x08001a4c       0x1c Libraries\STM32F4xx_StdPeriph_Driver\src\stm32f4xx_i2c.o
                0x08001a4c                I2C_ReceiveData
 .text.I2C_CheckEvent
                0x08001a68       0x60 Libraries\STM32F4xx_StdPeriph_Driver\src\stm32f4xx_i2c.o
                0x08001a68                I2C_CheckEvent
 .text.I2C_GetFlagStatus
                0x08001ac8       0x68 Libraries\STM32F4xx_StdPeriph_Driver\src\stm32f4xx_i2c.o
                0x08001ac8                I2C_GetFlagStatus
 .text.I2C_ClearFlag
                0x08001b30       0x30 Libraries\STM32F4xx_StdPeriph_Driver\src\stm32f4xx_i2c.o
                0x08001b30                I2C_ClearFlag
 .text.RCC_GetClocksFreq
                0x08001b60      0x154 Libraries\STM32F4xx_StdPeriph_Driver\src\stm32f4xx_rcc.o
                0x08001b60                RCC_GetClocksFreq
 .text.RCC_AHB1PeriphClockCmd
                0x08001cb4       0x40 Libraries\STM32F4xx_StdPeriph_Driver\src\stm32f4xx_rcc.o
                0x08001cb4                RCC_AHB1PeriphClockCmd
 .text.RCC_APB1PeriphClockCmd
                0x08001cf4       0x40 Libraries\STM32F4xx_StdPeriph_Driver\src\stm32f4xx_rcc.o
                0x08001cf4                RCC_APB1PeriphClockCmd
 .text.RCC_APB2PeriphClockCmd
                0x08001d34       0x40 Libraries\STM32F4xx_StdPeriph_Driver\src\stm32f4xx_rcc.o
                0x08001d34                RCC_APB2PeriphClockCmd
 .text.RCC_APB1PeriphResetCmd
                0x08001d74       0x40 Libraries\STM32F4xx_StdPeriph_Driver\src\stm32f4xx_rcc.o
                0x08001d74                RCC_APB1PeriphResetCmd
 .text.RCC_APB2PeriphResetCmd
                0x08001db4       0x40 Libraries\STM32F4xx_StdPeriph_Driver\src\stm32f4xx_rcc.o
                0x08001db4                RCC_APB2PeriphResetCmd
 .text.SPI_I2S_DeInit
                0x08001df4       0xdc Libraries\STM32F4xx_StdPeriph_Driver\src\stm32f4xx_spi.o
                0x08001df4                SPI_I2S_DeInit
 .text.I2S_Init
                0x08001ed0      0x1b4 Libraries\STM32F4xx_StdPeriph_Driver\src\stm32f4xx_spi.o
                0x08001ed0                I2S_Init
 .text.I2S_Cmd  0x08002084       0x40 Libraries\STM32F4xx_StdPeriph_Driver\src\stm32f4xx_spi.o
                0x08002084                I2S_Cmd
 .text.SPI_I2S_SendData
                0x080020c4       0x20 Libraries\STM32F4xx_StdPeriph_Driver\src\stm32f4xx_spi.o
                0x080020c4                SPI_I2S_SendData
 .text.SPI_I2S_DMACmd
                0x080020e4       0x48 Libraries\STM32F4xx_StdPeriph_Driver\src\stm32f4xx_spi.o
                0x080020e4                SPI_I2S_DMACmd
 .text.SPI_I2S_ITConfig
                0x0800212c       0x64 Libraries\STM32F4xx_StdPeriph_Driver\src\stm32f4xx_spi.o
                0x0800212c                SPI_I2S_ITConfig
 .text.SPI_I2S_GetFlagStatus
                0x08002190       0x38 Libraries\STM32F4xx_StdPeriph_Driver\src\stm32f4xx_spi.o
                0x08002190                SPI_I2S_GetFlagStatus
 .text.SYSCFG_EXTILineConfig
                0x080021c8       0x84 Libraries\STM32F4xx_StdPeriph_Driver\src\stm32f4xx_syscfg.o
                0x080021c8                SYSCFG_EXTILineConfig
 .text.TIM_TimeBaseInit
                0x0800224c       0xd8 Libraries\STM32F4xx_StdPeriph_Driver\src\stm32f4xx_tim.o
                0x0800224c                TIM_TimeBaseInit
 .text.TIM_TimeBaseStructInit
                0x08002324       0x34 Libraries\STM32F4xx_StdPeriph_Driver\src\stm32f4xx_tim.o
                0x08002324                TIM_TimeBaseStructInit
 .text.TIM_Cmd  0x08002358       0x40 Libraries\STM32F4xx_StdPeriph_Driver\src\stm32f4xx_tim.o
                0x08002358                TIM_Cmd
 .text.TIM_ITConfig
                0x08002398       0x48 Libraries\STM32F4xx_StdPeriph_Driver\src\stm32f4xx_tim.o
                0x08002398                TIM_ITConfig
 .text.TIM_ClearITPendingBit
                0x080023e0       0x24 Libraries\STM32F4xx_StdPeriph_Driver\src\stm32f4xx_tim.o
                0x080023e0                TIM_ClearITPendingBit
 .text.TIM_SelectOutputTrigger
                0x08002404       0x38 Libraries\STM32F4xx_StdPeriph_Driver\src\stm32f4xx_tim.o
                0x08002404                TIM_SelectOutputTrigger
 .text.STM_EVAL_LEDOn
                0x0800243c       0x30 Utilities\STM32F4-Discovery\stm32f4_discovery.o
                0x0800243c                STM_EVAL_LEDOn
 .text.EVAL_AUDIO_Init
                0x0800246c       0x58 Utilities\STM32F4-Discovery\stm32f4_discovery_audio_codec.o
                0x0800246c                EVAL_AUDIO_Init
 .text.EVAL_AUDIO_Play
                0x080024c4       0x6c Utilities\STM32F4-Discovery\stm32f4_discovery_audio_codec.o
                0x080024c4                EVAL_AUDIO_Play
 .text.Audio_MAL_IRQHandler
                0x08002530      0x100 Utilities\STM32F4-Discovery\stm32f4_discovery_audio_codec.o
 .text.DMA1_Stream7_IRQHandler
                0x08002630        0xc Utilities\STM32F4-Discovery\stm32f4_discovery_audio_codec.o
                0x08002630                DMA1_Stream7_IRQHandler
 .text.DMA1_Stream0_IRQHandler
                0x0800263c        0xc Utilities\STM32F4-Discovery\stm32f4_discovery_audio_codec.o
                0x0800263c                DMA1_Stream0_IRQHandler
 .text.SPI3_IRQHandler
                0x08002648       0x44 Utilities\STM32F4-Discovery\stm32f4_discovery_audio_codec.o
                0x08002648                SPI3_IRQHandler
 .text.Codec_Init
                0x0800268c      0x158 Utilities\STM32F4-Discovery\stm32f4_discovery_audio_codec.o
 .text.Codec_Play
                0x080027e4       0x10 Utilities\STM32F4-Discovery\stm32f4_discovery_audio_codec.o
 .text.Codec_VolumeCtrl
                0x080027f4       0x78 Utilities\STM32F4-Discovery\stm32f4_discovery_audio_codec.o
 .text.Codec_Reset
                0x0800286c       0x28 Utilities\STM32F4-Discovery\stm32f4_discovery_audio_codec.o
 .text.Codec_WriteRegister
                0x08002894      0x160 Utilities\STM32F4-Discovery\stm32f4_discovery_audio_codec.o
 .text.Codec_ReadRegister
                0x080029f4      0x208 Utilities\STM32F4-Discovery\stm32f4_discovery_audio_codec.o
 .text.Codec_CtrlInterface_Init
                0x08002bfc       0x58 Utilities\STM32F4-Discovery\stm32f4_discovery_audio_codec.o
 .text.Codec_AudioInterface_Init
                0x08002c54       0x84 Utilities\STM32F4-Discovery\stm32f4_discovery_audio_codec.o
 .text.Codec_GPIO_Init
                0x08002cd8      0x120 Utilities\STM32F4-Discovery\stm32f4_discovery_audio_codec.o
 .text.Delay    0x08002df8       0x24 Utilities\STM32F4-Discovery\stm32f4_discovery_audio_codec.o
 .text.Audio_MAL_Init
                0x08002e1c      0x150 Utilities\STM32F4-Discovery\stm32f4_discovery_audio_codec.o
 .text.Audio_MAL_Play
                0x08002f6c       0x8c Utilities\STM32F4-Discovery\stm32f4_discovery_audio_codec.o
                0x08002f6c                Audio_MAL_Play
 .text.DAC_Config
                0x08002ff8       0x60 Utilities\STM32F4-Discovery\stm32f4_discovery_audio_codec.o
                0x08002ff8                DAC_Config
 .text.init_adc
                0x08003058      0x294 src\init_io.o
                0x08003058                init_adc
 .text.init_gpios
                0x080032ec       0xe4 src\init_io.o
                0x080032ec                init_gpios
 .text.init_push_buttons
                0x080033d0      0x14c src\init_io.o
                0x080033d0                init_push_buttons
 .text.main     0x0800351c       0x38 src\main.o
                0x0800351c                main
 .text.Codec_TIMEOUT_UserCallback
                0x08003554       0x10 src\main.o
                0x08003554                Codec_TIMEOUT_UserCallback
 .text.EVAL_AUDIO_HalfTransfer_CallBack
                0x08003564       0x1c src\main.o
                0x08003564                EVAL_AUDIO_HalfTransfer_CallBack
 .text.EVAL_AUDIO_TransferComplete_CallBack
                0x08003580       0x20 src\main.o
                0x08003580                EVAL_AUDIO_TransferComplete_CallBack
 .text.EVAL_AUDIO_GetSampleCallBack
                0x080035a0       0x10 src\main.o
                0x080035a0                EVAL_AUDIO_GetSampleCallBack
 .text.EVAL_AUDIO_Error_CallBack
                0x080035b0       0x18 src\main.o
                0x080035b0                EVAL_AUDIO_Error_CallBack
 .text.generate_waveforms
                0x080035c8      0xfec src\osc.o
                0x080035c8                generate_waveforms
 .text.adsr     0x080045b4      0x748 src\osc.o
                0x080045b4                adsr
 .text.gen_square_angle
                0x08004cfc       0x50 src\osc.o
                0x08004cfc                gen_square_angle
 .text.gen_sawtooth_angle
                0x08004d4c       0x5c src\osc.o
                0x08004d4c                gen_sawtooth_angle
 .text.gen_sawtooth_integral_angle
                0x08004da8       0x80 src\osc.o
                0x08004da8                gen_sawtooth_integral_angle
 .text.gen_rampdown_angle
                0x08004e28       0x5c src\osc.o
                0x08004e28                gen_rampdown_angle
 *fill*         0x08004e84        0x4 
 .text.gen_rampdown_angle2
                0x08004e88       0x94 src\osc.o
                0x08004e88                gen_rampdown_angle2
 .text.gen_triangle_angle
                0x08004f1c       0x8c src\osc.o
                0x08004f1c                gen_triangle_angle
 .text.gen_triangle_integral_angle
                0x08004fa8      0x108 src\osc.o
                0x08004fa8                gen_triangle_integral_angle
 .text.fast_fmod
                0x080050b0       0x48 src\osc.o
                0x080050b0                fast_fmod
 .text.moving_avg
                0x080050f8       0x48 src\osc.o
                0x080050f8                moving_avg
 .text.pseudo_log
                0x08005140      0x110 src\osc.o
                0x08005140                pseudo_log
 .text.Reset_Handler
                0x08005250       0x50 src\startup_stm32f40xx.o
                0x08005250                Reset_Handler
 .text.Default_Handler
                0x080052a0        0x2 src\startup_stm32f40xx.o
                0x080052a0                RTC_Alarm_IRQHandler
                0x080052a0                HASH_RNG_IRQHandler
                0x080052a0                TIM8_CC_IRQHandler
                0x080052a0                TIM1_CC_IRQHandler
                0x080052a0                DMA2_Stream5_IRQHandler
                0x080052a0                DMA1_Stream5_IRQHandler
                0x080052a0                PVD_IRQHandler
                0x080052a0                SDIO_IRQHandler
                0x080052a0                TAMP_STAMP_IRQHandler
                0x080052a0                CAN2_RX1_IRQHandler
                0x080052a0                TIM8_TRG_COM_TIM14_IRQHandler
                0x080052a0                TIM1_UP_TIM10_IRQHandler
                0x080052a0                TIM8_UP_TIM13_IRQHandler
                0x080052a0                I2C3_ER_IRQHandler
                0x080052a0                I2C2_EV_IRQHandler
                0x080052a0                DMA1_Stream2_IRQHandler
                0x080052a0                CAN1_RX0_IRQHandler
                0x080052a0                FPU_IRQHandler
                0x080052a0                OTG_HS_WKUP_IRQHandler
                0x080052a0                CAN2_SCE_IRQHandler
                0x080052a0                DMA2_Stream2_IRQHandler
                0x080052a0                SPI1_IRQHandler
                0x080052a0                TIM6_DAC_IRQHandler
                0x080052a0                TIM1_BRK_TIM9_IRQHandler
                0x080052a0                DCMI_IRQHandler
                0x080052a0                CAN2_RX0_IRQHandler
                0x080052a0                DMA2_Stream3_IRQHandler
                0x080052a0                USART6_IRQHandler
                0x080052a0                USART3_IRQHandler
                0x080052a0                CRYP_IRQHandler
                0x080052a0                CAN1_RX1_IRQHandler
                0x080052a0                UART5_IRQHandler
                0x080052a0                DMA2_Stream0_IRQHandler
                0x080052a0                I2C1_EV_IRQHandler
                0x080052a0                DMA1_Stream6_IRQHandler
                0x080052a0                DMA1_Stream1_IRQHandler
                0x080052a0                UART4_IRQHandler
                0x080052a0                RCC_IRQHandler
                0x080052a0                TIM8_BRK_TIM12_IRQHandler
                0x080052a0                Default_Handler
                0x080052a0                TIM7_IRQHandler
                0x080052a0                CAN2_TX_IRQHandler
                0x080052a0                TIM5_IRQHandler
                0x080052a0                DMA2_Stream7_IRQHandler
                0x080052a0                I2C3_EV_IRQHandler
                0x080052a0                RTC_WKUP_IRQHandler
                0x080052a0                ETH_WKUP_IRQHandler
                0x080052a0                SPI2_IRQHandler
                0x080052a0                OTG_HS_EP1_IN_IRQHandler
                0x080052a0                CAN1_TX_IRQHandler
                0x080052a0                EXTI4_IRQHandler
                0x080052a0                FSMC_IRQHandler
                0x080052a0                ETH_IRQHandler
                0x080052a0                OTG_HS_EP1_OUT_IRQHandler
                0x080052a0                WWDG_IRQHandler
                0x080052a0                TIM2_IRQHandler
                0x080052a0                OTG_FS_WKUP_IRQHandler
                0x080052a0                TIM1_TRG_COM_TIM11_IRQHandler
                0x080052a0                OTG_HS_IRQHandler
                0x080052a0                USART2_IRQHandler
                0x080052a0                I2C2_ER_IRQHandler
                0x080052a0                DMA2_Stream1_IRQHandler
                0x080052a0                CAN1_SCE_IRQHandler
                0x080052a0                FLASH_IRQHandler
                0x080052a0                DMA2_Stream4_IRQHandler
                0x080052a0                USART1_IRQHandler
                0x080052a0                OTG_FS_IRQHandler
                0x080052a0                DMA1_Stream4_IRQHandler
                0x080052a0                I2C1_ER_IRQHandler
                0x080052a0                DMA2_Stream6_IRQHandler
                0x080052a0                DMA1_Stream3_IRQHandler
 *fill*         0x080052a2        0x2 
 .text.NMI_Handler
                0x080052a4       0x10 src\stm32f4xx_it.o
                0x080052a4                NMI_Handler
 .text.HardFault_Handler
                0x080052b4        0x8 src\stm32f4xx_it.o
                0x080052b4                HardFault_Handler
 .text.MemManage_Handler
                0x080052bc        0x8 src\stm32f4xx_it.o
                0x080052bc                MemManage_Handler
 .text.BusFault_Handler
                0x080052c4        0x8 src\stm32f4xx_it.o
                0x080052c4                BusFault_Handler
 .text.UsageFault_Handler
                0x080052cc        0x8 src\stm32f4xx_it.o
                0x080052cc                UsageFault_Handler
 .text.SVC_Handler
                0x080052d4       0x10 src\stm32f4xx_it.o
                0x080052d4                SVC_Handler
 .text.DebugMon_Handler
                0x080052e4       0x10 src\stm32f4xx_it.o
                0x080052e4                DebugMon_Handler
 .text.PendSV_Handler
                0x080052f4       0x10 src\stm32f4xx_it.o
                0x080052f4                PendSV_Handler
 .text.SysTick_Handler
                0x08005304       0x10 src\stm32f4xx_it.o
                0x08005304                SysTick_Handler
 .text.EXTI0_IRQHandler
                0x08005314       0x34 src\stm32f4xx_it.o
                0x08005314                EXTI0_IRQHandler
 .text.EXTI1_IRQHandler
                0x08005348       0x34 src\stm32f4xx_it.o
                0x08005348                EXTI1_IRQHandler
 .text.EXTI2_IRQHandler
                0x0800537c       0x34 src\stm32f4xx_it.o
                0x0800537c                EXTI2_IRQHandler
 .text.EXTI3_IRQHandler
                0x080053b0       0x34 src\stm32f4xx_it.o
                0x080053b0                EXTI3_IRQHandler
 .text.EXTI9_5_IRQHandler
                0x080053e4       0x2c src\stm32f4xx_it.o
                0x080053e4                EXTI9_5_IRQHandler
 .text.EXTI15_10_IRQHandler
                0x08005410       0x2c src\stm32f4xx_it.o
                0x08005410                EXTI15_10_IRQHandler
 .text.TIM3_IRQHandler
                0x0800543c       0x60 src\stm32f4xx_it.o
                0x0800543c                TIM3_IRQHandler
 .text.TIM4_IRQHandler
                0x0800549c       0x1c src\stm32f4xx_it.o
                0x0800549c                TIM4_IRQHandler
 .text.ADC_IRQHandler
                0x080054b8       0x18 src\stm32f4xx_it.o
                0x080054b8                ADC_IRQHandler
 .text.SystemInit
                0x080054d0       0x6c src\system_stm32f4xx.o
                0x080054d0                SystemInit
 .text.SetSysClock
                0x0800553c      0x128 src\system_stm32f4xx.o
 .text.update_vco_wave
                0x08005664       0x2c src\user_interface.o
                0x08005664                update_vco_wave
 .text.update_lfo_wave
                0x08005690       0x2c src\user_interface.o
                0x08005690                update_lfo_wave
 .text.update_lfo_mod
                0x080056bc       0x40 src\user_interface.o
                0x080056bc                update_lfo_mod
 .text.update_adsr_mod
                0x080056fc       0x40 src\user_interface.o
                0x080056fc                update_adsr_mod
 .text.init_state
                0x0800573c       0x44 src\user_interface.o
                0x0800573c                init_state
 .text.arm_sin_f32
                0x08005780       0x78 C:\stm32_workspace\STM32F4xx_DSP_StdPeriph_Lib_V1.8.0\Libraries\CMSIS\Lib\GCC\libarm_cortexM4lf_math.a(arm_sin_f32.o)
                0x08005780                arm_sin_f32
 .text.__libc_init_array
                0x080057f8       0x4c c:/program files (x86)/atollic/truestudio for arm 7.1.2/armtools/bin/../lib/gcc/arm-atollic-eabi/5.3.1/../../../../arm-atollic-eabi/lib/armv7e-m/fpu\libc.a(lib_a-init.o)
                0x080057f8                __libc_init_array
 *(.glue_7)
 .glue_7        0x08005844        0x0 linker stubs
 *(.glue_7t)
 .glue_7t       0x08005844        0x0 linker stubs
 *(.eh_frame)
 .eh_frame      0x08005844        0x0 c:/program files (x86)/atollic/truestudio for arm 7.1.2/armtools/bin/../lib/gcc/arm-atollic-eabi/5.3.1/armv7e-m/fpu/crtbegin.o
 *(.init)
 .init          0x08005844        0x4 c:/program files (x86)/atollic/truestudio for arm 7.1.2/armtools/bin/../lib/gcc/arm-atollic-eabi/5.3.1/armv7e-m/fpu/crti.o
                0x08005844                _init
 .init          0x08005848        0x8 c:/program files (x86)/atollic/truestudio for arm 7.1.2/armtools/bin/../lib/gcc/arm-atollic-eabi/5.3.1/armv7e-m/fpu/crtn.o
 *(.fini)
 .fini          0x08005850        0x4 c:/program files (x86)/atollic/truestudio for arm 7.1.2/armtools/bin/../lib/gcc/arm-atollic-eabi/5.3.1/armv7e-m/fpu/crti.o
                0x08005850                _fini
 .fini          0x08005854        0x8 c:/program files (x86)/atollic/truestudio for arm 7.1.2/armtools/bin/../lib/gcc/arm-atollic-eabi/5.3.1/armv7e-m/fpu/crtn.o
                0x0800585c                . = ALIGN (0x4)
                0x0800585c                _etext = .

.vfp11_veneer   0x0800585c        0x0
 .vfp11_veneer  0x0800585c        0x0 linker stubs

.v4_bx          0x0800585c        0x0
 .v4_bx         0x0800585c        0x0 linker stubs

.iplt           0x0800585c        0x0
 .iplt          0x0800585c        0x0 c:/program files (x86)/atollic/truestudio for arm 7.1.2/armtools/bin/../lib/gcc/arm-atollic-eabi/5.3.1/armv7e-m/fpu/crtbegin.o

.rodata         0x0800585c      0x80c
                0x0800585c                . = ALIGN (0x4)
 *(.rodata)
 *(.rodata*)
 .rodata.GPIO_PIN
                0x0800585c        0x8 Utilities\STM32F4-Discovery\stm32f4_discovery.o
                0x0800585c                GPIO_PIN
 .rodata.sinTable_f32
                0x08005864      0x804 C:\stm32_workspace\STM32F4xx_DSP_StdPeriph_Lib_V1.8.0\Libraries\CMSIS\Lib\GCC\libarm_cortexM4lf_math.a(arm_common_tables.o)
                0x08005864                sinTable_f32
                0x08006068                . = ALIGN (0x4)

.rel.dyn        0x08006068        0x0
 .rel.iplt      0x08006068        0x0 c:/program files (x86)/atollic/truestudio for arm 7.1.2/armtools/bin/../lib/gcc/arm-atollic-eabi/5.3.1/armv7e-m/fpu/crtbegin.o

.ARM.extab
 *(.ARM.extab* .gnu.linkonce.armextab.*)

.ARM            0x08006068        0x0
                0x08006068                __exidx_start = .
 *(.ARM.exidx*)
                0x08006068                __exidx_end = .

.preinit_array  0x08006068        0x0
                0x08006068                PROVIDE (__preinit_array_start, .)
 *(.preinit_array*)
                0x08006068                PROVIDE (__preinit_array_end, .)

.init_array     0x08006068        0x4
                0x08006068                PROVIDE (__init_array_start, .)
 *(SORT(.init_array.*))
 *(.init_array*)
 .init_array    0x08006068        0x4 c:/program files (x86)/atollic/truestudio for arm 7.1.2/armtools/bin/../lib/gcc/arm-atollic-eabi/5.3.1/armv7e-m/fpu/crtbegin.o
                0x0800606c                PROVIDE (__init_array_end, .)

.fini_array     0x0800606c        0x4
                [!provide]                PROVIDE (__fini_array_start, .)
 *(SORT(.fini_array.*))
 *(.fini_array*)
 .fini_array    0x0800606c        0x4 c:/program files (x86)/atollic/truestudio for arm 7.1.2/armtools/bin/../lib/gcc/arm-atollic-eabi/5.3.1/armv7e-m/fpu/crtbegin.o
                [!provide]                PROVIDE (__fini_array_end, .)
                0x08006070                _sidata = LOADADDR (.data)

.data           0x20000000       0xa0 load address 0x08006070
                0x20000000                . = ALIGN (0x4)
                0x20000000                _sdata = .
 *(.data)
 *(.data*)
 .data.APBAHBPrescTable
                0x20000000       0x10 Libraries\STM32F4xx_StdPeriph_Driver\src\stm32f4xx_rcc.o
 .data.GPIO_PORT
                0x20000010       0x10 Utilities\STM32F4-Discovery\stm32f4_discovery.o
                0x20000010                GPIO_PORT
 .data.AudioTotalSize
                0x20000020        0x4 Utilities\STM32F4-Discovery\stm32f4_discovery_audio_codec.o
                0x20000020                AudioTotalSize
 .data.AudioRemSize
                0x20000024        0x4 Utilities\STM32F4-Discovery\stm32f4_discovery_audio_codec.o
                0x20000024                AudioRemSize
 .data.CODECTimeout
                0x20000028        0x4 Utilities\STM32F4-Discovery\stm32f4_discovery_audio_codec.o
                0x20000028                CODECTimeout
 .data.CurrAudioInterface
                0x2000002c        0x4 Utilities\STM32F4-Discovery\stm32f4_discovery_audio_codec.o
                0x2000002c                CurrAudioInterface
 .data.AUDIO_MAL_DMA_CLOCK
                0x20000030        0x4 Utilities\STM32F4-Discovery\stm32f4_discovery_audio_codec.o
                0x20000030                AUDIO_MAL_DMA_CLOCK
 .data.AUDIO_MAL_DMA_STREAM
                0x20000034        0x4 Utilities\STM32F4-Discovery\stm32f4_discovery_audio_codec.o
                0x20000034                AUDIO_MAL_DMA_STREAM
 .data.AUDIO_MAL_DMA_DREG
                0x20000038        0x4 Utilities\STM32F4-Discovery\stm32f4_discovery_audio_codec.o
                0x20000038                AUDIO_MAL_DMA_DREG
 .data.AUDIO_MAL_DMA_IRQ
                0x2000003c        0x4 Utilities\STM32F4-Discovery\stm32f4_discovery_audio_codec.o
                0x2000003c                AUDIO_MAL_DMA_IRQ
 .data.AUDIO_MAL_DMA_FLAG_TC
                0x20000040        0x4 Utilities\STM32F4-Discovery\stm32f4_discovery_audio_codec.o
                0x20000040                AUDIO_MAL_DMA_FLAG_TC
 .data.AUDIO_MAL_DMA_FLAG_HT
                0x20000044        0x4 Utilities\STM32F4-Discovery\stm32f4_discovery_audio_codec.o
                0x20000044                AUDIO_MAL_DMA_FLAG_HT
 .data.AUDIO_MAL_DMA_FLAG_FE
                0x20000048        0x4 Utilities\STM32F4-Discovery\stm32f4_discovery_audio_codec.o
                0x20000048                AUDIO_MAL_DMA_FLAG_FE
 .data.AUDIO_MAL_DMA_FLAG_TE
                0x2000004c        0x4 Utilities\STM32F4-Discovery\stm32f4_discovery_audio_codec.o
                0x2000004c                AUDIO_MAL_DMA_FLAG_TE
 .data.AUDIO_MAL_DMA_FLAG_DME
                0x20000050        0x4 Utilities\STM32F4-Discovery\stm32f4_discovery_audio_codec.o
                0x20000050                AUDIO_MAL_DMA_FLAG_DME
 .data.osc      0x20000054       0x48 src\osc.o
                0x20000054                osc
 .data.theta_adsr
                0x2000009c        0x4 src\osc.o
                0x2000009c                theta_adsr
                0x200000a0                . = ALIGN (0x4)
                0x200000a0                _edata = .
                0x08006110                _siccmram = LOADADDR (.ccmram)

.igot.plt       0x200000a0        0x0 load address 0x08006110
 .igot.plt      0x200000a0        0x0 c:/program files (x86)/atollic/truestudio for arm 7.1.2/armtools/bin/../lib/gcc/arm-atollic-eabi/5.3.1/armv7e-m/fpu/crtbegin.o

.ccmram         0x10000000        0x0 load address 0x08006110
                0x10000000                . = ALIGN (0x4)
                0x10000000                _sccmram = .
 *(.ccmram)
 *(.ccmram*)
                0x10000000                . = ALIGN (0x4)
                0x10000000                _eccmram = .
                0x10000000                . = ALIGN (0x4)

.bss            0x200000a0     0x44cc
                0x200000a0                _sbss = .
                0x200000a0                __bss_start__ = _sbss
 *(.bss)
 .bss           0x200000a0       0x1c c:/program files (x86)/atollic/truestudio for arm 7.1.2/armtools/bin/../lib/gcc/arm-atollic-eabi/5.3.1/armv7e-m/fpu/crtbegin.o
 *(.bss*)
 .bss.OutputDev
                0x200000bc        0x1 Utilities\STM32F4-Discovery\stm32f4_discovery_audio_codec.o
                0x200000bc                OutputDev
 *fill*         0x200000bd        0x3 
 .bss.AUDIO_MAL_DMA_CHANNEL
                0x200000c0        0x4 Utilities\STM32F4-Discovery\stm32f4_discovery_audio_codec.o
                0x200000c0                AUDIO_MAL_DMA_CHANNEL
 .bss.buffer_output
                0x200000c4      0x800 src\osc.o
                0x200000c4                buffer_output
 .bss.buffer_output2
                0x200008c4      0x800 src\osc.o
                0x200008c4                buffer_output2
 .bss.buffer_lfo_float
                0x200010c4     0x1000 src\osc.o
                0x200010c4                buffer_lfo_float
 .bss.buffer_adsr_am
                0x200020c4     0x1000 src\osc.o
                0x200020c4                buffer_adsr_am
 .bss.buffer_adsr_fm
                0x200030c4     0x1000 src\osc.o
                0x200030c4                buffer_adsr_fm
 .bss.sample_count_adsr
                0x200040c4        0x4 src\osc.o
                0x200040c4                sample_count_adsr
 .bss.mov_avg1  0x200040c8       0x80 src\osc.o
                0x200040c8                mov_avg1
 .bss.mov_avg_index1
                0x20004148        0x4 src\osc.o
                0x20004148                mov_avg_index1
 .bss.mov_avg2  0x2000414c       0x80 src\osc.o
                0x2000414c                mov_avg2
 .bss.mov_avg_index2
                0x200041cc        0x4 src\osc.o
                0x200041cc                mov_avg_index2
 .bss.mov_avg3  0x200041d0       0x80 src\osc.o
                0x200041d0                mov_avg3
 .bss.mov_avg_index3
                0x20004250        0x4 src\osc.o
                0x20004250                mov_avg_index3
 .bss.mov_avg4  0x20004254       0x80 src\osc.o
                0x20004254                mov_avg4
 .bss.mov_avg_index4
                0x200042d4        0x4 src\osc.o
                0x200042d4                mov_avg_index4
 .bss.mov_avg5  0x200042d8       0x80 src\osc.o
                0x200042d8                mov_avg5
 .bss.mov_avg_index5
                0x20004358        0x4 src\osc.o
                0x20004358                mov_avg_index5
 .bss.mov_avg6  0x2000435c       0x80 src\osc.o
                0x2000435c                mov_avg6
 .bss.mov_avg_index6
                0x200043dc        0x4 src\osc.o
                0x200043dc                mov_avg_index6
 .bss.mov_avg7  0x200043e0       0x80 src\osc.o
                0x200043e0                mov_avg7
 .bss.mov_avg_index7
                0x20004460        0x4 src\osc.o
                0x20004460                mov_avg_index7
 .bss.delta     0x20004464        0x4 src\osc.o
                0x20004464                delta
 .bss.theta_vco
                0x20004468        0x4 src\osc.o
                0x20004468                theta_vco
 .bss.theta_vco2
                0x2000446c        0x4 src\osc.o
                0x2000446c                theta_vco2
 .bss.theta_lfo
                0x20004470        0x4 src\osc.o
                0x20004470                theta_lfo
 *(COMMON)
 COMMON         0x20004474       0x7c Utilities\STM32F4-Discovery\stm32f4_discovery_audio_codec.o
                0x20004474                CurrentPos
                0x20004478                AUDIO_MAL_DMA_InitStructure
                0x200044b4                DMA_InitStructure
 COMMON         0x200044f0       0x30 src\init_io.o
                0x200044f0                lfo_wave
                0x200044f1                vco_wave
                0x200044f4                adsr_mod
                0x200044f8                ADCBuffer
                0x20004514                the_button
                0x2000451c                lfo_mod
 COMMON         0x20004520       0x4c src\osc.o
                0x20004520                mov_avg_sum4
                0x20004524                mov_avg_sum5
                0x20004528                adsr_settings
                0x20004558                mov_avg_sum1
                0x2000455c                mov_avg_sum6
                0x20004560                mov_avg_sum2
                0x20004564                mov_avg_sum3
                0x20004568                mov_avg_sum7
                0x2000456c                . = ALIGN (0x4)
                0x2000456c                _ebss = .
                0x2000456c                __bss_end__ = _ebss

._user_heap_stack
                0x2000456c      0x400
                0x2000456c                . = ALIGN (0x4)
                [!provide]                PROVIDE (end, .)
                [!provide]                PROVIDE (_end, .)
                0x2000456c                . = (. + _Min_Heap_Size)
                0x2000496c                . = (. + _Min_Stack_Size)
 *fill*         0x2000456c      0x400 
                0x2000496c                . = ALIGN (0x4)

.memory_b1_text
 *(.mb1text)
 *(.mb1text*)
 *(.mb1rodata)
 *(.mb1rodata*)

/DISCARD/
 libc.a(*)
 libm.a(*)
 libgcc.a(*)

.ARM.attributes
                0x00000000       0x2e
 *(.ARM.attributes)
 .ARM.attributes
                0x00000000       0x22 c:/program files (x86)/atollic/truestudio for arm 7.1.2/armtools/bin/../lib/gcc/arm-atollic-eabi/5.3.1/armv7e-m/fpu/crti.o
 .ARM.attributes
                0x00000022       0x34 c:/program files (x86)/atollic/truestudio for arm 7.1.2/armtools/bin/../lib/gcc/arm-atollic-eabi/5.3.1/armv7e-m/fpu/crtbegin.o
 .ARM.attributes
                0x00000056       0x39 Libraries\STM32F4xx_StdPeriph_Driver\src\misc.o
 .ARM.attributes
                0x0000008f       0x39 Libraries\STM32F4xx_StdPeriph_Driver\src\stm32f4xx_adc.o
 .ARM.attributes
                0x000000c8       0x39 Libraries\STM32F4xx_StdPeriph_Driver\src\stm32f4xx_dac.o
 .ARM.attributes
                0x00000101       0x39 Libraries\STM32F4xx_StdPeriph_Driver\src\stm32f4xx_dma.o
 .ARM.attributes
                0x0000013a       0x39 Libraries\STM32F4xx_StdPeriph_Driver\src\stm32f4xx_exti.o
 .ARM.attributes
                0x00000173       0x39 Libraries\STM32F4xx_StdPeriph_Driver\src\stm32f4xx_gpio.o
 .ARM.attributes
                0x000001ac       0x39 Libraries\STM32F4xx_StdPeriph_Driver\src\stm32f4xx_i2c.o
 .ARM.attributes
                0x000001e5       0x39 Libraries\STM32F4xx_StdPeriph_Driver\src\stm32f4xx_rcc.o
 .ARM.attributes
                0x0000021e       0x39 Libraries\STM32F4xx_StdPeriph_Driver\src\stm32f4xx_spi.o
 .ARM.attributes
                0x00000257       0x39 Libraries\STM32F4xx_StdPeriph_Driver\src\stm32f4xx_syscfg.o
 .ARM.attributes
                0x00000290       0x39 Libraries\STM32F4xx_StdPeriph_Driver\src\stm32f4xx_tim.o
 .ARM.attributes
                0x000002c9       0x39 Utilities\STM32F4-Discovery\stm32f4_discovery.o
 .ARM.attributes
                0x00000302       0x39 Utilities\STM32F4-Discovery\stm32f4_discovery_audio_codec.o
 .ARM.attributes
                0x0000033b       0x39 src\init_io.o
 .ARM.attributes
                0x00000374       0x39 src\main.o
 .ARM.attributes
                0x000003ad       0x39 src\osc.o
 .ARM.attributes
                0x000003e6       0x21 src\startup_stm32f40xx.o
 .ARM.attributes
                0x00000407       0x39 src\stm32f4xx_it.o
 .ARM.attributes
                0x00000440       0x39 src\system_stm32f4xx.o
 .ARM.attributes
                0x00000479       0x39 src\user_interface.o
 .ARM.attributes
                0x000004b2       0x39 C:\stm32_workspace\STM32F4xx_DSP_StdPeriph_Lib_V1.8.0\Libraries\CMSIS\Lib\GCC\libarm_cortexM4lf_math.a(arm_sin_f32.o)
 .ARM.attributes
                0x000004eb       0x39 C:\stm32_workspace\STM32F4xx_DSP_StdPeriph_Lib_V1.8.0\Libraries\CMSIS\Lib\GCC\libarm_cortexM4lf_math.a(arm_common_tables.o)
 .ARM.attributes
                0x00000524       0x34 c:/program files (x86)/atollic/truestudio for arm 7.1.2/armtools/bin/../lib/gcc/arm-atollic-eabi/5.3.1/../../../../arm-atollic-eabi/lib/armv7e-m/fpu\libc.a(lib_a-init.o)
 .ARM.attributes
                0x00000558       0x22 c:/program files (x86)/atollic/truestudio for arm 7.1.2/armtools/bin/../lib/gcc/arm-atollic-eabi/5.3.1/armv7e-m/fpu\libgcc.a(_arm_addsubdf3.o)
 .ARM.attributes
                0x0000057a       0x22 c:/program files (x86)/atollic/truestudio for arm 7.1.2/armtools/bin/../lib/gcc/arm-atollic-eabi/5.3.1/armv7e-m/fpu\libgcc.a(_arm_muldivdf3.o)
 .ARM.attributes
                0x0000059c       0x22 c:/program files (x86)/atollic/truestudio for arm 7.1.2/armtools/bin/../lib/gcc/arm-atollic-eabi/5.3.1/armv7e-m/fpu\libgcc.a(_arm_truncdfsf2.o)
 .ARM.attributes
                0x000005be       0x22 c:/program files (x86)/atollic/truestudio for arm 7.1.2/armtools/bin/../lib/gcc/arm-atollic-eabi/5.3.1/armv7e-m/fpu/crtn.o
OUTPUT(synth_02.elf elf32-littlearm)

.debug_info     0x00000000     0xbdec
 .debug_info    0x00000000      0x55a Libraries\STM32F4xx_StdPeriph_Driver\src\misc.o
 .debug_info    0x0000055a      0xc44 Libraries\STM32F4xx_StdPeriph_Driver\src\stm32f4xx_adc.o
 .debug_info    0x0000119e      0x649 Libraries\STM32F4xx_StdPeriph_Driver\src\stm32f4xx_dac.o
 .debug_info    0x000017e7      0x745 Libraries\STM32F4xx_StdPeriph_Driver\src\stm32f4xx_dma.o
 .debug_info    0x00001f2c      0x35b Libraries\STM32F4xx_StdPeriph_Driver\src\stm32f4xx_exti.o
 .debug_info    0x00002287      0x621 Libraries\STM32F4xx_StdPeriph_Driver\src\stm32f4xx_gpio.o
 .debug_info    0x000028a8      0xb97 Libraries\STM32F4xx_StdPeriph_Driver\src\stm32f4xx_i2c.o
 .debug_info    0x0000343f      0xc8d Libraries\STM32F4xx_StdPeriph_Driver\src\stm32f4xx_rcc.o
 .debug_info    0x000040cc      0xb13 Libraries\STM32F4xx_StdPeriph_Driver\src\stm32f4xx_spi.o
 .debug_info    0x00004bdf      0x278 Libraries\STM32F4xx_StdPeriph_Driver\src\stm32f4xx_syscfg.o
 .debug_info    0x00004e57     0x1c6d Libraries\STM32F4xx_StdPeriph_Driver\src\stm32f4xx_tim.o
 .debug_info    0x00006ac4      0x8b6 Utilities\STM32F4-Discovery\stm32f4_discovery.o
 .debug_info    0x0000737a     0x10bf Utilities\STM32F4-Discovery\stm32f4_discovery_audio_codec.o
 .debug_info    0x00008439      0xf41 src\init_io.o
 .debug_info    0x0000937a      0x338 src\main.o
 .debug_info    0x000096b2      0xc1d src\osc.o
 .debug_info    0x0000a2cf       0x62 src\startup_stm32f40xx.o
 .debug_info    0x0000a331      0x686 src\stm32f4xx_it.o
 .debug_info    0x0000a9b7      0x5d6 src\system_stm32f4xx.o
 .debug_info    0x0000af8d      0x338 src\user_interface.o
 .debug_info    0x0000b2c5      0x18a C:\stm32_workspace\STM32F4xx_DSP_StdPeriph_Lib_V1.8.0\Libraries\CMSIS\Lib\GCC\libarm_cortexM4lf_math.a(arm_sin_f32.o)
 .debug_info    0x0000b44f      0x99d C:\stm32_workspace\STM32F4xx_DSP_StdPeriph_Lib_V1.8.0\Libraries\CMSIS\Lib\GCC\libarm_cortexM4lf_math.a(arm_common_tables.o)

.debug_abbrev   0x00000000     0x1e3c
 .debug_abbrev  0x00000000      0x149 Libraries\STM32F4xx_StdPeriph_Driver\src\misc.o
 .debug_abbrev  0x00000149      0x19a Libraries\STM32F4xx_StdPeriph_Driver\src\stm32f4xx_adc.o
 .debug_abbrev  0x000002e3      0x180 Libraries\STM32F4xx_StdPeriph_Driver\src\stm32f4xx_dac.o
 .debug_abbrev  0x00000463      0x159 Libraries\STM32F4xx_StdPeriph_Driver\src\stm32f4xx_dma.o
 .debug_abbrev  0x000005bc      0x1ab Libraries\STM32F4xx_StdPeriph_Driver\src\stm32f4xx_exti.o
 .debug_abbrev  0x00000767      0x1a9 Libraries\STM32F4xx_StdPeriph_Driver\src\stm32f4xx_gpio.o
 .debug_abbrev  0x00000910      0x168 Libraries\STM32F4xx_StdPeriph_Driver\src\stm32f4xx_i2c.o
 .debug_abbrev  0x00000a78      0x1e7 Libraries\STM32F4xx_StdPeriph_Driver\src\stm32f4xx_rcc.o
 .debug_abbrev  0x00000c5f      0x16b Libraries\STM32F4xx_StdPeriph_Driver\src\stm32f4xx_spi.o
 .debug_abbrev  0x00000dca      0x135 Libraries\STM32F4xx_StdPeriph_Driver\src\stm32f4xx_syscfg.o
 .debug_abbrev  0x00000eff      0x18b Libraries\STM32F4xx_StdPeriph_Driver\src\stm32f4xx_tim.o
 .debug_abbrev  0x0000108a      0x194 Utilities\STM32F4-Discovery\stm32f4_discovery.o
 .debug_abbrev  0x0000121e      0x267 Utilities\STM32F4-Discovery\stm32f4_discovery_audio_codec.o
 .debug_abbrev  0x00001485      0x187 src\init_io.o
 .debug_abbrev  0x0000160c      0x135 src\main.o
 .debug_abbrev  0x00001741      0x1d2 src\osc.o
 .debug_abbrev  0x00001913       0x12 src\startup_stm32f40xx.o
 .debug_abbrev  0x00001925      0x176 src\stm32f4xx_it.o
 .debug_abbrev  0x00001a9b      0x13a src\system_stm32f4xx.o
 .debug_abbrev  0x00001bd5      0x10c src\user_interface.o
 .debug_abbrev  0x00001ce1       0xd7 C:\stm32_workspace\STM32F4xx_DSP_StdPeriph_Lib_V1.8.0\Libraries\CMSIS\Lib\GCC\libarm_cortexM4lf_math.a(arm_sin_f32.o)
 .debug_abbrev  0x00001db8       0x84 C:\stm32_workspace\STM32F4xx_DSP_StdPeriph_Lib_V1.8.0\Libraries\CMSIS\Lib\GCC\libarm_cortexM4lf_math.a(arm_common_tables.o)

.debug_aranges  0x00000000      0xe88
 .debug_aranges
                0x00000000       0x40 Libraries\STM32F4xx_StdPeriph_Driver\src\misc.o
 .debug_aranges
                0x00000040      0x148 Libraries\STM32F4xx_StdPeriph_Driver\src\stm32f4xx_adc.o
 .debug_aranges
                0x00000188       0xa0 Libraries\STM32F4xx_StdPeriph_Driver\src\stm32f4xx_dac.o
 .debug_aranges
                0x00000228       0xb0 Libraries\STM32F4xx_StdPeriph_Driver\src\stm32f4xx_dma.o
 .debug_aranges
                0x000002d8       0x58 Libraries\STM32F4xx_StdPeriph_Driver\src\stm32f4xx_exti.o
 .debug_aranges
                0x00000330       0x88 Libraries\STM32F4xx_StdPeriph_Driver\src\stm32f4xx_gpio.o
 .debug_aranges
                0x000003b8      0x130 Libraries\STM32F4xx_StdPeriph_Driver\src\stm32f4xx_i2c.o
 .debug_aranges
                0x000004e8      0x180 Libraries\STM32F4xx_StdPeriph_Driver\src\stm32f4xx_rcc.o
 .debug_aranges
                0x00000668       0xe0 Libraries\STM32F4xx_StdPeriph_Driver\src\stm32f4xx_spi.o
 .debug_aranges
                0x00000748       0x48 Libraries\STM32F4xx_StdPeriph_Driver\src\stm32f4xx_syscfg.o
 .debug_aranges
                0x00000790      0x2f8 Libraries\STM32F4xx_StdPeriph_Driver\src\stm32f4xx_tim.o
 .debug_aranges
                0x00000a88       0x48 Utilities\STM32F4-Discovery\stm32f4_discovery.o
 .debug_aranges
                0x00000ad0      0x130 Utilities\STM32F4-Discovery\stm32f4_discovery_audio_codec.o
 .debug_aranges
                0x00000c00       0x40 src\init_io.o
 .debug_aranges
                0x00000c40       0x48 src\main.o
 .debug_aranges
                0x00000c88       0x80 src\osc.o
 .debug_aranges
                0x00000d08       0x28 src\startup_stm32f40xx.o
 .debug_aranges
                0x00000d30       0xa8 src\stm32f4xx_it.o
 .debug_aranges
                0x00000dd8       0x30 src\system_stm32f4xx.o
 .debug_aranges
                0x00000e08       0x48 src\user_interface.o
 .debug_aranges
                0x00000e50       0x20 C:\stm32_workspace\STM32F4xx_DSP_StdPeriph_Lib_V1.8.0\Libraries\CMSIS\Lib\GCC\libarm_cortexM4lf_math.a(arm_sin_f32.o)
 .debug_aranges
                0x00000e70       0x18 C:\stm32_workspace\STM32F4xx_DSP_StdPeriph_Lib_V1.8.0\Libraries\CMSIS\Lib\GCC\libarm_cortexM4lf_math.a(arm_common_tables.o)

.debug_ranges   0x00000000      0xd28
 .debug_ranges  0x00000000       0x30 Libraries\STM32F4xx_StdPeriph_Driver\src\misc.o
 .debug_ranges  0x00000030      0x138 Libraries\STM32F4xx_StdPeriph_Driver\src\stm32f4xx_adc.o
 .debug_ranges  0x00000168       0x90 Libraries\STM32F4xx_StdPeriph_Driver\src\stm32f4xx_dac.o
 .debug_ranges  0x000001f8       0xa0 Libraries\STM32F4xx_StdPeriph_Driver\src\stm32f4xx_dma.o
 .debug_ranges  0x00000298       0x48 Libraries\STM32F4xx_StdPeriph_Driver\src\stm32f4xx_exti.o
 .debug_ranges  0x000002e0       0x78 Libraries\STM32F4xx_StdPeriph_Driver\src\stm32f4xx_gpio.o
 .debug_ranges  0x00000358      0x120 Libraries\STM32F4xx_StdPeriph_Driver\src\stm32f4xx_i2c.o
 .debug_ranges  0x00000478      0x170 Libraries\STM32F4xx_StdPeriph_Driver\src\stm32f4xx_rcc.o
 .debug_ranges  0x000005e8       0xd0 Libraries\STM32F4xx_StdPeriph_Driver\src\stm32f4xx_spi.o
 .debug_ranges  0x000006b8       0x38 Libraries\STM32F4xx_StdPeriph_Driver\src\stm32f4xx_syscfg.o
 .debug_ranges  0x000006f0      0x2e8 Libraries\STM32F4xx_StdPeriph_Driver\src\stm32f4xx_tim.o
 .debug_ranges  0x000009d8       0x38 Utilities\STM32F4-Discovery\stm32f4_discovery.o
 .debug_ranges  0x00000a10      0x120 Utilities\STM32F4-Discovery\stm32f4_discovery_audio_codec.o
 .debug_ranges  0x00000b30       0x30 src\init_io.o
 .debug_ranges  0x00000b60       0x38 src\main.o
 .debug_ranges  0x00000b98       0x70 src\osc.o
 .debug_ranges  0x00000c08       0x20 src\startup_stm32f40xx.o
 .debug_ranges  0x00000c28       0x98 src\stm32f4xx_it.o
 .debug_ranges  0x00000cc0       0x20 src\system_stm32f4xx.o
 .debug_ranges  0x00000ce0       0x38 src\user_interface.o
 .debug_ranges  0x00000d18       0x10 C:\stm32_workspace\STM32F4xx_DSP_StdPeriph_Lib_V1.8.0\Libraries\CMSIS\Lib\GCC\libarm_cortexM4lf_math.a(arm_sin_f32.o)

.debug_line     0x00000000     0x54ab
 .debug_line    0x00000000      0x284 Libraries\STM32F4xx_StdPeriph_Driver\src\misc.o
 .debug_line    0x00000284      0x5a3 Libraries\STM32F4xx_StdPeriph_Driver\src\stm32f4xx_adc.o
 .debug_line    0x00000827      0x398 Libraries\STM32F4xx_StdPeriph_Driver\src\stm32f4xx_dac.o
 .debug_line    0x00000bbf      0x470 Libraries\STM32F4xx_StdPeriph_Driver\src\stm32f4xx_dma.o
 .debug_line    0x0000102f      0x2e7 Libraries\STM32F4xx_StdPeriph_Driver\src\stm32f4xx_exti.o
 .debug_line    0x00001316      0x3a6 Libraries\STM32F4xx_StdPeriph_Driver\src\stm32f4xx_gpio.o
 .debug_line    0x000016bc      0x55c Libraries\STM32F4xx_StdPeriph_Driver\src\stm32f4xx_i2c.o
 .debug_line    0x00001c18      0x5fe Libraries\STM32F4xx_StdPeriph_Driver\src\stm32f4xx_rcc.o
 .debug_line    0x00002216      0x4b6 Libraries\STM32F4xx_StdPeriph_Driver\src\stm32f4xx_spi.o
 .debug_line    0x000026cc      0x246 Libraries\STM32F4xx_StdPeriph_Driver\src\stm32f4xx_syscfg.o
 .debug_line    0x00002912      0xb07 Libraries\STM32F4xx_StdPeriph_Driver\src\stm32f4xx_tim.o
 .debug_line    0x00003419      0x2d5 Utilities\STM32F4-Discovery\stm32f4_discovery.o
 .debug_line    0x000036ee      0x6ee Utilities\STM32F4-Discovery\stm32f4_discovery_audio_codec.o
 .debug_line    0x00003ddc      0x3d0 src\init_io.o
 .debug_line    0x000041ac      0x245 src\main.o
 .debug_line    0x000043f1      0x5b8 src\osc.o
 .debug_line    0x000049a9       0x7a src\startup_stm32f40xx.o
 .debug_line    0x00004a23      0x346 src\stm32f4xx_it.o
 .debug_line    0x00004d69      0x23c src\system_stm32f4xx.o
 .debug_line    0x00004fa5      0x271 src\user_interface.o
 .debug_line    0x00005216      0x16c C:\stm32_workspace\STM32F4xx_DSP_StdPeriph_Lib_V1.8.0\Libraries\CMSIS\Lib\GCC\libarm_cortexM4lf_math.a(arm_sin_f32.o)
 .debug_line    0x00005382      0x129 C:\stm32_workspace\STM32F4xx_DSP_StdPeriph_Lib_V1.8.0\Libraries\CMSIS\Lib\GCC\libarm_cortexM4lf_math.a(arm_common_tables.o)

.debug_str      0x00000000     0x4ba5
 .debug_str     0x00000000      0x3db Libraries\STM32F4xx_StdPeriph_Driver\src\misc.o
                                0x42f (size before relaxing)
 .debug_str     0x000003db      0x650 Libraries\STM32F4xx_StdPeriph_Driver\src\stm32f4xx_adc.o
                                0x865 (size before relaxing)
 .debug_str     0x00000a2b      0x276 Libraries\STM32F4xx_StdPeriph_Driver\src\stm32f4xx_dac.o
                                0x4b4 (size before relaxing)
 .debug_str     0x00000ca1      0x377 Libraries\STM32F4xx_StdPeriph_Driver\src\stm32f4xx_dma.o
                                0x5a3 (size before relaxing)
 .debug_str     0x00001018      0x1c0 Libraries\STM32F4xx_StdPeriph_Driver\src\stm32f4xx_exti.o
                                0x3ba (size before relaxing)
 .debug_str     0x000011d8      0x2ff Libraries\STM32F4xx_StdPeriph_Driver\src\stm32f4xx_gpio.o
                                0x504 (size before relaxing)
 .debug_str     0x000014d7      0x49d Libraries\STM32F4xx_StdPeriph_Driver\src\stm32f4xx_i2c.o
                                0x713 (size before relaxing)
 .debug_str     0x00001974      0x5e5 Libraries\STM32F4xx_StdPeriph_Driver\src\stm32f4xx_rcc.o
                                0x8da (size before relaxing)
 .debug_str     0x00001f59      0x392 Libraries\STM32F4xx_StdPeriph_Driver\src\stm32f4xx_spi.o
                                0x6eb (size before relaxing)
 .debug_str     0x000022eb      0x156 Libraries\STM32F4xx_StdPeriph_Driver\src\stm32f4xx_syscfg.o
                                0x355 (size before relaxing)
 .debug_str     0x00002441      0xb5e Libraries\STM32F4xx_StdPeriph_Driver\src\stm32f4xx_tim.o
                                0xe31 (size before relaxing)
 .debug_str     0x00002f9f      0x6d3 Utilities\STM32F4-Discovery\stm32f4_discovery.o
                                0xb8a (size before relaxing)
 .debug_str     0x00003672      0x478 Utilities\STM32F4-Discovery\stm32f4_discovery_audio_codec.o
                               0x10da (size before relaxing)
 .debug_str     0x00003aea      0x1e7 src\init_io.o
                               0x103d (size before relaxing)
 .debug_str     0x00003cd1       0xbf src\main.o
                                0x3a3 (size before relaxing)
 .debug_str     0x00003d90      0x562 src\osc.o
                                0x844 (size before relaxing)
 .debug_str     0x000042f2      0x141 src\stm32f4xx_it.o
                                0x543 (size before relaxing)
 .debug_str     0x00004433       0x9f src\system_stm32f4xx.o
                                0x3f3 (size before relaxing)
 .debug_str     0x000044d2       0x6f src\user_interface.o
                                0x35e (size before relaxing)
 .debug_str     0x00004541      0x161 C:\stm32_workspace\STM32F4xx_DSP_StdPeriph_Lib_V1.8.0\Libraries\CMSIS\Lib\GCC\libarm_cortexM4lf_math.a(arm_sin_f32.o)
                                0x242 (size before relaxing)
 .debug_str     0x000046a2      0x503 C:\stm32_workspace\STM32F4xx_DSP_StdPeriph_Lib_V1.8.0\Libraries\CMSIS\Lib\GCC\libarm_cortexM4lf_math.a(arm_common_tables.o)
                                0x704 (size before relaxing)

.comment        0x00000000       0xee
 .comment       0x00000000       0x7e Libraries\STM32F4xx_StdPeriph_Driver\src\misc.o
                                 0x7f (size before relaxing)
 .comment       0x0000007e       0x7f Libraries\STM32F4xx_StdPeriph_Driver\src\stm32f4xx_adc.o
 .comment       0x0000007e       0x7f Libraries\STM32F4xx_StdPeriph_Driver\src\stm32f4xx_dac.o
 .comment       0x0000007e       0x7f Libraries\STM32F4xx_StdPeriph_Driver\src\stm32f4xx_dma.o
 .comment       0x0000007e       0x7f Libraries\STM32F4xx_StdPeriph_Driver\src\stm32f4xx_exti.o
 .comment       0x0000007e       0x7f Libraries\STM32F4xx_StdPeriph_Driver\src\stm32f4xx_gpio.o
 .comment       0x0000007e       0x7f Libraries\STM32F4xx_StdPeriph_Driver\src\stm32f4xx_i2c.o
 .comment       0x0000007e       0x7f Libraries\STM32F4xx_StdPeriph_Driver\src\stm32f4xx_rcc.o
 .comment       0x0000007e       0x7f Libraries\STM32F4xx_StdPeriph_Driver\src\stm32f4xx_spi.o
 .comment       0x0000007e       0x7f Libraries\STM32F4xx_StdPeriph_Driver\src\stm32f4xx_syscfg.o
 .comment       0x0000007e       0x7f Libraries\STM32F4xx_StdPeriph_Driver\src\stm32f4xx_tim.o
 .comment       0x0000007e       0x7f Utilities\STM32F4-Discovery\stm32f4_discovery.o
 .comment       0x0000007e       0x7f Utilities\STM32F4-Discovery\stm32f4_discovery_audio_codec.o
 .comment       0x0000007e       0x7f src\init_io.o
 .comment       0x0000007e       0x7f src\main.o
 .comment       0x0000007e       0x7f src\osc.o
 .comment       0x0000007e       0x7f src\stm32f4xx_it.o
 .comment       0x0000007e       0x7f src\system_stm32f4xx.o
 .comment       0x0000007e       0x7f src\user_interface.o
 .comment       0x0000007e       0x70 C:\stm32_workspace\STM32F4xx_DSP_StdPeriph_Lib_V1.8.0\Libraries\CMSIS\Lib\GCC\libarm_cortexM4lf_math.a(arm_sin_f32.o)
                                 0x71 (size before relaxing)
 .comment       0x000000ee       0x71 C:\stm32_workspace\STM32F4xx_DSP_StdPeriph_Lib_V1.8.0\Libraries\CMSIS\Lib\GCC\libarm_cortexM4lf_math.a(arm_common_tables.o)

.debug_frame    0x00000000     0x3ce0
 .debug_frame   0x00000000       0xd8 Libraries\STM32F4xx_StdPeriph_Driver\src\misc.o
 .debug_frame   0x000000d8      0x5ec Libraries\STM32F4xx_StdPeriph_Driver\src\stm32f4xx_adc.o
 .debug_frame   0x000006c4      0x2ac Libraries\STM32F4xx_StdPeriph_Driver\src\stm32f4xx_dac.o
 .debug_frame   0x00000970      0x308 Libraries\STM32F4xx_StdPeriph_Driver\src\stm32f4xx_dma.o
 .debug_frame   0x00000c78      0x148 Libraries\STM32F4xx_StdPeriph_Driver\src\stm32f4xx_exti.o
 .debug_frame   0x00000dc0      0x23c Libraries\STM32F4xx_StdPeriph_Driver\src\stm32f4xx_gpio.o
 .debug_frame   0x00000ffc      0x580 Libraries\STM32F4xx_StdPeriph_Driver\src\stm32f4xx_i2c.o
 .debug_frame   0x0000157c      0x6fc Libraries\STM32F4xx_StdPeriph_Driver\src\stm32f4xx_rcc.o
 .debug_frame   0x00001c78      0x3f4 Libraries\STM32F4xx_StdPeriph_Driver\src\stm32f4xx_spi.o
 .debug_frame   0x0000206c       0xf4 Libraries\STM32F4xx_StdPeriph_Driver\src\stm32f4xx_syscfg.o
 .debug_frame   0x00002160      0xe54 Libraries\STM32F4xx_StdPeriph_Driver\src\stm32f4xx_tim.o
 .debug_frame   0x00002fb4       0xf4 Utilities\STM32F4-Discovery\stm32f4_discovery.o
 .debug_frame   0x000030a8      0x4c4 Utilities\STM32F4-Discovery\stm32f4_discovery_audio_codec.o
 .debug_frame   0x0000356c       0xc8 src\init_io.o
 .debug_frame   0x00003634       0xd4 src\main.o
 .debug_frame   0x00003708      0x230 src\osc.o
 .debug_frame   0x00003938      0x214 src\stm32f4xx_it.o
 .debug_frame   0x00003b4c       0x7c src\system_stm32f4xx.o
 .debug_frame   0x00003bc8       0xcc src\user_interface.o
 .debug_frame   0x00003c94       0x20 C:\stm32_workspace\STM32F4xx_DSP_StdPeriph_Lib_V1.8.0\Libraries\CMSIS\Lib\GCC\libarm_cortexM4lf_math.a(arm_sin_f32.o)
 .debug_frame   0x00003cb4       0x2c c:/program files (x86)/atollic/truestudio for arm 7.1.2/armtools/bin/../lib/gcc/arm-atollic-eabi/5.3.1/../../../../arm-atollic-eabi/lib/armv7e-m/fpu\libc.a(lib_a-init.o)

.debug_loc      0x00000000       0xc8
 .debug_loc     0x00000000       0xc8 C:\stm32_workspace\STM32F4xx_DSP_StdPeriph_Lib_V1.8.0\Libraries\CMSIS\Lib\GCC\libarm_cortexM4lf_math.a(arm_sin_f32.o)

Cross Reference Table

Symbol                                            File
ADCBuffer                                         src\user_interface.o
                                                  src\stm32f4xx_it.o
                                                  src\osc.o
                                                  src\main.o
                                                  src\init_io.o
ADC_AnalogWatchdogCmd                             Libraries\STM32F4xx_StdPeriph_Driver\src\stm32f4xx_adc.o
ADC_AnalogWatchdogSingleChannelConfig             Libraries\STM32F4xx_StdPeriph_Driver\src\stm32f4xx_adc.o
ADC_AnalogWatchdogThresholdsConfig                Libraries\STM32F4xx_StdPeriph_Driver\src\stm32f4xx_adc.o
ADC_AutoInjectedConvCmd                           Libraries\STM32F4xx_StdPeriph_Driver\src\stm32f4xx_adc.o
ADC_ClearFlag                                     Libraries\STM32F4xx_StdPeriph_Driver\src\stm32f4xx_adc.o
ADC_ClearITPendingBit                             Libraries\STM32F4xx_StdPeriph_Driver\src\stm32f4xx_adc.o
                                                  src\stm32f4xx_it.o
ADC_Cmd                                           Libraries\STM32F4xx_StdPeriph_Driver\src\stm32f4xx_adc.o
                                                  src\init_io.o
ADC_CommonInit                                    Libraries\STM32F4xx_StdPeriph_Driver\src\stm32f4xx_adc.o
                                                  src\init_io.o
ADC_CommonStructInit                              Libraries\STM32F4xx_StdPeriph_Driver\src\stm32f4xx_adc.o
                                                  src\init_io.o
ADC_ContinuousModeCmd                             Libraries\STM32F4xx_StdPeriph_Driver\src\stm32f4xx_adc.o
ADC_DMACmd                                        Libraries\STM32F4xx_StdPeriph_Driver\src\stm32f4xx_adc.o
                                                  src\init_io.o
ADC_DMARequestAfterLastTransferCmd                Libraries\STM32F4xx_StdPeriph_Driver\src\stm32f4xx_adc.o
                                                  src\init_io.o
ADC_DeInit                                        Libraries\STM32F4xx_StdPeriph_Driver\src\stm32f4xx_adc.o
                                                  src\init_io.o
ADC_DiscModeChannelCountConfig                    Libraries\STM32F4xx_StdPeriph_Driver\src\stm32f4xx_adc.o
ADC_DiscModeCmd                                   Libraries\STM32F4xx_StdPeriph_Driver\src\stm32f4xx_adc.o
ADC_EOCOnEachRegularChannelCmd                    Libraries\STM32F4xx_StdPeriph_Driver\src\stm32f4xx_adc.o
ADC_ExternalTrigInjectedConvConfig                Libraries\STM32F4xx_StdPeriph_Driver\src\stm32f4xx_adc.o
ADC_ExternalTrigInjectedConvEdgeConfig            Libraries\STM32F4xx_StdPeriph_Driver\src\stm32f4xx_adc.o
ADC_GetConversionValue                            Libraries\STM32F4xx_StdPeriph_Driver\src\stm32f4xx_adc.o
ADC_GetFlagStatus                                 Libraries\STM32F4xx_StdPeriph_Driver\src\stm32f4xx_adc.o
ADC_GetITStatus                                   Libraries\STM32F4xx_StdPeriph_Driver\src\stm32f4xx_adc.o
ADC_GetInjectedConversionValue                    Libraries\STM32F4xx_StdPeriph_Driver\src\stm32f4xx_adc.o
ADC_GetMultiModeConversionValue                   Libraries\STM32F4xx_StdPeriph_Driver\src\stm32f4xx_adc.o
ADC_GetSoftwareStartConvStatus                    Libraries\STM32F4xx_StdPeriph_Driver\src\stm32f4xx_adc.o
ADC_GetSoftwareStartInjectedConvCmdStatus         Libraries\STM32F4xx_StdPeriph_Driver\src\stm32f4xx_adc.o
ADC_IRQHandler                                    src\stm32f4xx_it.o
                                                  src\startup_stm32f40xx.o
ADC_ITConfig                                      Libraries\STM32F4xx_StdPeriph_Driver\src\stm32f4xx_adc.o
ADC_Init                                          Libraries\STM32F4xx_StdPeriph_Driver\src\stm32f4xx_adc.o
                                                  src\init_io.o
ADC_InjectedChannelConfig                         Libraries\STM32F4xx_StdPeriph_Driver\src\stm32f4xx_adc.o
ADC_InjectedDiscModeCmd                           Libraries\STM32F4xx_StdPeriph_Driver\src\stm32f4xx_adc.o
ADC_InjectedSequencerLengthConfig                 Libraries\STM32F4xx_StdPeriph_Driver\src\stm32f4xx_adc.o
ADC_MultiModeDMARequestAfterLastTransferCmd       Libraries\STM32F4xx_StdPeriph_Driver\src\stm32f4xx_adc.o
ADC_RegularChannelConfig                          Libraries\STM32F4xx_StdPeriph_Driver\src\stm32f4xx_adc.o
                                                  src\init_io.o
ADC_SetInjectedOffset                             Libraries\STM32F4xx_StdPeriph_Driver\src\stm32f4xx_adc.o
ADC_SoftwareStartConv                             Libraries\STM32F4xx_StdPeriph_Driver\src\stm32f4xx_adc.o
ADC_SoftwareStartInjectedConv                     Libraries\STM32F4xx_StdPeriph_Driver\src\stm32f4xx_adc.o
ADC_StructInit                                    Libraries\STM32F4xx_StdPeriph_Driver\src\stm32f4xx_adc.o
                                                  src\init_io.o
ADC_TempSensorVrefintCmd                          Libraries\STM32F4xx_StdPeriph_Driver\src\stm32f4xx_adc.o
ADC_VBATCmd                                       Libraries\STM32F4xx_StdPeriph_Driver\src\stm32f4xx_adc.o
AHBPrescTable                                     src\system_stm32f4xx.o
AUDIO_MAL_DMA_CHANNEL                             Utilities\STM32F4-Discovery\stm32f4_discovery_audio_codec.o
AUDIO_MAL_DMA_CLOCK                               Utilities\STM32F4-Discovery\stm32f4_discovery_audio_codec.o
AUDIO_MAL_DMA_DREG                                Utilities\STM32F4-Discovery\stm32f4_discovery_audio_codec.o
AUDIO_MAL_DMA_FLAG_DME                            Utilities\STM32F4-Discovery\stm32f4_discovery_audio_codec.o
AUDIO_MAL_DMA_FLAG_FE                             Utilities\STM32F4-Discovery\stm32f4_discovery_audio_codec.o
AUDIO_MAL_DMA_FLAG_HT                             Utilities\STM32F4-Discovery\stm32f4_discovery_audio_codec.o
AUDIO_MAL_DMA_FLAG_TC                             Utilities\STM32F4-Discovery\stm32f4_discovery_audio_codec.o
AUDIO_MAL_DMA_FLAG_TE                             Utilities\STM32F4-Discovery\stm32f4_discovery_audio_codec.o
AUDIO_MAL_DMA_IRQ                                 Utilities\STM32F4-Discovery\stm32f4_discovery_audio_codec.o
AUDIO_MAL_DMA_InitStructure                       Utilities\STM32F4-Discovery\stm32f4_discovery_audio_codec.o
AUDIO_MAL_DMA_STREAM                              Utilities\STM32F4-Discovery\stm32f4_discovery_audio_codec.o
AudioRemSize                                      Utilities\STM32F4-Discovery\stm32f4_discovery_audio_codec.o
AudioTotalSize                                    Utilities\STM32F4-Discovery\stm32f4_discovery_audio_codec.o
Audio_MAL_Play                                    Utilities\STM32F4-Discovery\stm32f4_discovery_audio_codec.o
BUTTON_CLK                                        Utilities\STM32F4-Discovery\stm32f4_discovery.o
BUTTON_EXTI_LINE                                  Utilities\STM32F4-Discovery\stm32f4_discovery.o
BUTTON_IRQn                                       Utilities\STM32F4-Discovery\stm32f4_discovery.o
BUTTON_PIN                                        Utilities\STM32F4-Discovery\stm32f4_discovery.o
BUTTON_PIN_SOURCE                                 Utilities\STM32F4-Discovery\stm32f4_discovery.o
BUTTON_PORT                                       Utilities\STM32F4-Discovery\stm32f4_discovery.o
BUTTON_PORT_SOURCE                                Utilities\STM32F4-Discovery\stm32f4_discovery.o
BusFault_Handler                                  src\stm32f4xx_it.o
                                                  src\startup_stm32f40xx.o
CAN1_RX0_IRQHandler                               src\startup_stm32f40xx.o
CAN1_RX1_IRQHandler                               src\startup_stm32f40xx.o
CAN1_SCE_IRQHandler                               src\startup_stm32f40xx.o
CAN1_TX_IRQHandler                                src\startup_stm32f40xx.o
CAN2_RX0_IRQHandler                               src\startup_stm32f40xx.o
CAN2_RX1_IRQHandler                               src\startup_stm32f40xx.o
CAN2_SCE_IRQHandler                               src\startup_stm32f40xx.o
CAN2_TX_IRQHandler                                src\startup_stm32f40xx.o
CAN_CancelTransmit                                Libraries\STM32F4xx_StdPeriph_Driver\src\stm32f4xx_can.o
CAN_ClearFlag                                     Libraries\STM32F4xx_StdPeriph_Driver\src\stm32f4xx_can.o
CAN_ClearITPendingBit                             Libraries\STM32F4xx_StdPeriph_Driver\src\stm32f4xx_can.o
CAN_DBGFreeze                                     Libraries\STM32F4xx_StdPeriph_Driver\src\stm32f4xx_can.o
CAN_DeInit                                        Libraries\STM32F4xx_StdPeriph_Driver\src\stm32f4xx_can.o
CAN_FIFORelease                                   Libraries\STM32F4xx_StdPeriph_Driver\src\stm32f4xx_can.o
CAN_FilterInit                                    Libraries\STM32F4xx_StdPeriph_Driver\src\stm32f4xx_can.o
CAN_GetFlagStatus                                 Libraries\STM32F4xx_StdPeriph_Driver\src\stm32f4xx_can.o
CAN_GetITStatus                                   Libraries\STM32F4xx_StdPeriph_Driver\src\stm32f4xx_can.o
CAN_GetLSBTransmitErrorCounter                    Libraries\STM32F4xx_StdPeriph_Driver\src\stm32f4xx_can.o
CAN_GetLastErrorCode                              Libraries\STM32F4xx_StdPeriph_Driver\src\stm32f4xx_can.o
CAN_GetReceiveErrorCounter                        Libraries\STM32F4xx_StdPeriph_Driver\src\stm32f4xx_can.o
CAN_ITConfig                                      Libraries\STM32F4xx_StdPeriph_Driver\src\stm32f4xx_can.o
CAN_Init                                          Libraries\STM32F4xx_StdPeriph_Driver\src\stm32f4xx_can.o
CAN_MessagePending                                Libraries\STM32F4xx_StdPeriph_Driver\src\stm32f4xx_can.o
CAN_OperatingModeRequest                          Libraries\STM32F4xx_StdPeriph_Driver\src\stm32f4xx_can.o
CAN_Receive                                       Libraries\STM32F4xx_StdPeriph_Driver\src\stm32f4xx_can.o
CAN_SlaveStartBank                                Libraries\STM32F4xx_StdPeriph_Driver\src\stm32f4xx_can.o
CAN_Sleep                                         Libraries\STM32F4xx_StdPeriph_Driver\src\stm32f4xx_can.o
CAN_StructInit                                    Libraries\STM32F4xx_StdPeriph_Driver\src\stm32f4xx_can.o
CAN_TTComModeCmd                                  Libraries\STM32F4xx_StdPeriph_Driver\src\stm32f4xx_can.o
CAN_Transmit                                      Libraries\STM32F4xx_StdPeriph_Driver\src\stm32f4xx_can.o
CAN_TransmitStatus                                Libraries\STM32F4xx_StdPeriph_Driver\src\stm32f4xx_can.o
CAN_WakeUp                                        Libraries\STM32F4xx_StdPeriph_Driver\src\stm32f4xx_can.o
CODECTimeout                                      Utilities\STM32F4-Discovery\stm32f4_discovery_audio_codec.o
CRC_CalcBlockCRC                                  Libraries\STM32F4xx_StdPeriph_Driver\src\stm32f4xx_crc.o
CRC_CalcCRC                                       Libraries\STM32F4xx_StdPeriph_Driver\src\stm32f4xx_crc.o
CRC_GetCRC                                        Libraries\STM32F4xx_StdPeriph_Driver\src\stm32f4xx_crc.o
CRC_GetIDRegister                                 Libraries\STM32F4xx_StdPeriph_Driver\src\stm32f4xx_crc.o
CRC_ResetDR                                       Libraries\STM32F4xx_StdPeriph_Driver\src\stm32f4xx_crc.o
CRC_SetIDRegister                                 Libraries\STM32F4xx_StdPeriph_Driver\src\stm32f4xx_crc.o
CRYP_AES_CBC                                      Libraries\STM32F4xx_StdPeriph_Driver\src\stm32f4xx_cryp_aes.o
CRYP_AES_CCM                                      Libraries\STM32F4xx_StdPeriph_Driver\src\stm32f4xx_cryp_aes.o
CRYP_AES_CTR                                      Libraries\STM32F4xx_StdPeriph_Driver\src\stm32f4xx_cryp_aes.o
CRYP_AES_ECB                                      Libraries\STM32F4xx_StdPeriph_Driver\src\stm32f4xx_cryp_aes.o
CRYP_AES_GCM                                      Libraries\STM32F4xx_StdPeriph_Driver\src\stm32f4xx_cryp_aes.o
CRYP_Cmd                                          Libraries\STM32F4xx_StdPeriph_Driver\src\stm32f4xx_cryp.o
                                                  Libraries\STM32F4xx_StdPeriph_Driver\src\stm32f4xx_cryp_tdes.o
                                                  Libraries\STM32F4xx_StdPeriph_Driver\src\stm32f4xx_cryp_des.o
                                                  Libraries\STM32F4xx_StdPeriph_Driver\src\stm32f4xx_cryp_aes.o
CRYP_DES_CBC                                      Libraries\STM32F4xx_StdPeriph_Driver\src\stm32f4xx_cryp_des.o
CRYP_DES_ECB                                      Libraries\STM32F4xx_StdPeriph_Driver\src\stm32f4xx_cryp_des.o
CRYP_DMACmd                                       Libraries\STM32F4xx_StdPeriph_Driver\src\stm32f4xx_cryp.o
CRYP_DataIn                                       Libraries\STM32F4xx_StdPeriph_Driver\src\stm32f4xx_cryp.o
                                                  Libraries\STM32F4xx_StdPeriph_Driver\src\stm32f4xx_cryp_tdes.o
                                                  Libraries\STM32F4xx_StdPeriph_Driver\src\stm32f4xx_cryp_des.o
                                                  Libraries\STM32F4xx_StdPeriph_Driver\src\stm32f4xx_cryp_aes.o
CRYP_DataOut                                      Libraries\STM32F4xx_StdPeriph_Driver\src\stm32f4xx_cryp.o
                                                  Libraries\STM32F4xx_StdPeriph_Driver\src\stm32f4xx_cryp_tdes.o
                                                  Libraries\STM32F4xx_StdPeriph_Driver\src\stm32f4xx_cryp_des.o
                                                  Libraries\STM32F4xx_StdPeriph_Driver\src\stm32f4xx_cryp_aes.o
CRYP_DeInit                                       Libraries\STM32F4xx_StdPeriph_Driver\src\stm32f4xx_cryp.o
CRYP_FIFOFlush                                    Libraries\STM32F4xx_StdPeriph_Driver\src\stm32f4xx_cryp.o
                                                  Libraries\STM32F4xx_StdPeriph_Driver\src\stm32f4xx_cryp_tdes.o
                                                  Libraries\STM32F4xx_StdPeriph_Driver\src\stm32f4xx_cryp_des.o
                                                  Libraries\STM32F4xx_StdPeriph_Driver\src\stm32f4xx_cryp_aes.o
CRYP_GetCmdStatus                                 Libraries\STM32F4xx_StdPeriph_Driver\src\stm32f4xx_cryp.o
                                                  Libraries\STM32F4xx_StdPeriph_Driver\src\stm32f4xx_cryp_tdes.o
                                                  Libraries\STM32F4xx_StdPeriph_Driver\src\stm32f4xx_cryp_des.o
                                                  Libraries\STM32F4xx_StdPeriph_Driver\src\stm32f4xx_cryp_aes.o
CRYP_GetFlagStatus                                Libraries\STM32F4xx_StdPeriph_Driver\src\stm32f4xx_cryp.o
                                                  Libraries\STM32F4xx_StdPeriph_Driver\src\stm32f4xx_cryp_tdes.o
                                                  Libraries\STM32F4xx_StdPeriph_Driver\src\stm32f4xx_cryp_des.o
                                                  Libraries\STM32F4xx_StdPeriph_Driver\src\stm32f4xx_cryp_aes.o
CRYP_GetITStatus                                  Libraries\STM32F4xx_StdPeriph_Driver\src\stm32f4xx_cryp.o
CRYP_IRQHandler                                   src\startup_stm32f40xx.o
CRYP_ITConfig                                     Libraries\STM32F4xx_StdPeriph_Driver\src\stm32f4xx_cryp.o
CRYP_IVInit                                       Libraries\STM32F4xx_StdPeriph_Driver\src\stm32f4xx_cryp.o
                                                  Libraries\STM32F4xx_StdPeriph_Driver\src\stm32f4xx_cryp_tdes.o
                                                  Libraries\STM32F4xx_StdPeriph_Driver\src\stm32f4xx_cryp_des.o
                                                  Libraries\STM32F4xx_StdPeriph_Driver\src\stm32f4xx_cryp_aes.o
CRYP_IVStructInit                                 Libraries\STM32F4xx_StdPeriph_Driver\src\stm32f4xx_cryp.o
CRYP_Init                                         Libraries\STM32F4xx_StdPeriph_Driver\src\stm32f4xx_cryp.o
                                                  Libraries\STM32F4xx_StdPeriph_Driver\src\stm32f4xx_cryp_tdes.o
                                                  Libraries\STM32F4xx_StdPeriph_Driver\src\stm32f4xx_cryp_des.o
                                                  Libraries\STM32F4xx_StdPeriph_Driver\src\stm32f4xx_cryp_aes.o
CRYP_KeyInit                                      Libraries\STM32F4xx_StdPeriph_Driver\src\stm32f4xx_cryp.o
                                                  Libraries\STM32F4xx_StdPeriph_Driver\src\stm32f4xx_cryp_tdes.o
                                                  Libraries\STM32F4xx_StdPeriph_Driver\src\stm32f4xx_cryp_des.o
                                                  Libraries\STM32F4xx_StdPeriph_Driver\src\stm32f4xx_cryp_aes.o
CRYP_KeyStructInit                                Libraries\STM32F4xx_StdPeriph_Driver\src\stm32f4xx_cryp.o
                                                  Libraries\STM32F4xx_StdPeriph_Driver\src\stm32f4xx_cryp_tdes.o
                                                  Libraries\STM32F4xx_StdPeriph_Driver\src\stm32f4xx_cryp_des.o
                                                  Libraries\STM32F4xx_StdPeriph_Driver\src\stm32f4xx_cryp_aes.o
CRYP_PhaseConfig                                  Libraries\STM32F4xx_StdPeriph_Driver\src\stm32f4xx_cryp.o
                                                  Libraries\STM32F4xx_StdPeriph_Driver\src\stm32f4xx_cryp_aes.o
CRYP_RestoreContext                               Libraries\STM32F4xx_StdPeriph_Driver\src\stm32f4xx_cryp.o
CRYP_SaveContext                                  Libraries\STM32F4xx_StdPeriph_Driver\src\stm32f4xx_cryp.o
CRYP_StructInit                                   Libraries\STM32F4xx_StdPeriph_Driver\src\stm32f4xx_cryp.o
CRYP_TDES_CBC                                     Libraries\STM32F4xx_StdPeriph_Driver\src\stm32f4xx_cryp_tdes.o
CRYP_TDES_ECB                                     Libraries\STM32F4xx_StdPeriph_Driver\src\stm32f4xx_cryp_tdes.o
Codec_TIMEOUT_UserCallback                        src\main.o
                                                  Utilities\STM32F4-Discovery\stm32f4_discovery_audio_codec.o
CurrAudioInterface                                Utilities\STM32F4-Discovery\stm32f4_discovery_audio_codec.o
CurrentPos                                        Utilities\STM32F4-Discovery\stm32f4_discovery_audio_codec.o
DAC_ClearFlag                                     Libraries\STM32F4xx_StdPeriph_Driver\src\stm32f4xx_dac.o
DAC_ClearITPendingBit                             Libraries\STM32F4xx_StdPeriph_Driver\src\stm32f4xx_dac.o
DAC_Cmd                                           Libraries\STM32F4xx_StdPeriph_Driver\src\stm32f4xx_dac.o
                                                  Utilities\STM32F4-Discovery\stm32f4_discovery_audio_codec.o
DAC_Config                                        Utilities\STM32F4-Discovery\stm32f4_discovery_audio_codec.o
DAC_DMACmd                                        Libraries\STM32F4xx_StdPeriph_Driver\src\stm32f4xx_dac.o
DAC_DeInit                                        Libraries\STM32F4xx_StdPeriph_Driver\src\stm32f4xx_dac.o
DAC_DualSoftwareTriggerCmd                        Libraries\STM32F4xx_StdPeriph_Driver\src\stm32f4xx_dac.o
DAC_GetDataOutputValue                            Libraries\STM32F4xx_StdPeriph_Driver\src\stm32f4xx_dac.o
DAC_GetFlagStatus                                 Libraries\STM32F4xx_StdPeriph_Driver\src\stm32f4xx_dac.o
DAC_GetITStatus                                   Libraries\STM32F4xx_StdPeriph_Driver\src\stm32f4xx_dac.o
DAC_ITConfig                                      Libraries\STM32F4xx_StdPeriph_Driver\src\stm32f4xx_dac.o
DAC_Init                                          Libraries\STM32F4xx_StdPeriph_Driver\src\stm32f4xx_dac.o
                                                  Utilities\STM32F4-Discovery\stm32f4_discovery_audio_codec.o
DAC_SetChannel1Data                               Libraries\STM32F4xx_StdPeriph_Driver\src\stm32f4xx_dac.o
                                                  Utilities\STM32F4-Discovery\stm32f4_discovery_audio_codec.o
DAC_SetChannel2Data                               Libraries\STM32F4xx_StdPeriph_Driver\src\stm32f4xx_dac.o
DAC_SetDualChannelData                            Libraries\STM32F4xx_StdPeriph_Driver\src\stm32f4xx_dac.o
DAC_SoftwareTriggerCmd                            Libraries\STM32F4xx_StdPeriph_Driver\src\stm32f4xx_dac.o
DAC_StructInit                                    Libraries\STM32F4xx_StdPeriph_Driver\src\stm32f4xx_dac.o
DAC_WaveGenerationCmd                             Libraries\STM32F4xx_StdPeriph_Driver\src\stm32f4xx_dac.o
DBGMCU_APB1PeriphConfig                           Libraries\STM32F4xx_StdPeriph_Driver\src\stm32f4xx_dbgmcu.o
DBGMCU_APB2PeriphConfig                           Libraries\STM32F4xx_StdPeriph_Driver\src\stm32f4xx_dbgmcu.o
DBGMCU_Config                                     Libraries\STM32F4xx_StdPeriph_Driver\src\stm32f4xx_dbgmcu.o
DBGMCU_GetDEVID                                   Libraries\STM32F4xx_StdPeriph_Driver\src\stm32f4xx_dbgmcu.o
DBGMCU_GetREVID                                   Libraries\STM32F4xx_StdPeriph_Driver\src\stm32f4xx_dbgmcu.o
DCMI_CROPCmd                                      Libraries\STM32F4xx_StdPeriph_Driver\src\stm32f4xx_dcmi.o
DCMI_CROPConfig                                   Libraries\STM32F4xx_StdPeriph_Driver\src\stm32f4xx_dcmi.o
DCMI_CaptureCmd                                   Libraries\STM32F4xx_StdPeriph_Driver\src\stm32f4xx_dcmi.o
DCMI_ClearFlag                                    Libraries\STM32F4xx_StdPeriph_Driver\src\stm32f4xx_dcmi.o
DCMI_ClearITPendingBit                            Libraries\STM32F4xx_StdPeriph_Driver\src\stm32f4xx_dcmi.o
DCMI_Cmd                                          Libraries\STM32F4xx_StdPeriph_Driver\src\stm32f4xx_dcmi.o
DCMI_DeInit                                       Libraries\STM32F4xx_StdPeriph_Driver\src\stm32f4xx_dcmi.o
DCMI_GetFlagStatus                                Libraries\STM32F4xx_StdPeriph_Driver\src\stm32f4xx_dcmi.o
DCMI_GetITStatus                                  Libraries\STM32F4xx_StdPeriph_Driver\src\stm32f4xx_dcmi.o
DCMI_IRQHandler                                   src\startup_stm32f40xx.o
DCMI_ITConfig                                     Libraries\STM32F4xx_StdPeriph_Driver\src\stm32f4xx_dcmi.o
DCMI_Init                                         Libraries\STM32F4xx_StdPeriph_Driver\src\stm32f4xx_dcmi.o
DCMI_JPEGCmd                                      Libraries\STM32F4xx_StdPeriph_Driver\src\stm32f4xx_dcmi.o
DCMI_ReadData                                     Libraries\STM32F4xx_StdPeriph_Driver\src\stm32f4xx_dcmi.o
DCMI_SetEmbeddedSynchroCodes                      Libraries\STM32F4xx_StdPeriph_Driver\src\stm32f4xx_dcmi.o
DCMI_StructInit                                   Libraries\STM32F4xx_StdPeriph_Driver\src\stm32f4xx_dcmi.o
DMA1_Stream0_IRQHandler                           Utilities\STM32F4-Discovery\stm32f4_discovery_audio_codec.o
DMA1_Stream1_IRQHandler                           src\startup_stm32f40xx.o
DMA1_Stream2_IRQHandler                           src\startup_stm32f40xx.o
DMA1_Stream3_IRQHandler                           src\startup_stm32f40xx.o
DMA1_Stream4_IRQHandler                           src\startup_stm32f40xx.o
DMA1_Stream5_IRQHandler                           src\startup_stm32f40xx.o
DMA1_Stream6_IRQHandler                           src\startup_stm32f40xx.o
DMA1_Stream7_IRQHandler                           Utilities\STM32F4-Discovery\stm32f4_discovery_audio_codec.o
DMA2_Stream0_IRQHandler                           src\startup_stm32f40xx.o
DMA2_Stream1_IRQHandler                           src\startup_stm32f40xx.o
DMA2_Stream2_IRQHandler                           src\startup_stm32f40xx.o
DMA2_Stream3_IRQHandler                           src\startup_stm32f40xx.o
DMA2_Stream4_IRQHandler                           src\startup_stm32f40xx.o
DMA2_Stream5_IRQHandler                           src\startup_stm32f40xx.o
DMA2_Stream6_IRQHandler                           src\startup_stm32f40xx.o
DMA2_Stream7_IRQHandler                           src\startup_stm32f40xx.o
DMA_ClearFlag                                     Libraries\STM32F4xx_StdPeriph_Driver\src\stm32f4xx_dma.o
                                                  Utilities\STM32F4-Discovery\stm32f4_discovery_audio_codec.o
DMA_ClearITPendingBit                             Libraries\STM32F4xx_StdPeriph_Driver\src\stm32f4xx_dma.o
DMA_Cmd                                           Libraries\STM32F4xx_StdPeriph_Driver\src\stm32f4xx_dma.o
                                                  src\init_io.o
                                                  Utilities\STM32F4-Discovery\stm32f4_discovery_audio_codec.o
DMA_DeInit                                        Libraries\STM32F4xx_StdPeriph_Driver\src\stm32f4xx_dma.o
                                                  Utilities\STM32F4-Discovery\stm32f4_discovery_audio_codec.o
DMA_DoubleBufferModeCmd                           Libraries\STM32F4xx_StdPeriph_Driver\src\stm32f4xx_dma.o
DMA_DoubleBufferModeConfig                        Libraries\STM32F4xx_StdPeriph_Driver\src\stm32f4xx_dma.o
DMA_FlowControllerConfig                          Libraries\STM32F4xx_StdPeriph_Driver\src\stm32f4xx_dma.o
DMA_GetCmdStatus                                  Libraries\STM32F4xx_StdPeriph_Driver\src\stm32f4xx_dma.o
DMA_GetCurrDataCounter                            Libraries\STM32F4xx_StdPeriph_Driver\src\stm32f4xx_dma.o
DMA_GetCurrentMemoryTarget                        Libraries\STM32F4xx_StdPeriph_Driver\src\stm32f4xx_dma.o
DMA_GetFIFOStatus                                 Libraries\STM32F4xx_StdPeriph_Driver\src\stm32f4xx_dma.o
DMA_GetFlagStatus                                 Libraries\STM32F4xx_StdPeriph_Driver\src\stm32f4xx_dma.o
                                                  Utilities\STM32F4-Discovery\stm32f4_discovery_audio_codec.o
DMA_GetITStatus                                   Libraries\STM32F4xx_StdPeriph_Driver\src\stm32f4xx_dma.o
DMA_ITConfig                                      Libraries\STM32F4xx_StdPeriph_Driver\src\stm32f4xx_dma.o
                                                  Utilities\STM32F4-Discovery\stm32f4_discovery_audio_codec.o
DMA_Init                                          Libraries\STM32F4xx_StdPeriph_Driver\src\stm32f4xx_dma.o
                                                  src\init_io.o
                                                  Utilities\STM32F4-Discovery\stm32f4_discovery_audio_codec.o
DMA_InitStructure                                 Utilities\STM32F4-Discovery\stm32f4_discovery_audio_codec.o
DMA_MemoryTargetConfig                            Libraries\STM32F4xx_StdPeriph_Driver\src\stm32f4xx_dma.o
DMA_PeriphIncOffsetSizeConfig                     Libraries\STM32F4xx_StdPeriph_Driver\src\stm32f4xx_dma.o
DMA_SetCurrDataCounter                            Libraries\STM32F4xx_StdPeriph_Driver\src\stm32f4xx_dma.o
DMA_StructInit                                    Libraries\STM32F4xx_StdPeriph_Driver\src\stm32f4xx_dma.o
                                                  src\init_io.o
DebugMon_Handler                                  src\stm32f4xx_it.o
                                                  src\startup_stm32f40xx.o
Default_Handler                                   src\startup_stm32f40xx.o
ETH_IRQHandler                                    src\startup_stm32f40xx.o
ETH_WKUP_IRQHandler                               src\startup_stm32f40xx.o
EVAL_AUDIO_DeInit                                 Utilities\STM32F4-Discovery\stm32f4_discovery_audio_codec.o
EVAL_AUDIO_Error_CallBack                         src\main.o
                                                  Utilities\STM32F4-Discovery\stm32f4_discovery_audio_codec.o
EVAL_AUDIO_GetSampleCallBack                      src\main.o
                                                  Utilities\STM32F4-Discovery\stm32f4_discovery_audio_codec.o
EVAL_AUDIO_HalfTransfer_CallBack                  src\main.o
                                                  Utilities\STM32F4-Discovery\stm32f4_discovery_audio_codec.o
EVAL_AUDIO_Init                                   Utilities\STM32F4-Discovery\stm32f4_discovery_audio_codec.o
                                                  src\main.o
EVAL_AUDIO_Mute                                   Utilities\STM32F4-Discovery\stm32f4_discovery_audio_codec.o
EVAL_AUDIO_PauseResume                            Utilities\STM32F4-Discovery\stm32f4_discovery_audio_codec.o
EVAL_AUDIO_Play                                   Utilities\STM32F4-Discovery\stm32f4_discovery_audio_codec.o
                                                  src\main.o
EVAL_AUDIO_SetAudioInterface                      Utilities\STM32F4-Discovery\stm32f4_discovery_audio_codec.o
EVAL_AUDIO_Stop                                   Utilities\STM32F4-Discovery\stm32f4_discovery_audio_codec.o
EVAL_AUDIO_TransferComplete_CallBack              src\main.o