Archive member included to satisfy reference by file (symbol)

C:\stm32_workspace\STM32F4xx_DSP_StdPeriph_Lib_V1.8.0\Libraries\CMSIS\Lib\GCC\libarm_cortexM4lf_math.a(arm_sin_f32.o)
                              src\osc.o (arm_sin_f32)
C:\stm32_workspace\STM32F4xx_DSP_StdPeriph_Lib_V1.8.0\Libraries\CMSIS\Lib\GCC\libarm_cortexM4lf_math.a(arm_common_tables.o)
                              C:\stm32_workspace\STM32F4xx_DSP_StdPeriph_Lib_V1.8.0\Libraries\CMSIS\Lib\GCC\libarm_cortexM4lf_math.a(arm_sin_f32.o) (sinTable_f32)
c:/program files (x86)/atollic/truestudio for arm 7.1.2/armtools/bin/../lib/gcc/arm-atollic-eabi/5.3.1/../../../../arm-atollic-eabi/lib/armv7e-m/fpu\libc.a(lib_a-init.o)
                              src\startup_stm32f40xx.o (__libc_init_array)
c:/program files (x86)/atollic/truestudio for arm 7.1.2/armtools/bin/../lib/gcc/arm-atollic-eabi/5.3.1/../../../../arm-atollic-eabi/lib/armv7e-m/fpu\libc.a(lib_a-malloc.o)
                              src\mem.o (malloc)
c:/program files (x86)/atollic/truestudio for arm 7.1.2/armtools/bin/../lib/gcc/arm-atollic-eabi/5.3.1/../../../../arm-atollic-eabi/lib/armv7e-m/fpu\libc.a(lib_a-mallocr.o)
                              c:/program files (x86)/atollic/truestudio for arm 7.1.2/armtools/bin/../lib/gcc/arm-atollic-eabi/5.3.1/../../../../arm-atollic-eabi/lib/armv7e-m/fpu\libc.a(lib_a-malloc.o) (_malloc_r)
c:/program files (x86)/atollic/truestudio for arm 7.1.2/armtools/bin/../lib/gcc/arm-atollic-eabi/5.3.1/../../../../arm-atollic-eabi/lib/armv7e-m/fpu\libc.a(lib_a-memset.o)
                              src\snd.o (memset)
c:/program files (x86)/atollic/truestudio for arm 7.1.2/armtools/bin/../lib/gcc/arm-atollic-eabi/5.3.1/../../../../arm-atollic-eabi/lib/armv7e-m/fpu\libc.a(lib_a-mlock.o)
                              c:/program files (x86)/atollic/truestudio for arm 7.1.2/armtools/bin/../lib/gcc/arm-atollic-eabi/5.3.1/../../../../arm-atollic-eabi/lib/armv7e-m/fpu\libc.a(lib_a-mallocr.o) (__malloc_lock)
c:/program files (x86)/atollic/truestudio for arm 7.1.2/armtools/bin/../lib/gcc/arm-atollic-eabi/5.3.1/../../../../arm-atollic-eabi/lib/armv7e-m/fpu\libc.a(lib_a-sbrkr.o)
                              c:/program files (x86)/atollic/truestudio for arm 7.1.2/armtools/bin/../lib/gcc/arm-atollic-eabi/5.3.1/../../../../arm-atollic-eabi/lib/armv7e-m/fpu\libc.a(lib_a-mallocr.o) (_sbrk_r)
c:/program files (x86)/atollic/truestudio for arm 7.1.2/armtools/bin/../lib/gcc/arm-atollic-eabi/5.3.1/../../../../arm-atollic-eabi/lib/armv7e-m/fpu\libc.a(lib_a-strlen.o)
                              src\lcd.o (strlen)
c:/program files (x86)/atollic/truestudio for arm 7.1.2/armtools/bin/../lib/gcc/arm-atollic-eabi/5.3.1/../../../../arm-atollic-eabi/lib/armv7e-m/fpu\libc.a(lib_a-freer.o)
                              c:/program files (x86)/atollic/truestudio for arm 7.1.2/armtools/bin/../lib/gcc/arm-atollic-eabi/5.3.1/../../../../arm-atollic-eabi/lib/armv7e-m/fpu\libc.a(lib_a-malloc.o) (_free_r)
c:/program files (x86)/atollic/truestudio for arm 7.1.2/armtools/bin/../lib/gcc/arm-atollic-eabi/5.3.1/../../../../arm-atollic-eabi/lib/armv7e-m/fpu\libc.a(lib_a-impure.o)
                              c:/program files (x86)/atollic/truestudio for arm 7.1.2/armtools/bin/../lib/gcc/arm-atollic-eabi/5.3.1/../../../../arm-atollic-eabi/lib/armv7e-m/fpu\libc.a(lib_a-malloc.o) (_impure_ptr)
c:/program files (x86)/atollic/truestudio for arm 7.1.2/armtools/bin/../lib/gcc/arm-atollic-eabi/5.3.1/../../../../arm-atollic-eabi/lib/armv7e-m/fpu\libc.a(lib_a-reent.o)
                              c:/program files (x86)/atollic/truestudio for arm 7.1.2/armtools/bin/../lib/gcc/arm-atollic-eabi/5.3.1/../../../../arm-atollic-eabi/lib/armv7e-m/fpu\libc.a(lib_a-sbrkr.o) (errno)
c:/program files (x86)/atollic/truestudio for arm 7.1.2/armtools/bin/../lib/gcc/arm-atollic-eabi/5.3.1/../../../../arm-atollic-eabi/lib/armv7e-m/fpu\libm.a(lib_a-sf_cos.o)
                              src\biquad.o (cosf)
c:/program files (x86)/atollic/truestudio for arm 7.1.2/armtools/bin/../lib/gcc/arm-atollic-eabi/5.3.1/../../../../arm-atollic-eabi/lib/armv7e-m/fpu\libm.a(lib_a-sf_sin.o)
                              src\biquad.o (sinf)
c:/program files (x86)/atollic/truestudio for arm 7.1.2/armtools/bin/../lib/gcc/arm-atollic-eabi/5.3.1/../../../../arm-atollic-eabi/lib/armv7e-m/fpu\libm.a(lib_a-wf_pow.o)
                              src\biquad.o (powf)
c:/program files (x86)/atollic/truestudio for arm 7.1.2/armtools/bin/../lib/gcc/arm-atollic-eabi/5.3.1/../../../../arm-atollic-eabi/lib/armv7e-m/fpu\libm.a(lib_a-wf_sqrt.o)
                              src\biquad.o (sqrtf)
c:/program files (x86)/atollic/truestudio for arm 7.1.2/armtools/bin/../lib/gcc/arm-atollic-eabi/5.3.1/../../../../arm-atollic-eabi/lib/armv7e-m/fpu\libm.a(lib_a-ef_pow.o)
[...]
Memory Configuration

Name             Origin             Length             Attributes
FLASH            0x08000000         0x00100000         xr
RAM              0x20000000         0x00020000         xrw
MEMORY_B1        0x60000000         0x00000000         xr
CCMRAM           0x10000000         0x00010000         rw
*default*        0x00000000         0xffffffff

Linker script and memory map

LOAD c:/program files (x86)/atollic/truestudio for arm 7.1.2/armtools/bin/../lib/gcc/arm-atollic-eabi/5.3.1/armv7e-m/fpu/crti.o
LOAD c:/program files (x86)/atollic/truestudio for arm 7.1.2/armtools/bin/../lib/gcc/arm-atollic-eabi/5.3.1/armv7e-m/fpu/crtbegin.o
LOAD Libraries\STM32F4xx_StdPeriph_Driver\src\misc.o
LOAD Libraries\STM32F4xx_StdPeriph_Driver\src\stm32f4xx_adc.o
LOAD Libraries\STM32F4xx_StdPeriph_Driver\src\stm32f4xx_can.o
LOAD Libraries\STM32F4xx_StdPeriph_Driver\src\stm32f4xx_crc.o
LOAD Libraries\STM32F4xx_StdPeriph_Driver\src\stm32f4xx_cryp.o
LOAD Libraries\STM32F4xx_StdPeriph_Driver\src\stm32f4xx_cryp_aes.o
LOAD Libraries\STM32F4xx_StdPeriph_Driver\src\stm32f4xx_cryp_des.o
LOAD Libraries\STM32F4xx_StdPeriph_Driver\src\stm32f4xx_cryp_tdes.o
LOAD Libraries\STM32F4xx_StdPeriph_Driver\src\stm32f4xx_dac.o
LOAD Libraries\STM32F4xx_StdPeriph_Driver\src\stm32f4xx_dbgmcu.o
LOAD Libraries\STM32F4xx_StdPeriph_Driver\src\stm32f4xx_dcmi.o
LOAD Libraries\STM32F4xx_StdPeriph_Driver\src\stm32f4xx_dma.o
LOAD Libraries\STM32F4xx_StdPeriph_Driver\src\stm32f4xx_exti.o
LOAD Libraries\STM32F4xx_StdPeriph_Driver\src\stm32f4xx_flash.o
LOAD Libraries\STM32F4xx_StdPeriph_Driver\src\stm32f4xx_fsmc.o
LOAD Libraries\STM32F4xx_StdPeriph_Driver\src\stm32f4xx_gpio.o
LOAD Libraries\STM32F4xx_StdPeriph_Driver\src\stm32f4xx_hash.o
LOAD Libraries\STM32F4xx_StdPeriph_Driver\src\stm32f4xx_hash_md5.o
LOAD Libraries\STM32F4xx_StdPeriph_Driver\src\stm32f4xx_hash_sha1.o
LOAD Libraries\STM32F4xx_StdPeriph_Driver\src\stm32f4xx_i2c.o
LOAD Libraries\STM32F4xx_StdPeriph_Driver\src\stm32f4xx_iwdg.o
LOAD Libraries\STM32F4xx_StdPeriph_Driver\src\stm32f4xx_pwr.o
LOAD Libraries\STM32F4xx_StdPeriph_Driver\src\stm32f4xx_rcc.o
LOAD Libraries\STM32F4xx_StdPeriph_Driver\src\stm32f4xx_rng.o
LOAD Libraries\STM32F4xx_StdPeriph_Driver\src\stm32f4xx_rtc.o
LOAD Libraries\STM32F4xx_StdPeriph_Driver\src\stm32f4xx_sdio.o
LOAD Libraries\STM32F4xx_StdPeriph_Driver\src\stm32f4xx_spi.o
LOAD Libraries\STM32F4xx_StdPeriph_Driver\src\stm32f4xx_syscfg.o
LOAD Libraries\STM32F4xx_StdPeriph_Driver\src\stm32f4xx_tim.o
LOAD Libraries\STM32F4xx_StdPeriph_Driver\src\stm32f4xx_usart.o
LOAD Libraries\STM32F4xx_StdPeriph_Driver\src\stm32f4xx_wwdg.o
LOAD Utilities\STM32F4-Discovery\stm32f4_discovery.o
LOAD Utilities\STM32F4-Discovery\stm32f4_discovery_audio_codec.o
LOAD Utilities\STM32F4-Discovery\stm32f4_discovery_lis302dl.o
LOAD src\biquad.o
LOAD src\init_io.o
LOAD src\lcd.o
LOAD src\main.o
LOAD src\mem.o
LOAD src\osc.o
LOAD src\snd.o
LOAD src\startup_stm32f40xx.o
LOAD src\stm32f4xx_it.o
LOAD src\system_stm32f4xx.o
LOAD src\user_interface.o
LOAD C:\stm32_workspace\STM32F4xx_DSP_StdPeriph_Lib_V1.8.0\Libraries\CMSIS\Lib\GCC\libarm_cortexM4lf_math.a
START GROUP
LOAD c:/program files (x86)/atollic/truestudio for arm 7.1.2/armtools/bin/../lib/gcc/arm-atollic-eabi/5.3.1/../../../../arm-atollic-eabi/lib/armv7e-m/fpu\libc.a
LOAD c:/program files (x86)/atollic/truestudio for arm 7.1.2/armtools/bin/../lib/gcc/arm-atollic-eabi/5.3.1/../../../../arm-atollic-eabi/lib/armv7e-m/fpu\libm.a
END GROUP
                0x00000080                malloc_getpagesize_P = 0x80
START GROUP
LOAD c:/program files (x86)/atollic/truestudio for arm 7.1.2/armtools/bin/../lib/gcc/arm-atollic-eabi/5.3.1/armv7e-m/fpu\libgcc.a
LOAD c:/program files (x86)/atollic/truestudio for arm 7.1.2/armtools/bin/../lib/gcc/arm-atollic-eabi/5.3.1/../../../../arm-atollic-eabi/lib/armv7e-m/fpu\libc.a
END GROUP
START GROUP
LOAD c:/program files (x86)/atollic/truestudio for arm 7.1.2/armtools/bin/../lib/gcc/arm-atollic-eabi/5.3.1/armv7e-m/fpu\libgcc.a
LOAD c:/program files (x86)/atollic/truestudio for arm 7.1.2/armtools/bin/../lib/gcc/arm-atollic-eabi/5.3.1/../../../../arm-atollic-eabi/lib/armv7e-m/fpu\libc.a
LOAD c:/program files (x86)/atollic/truestudio for arm 7.1.2/armtools/bin/../lib/gcc/arm-atollic-eabi/5.3.1/../../../../arm-atollic-eabi/lib/armv7e-m/fpu\libnosys.a
END GROUP
LOAD c:/program files (x86)/atollic/truestudio for arm 7.1.2/armtools/bin/../lib/gcc/arm-atollic-eabi/5.3.1/armv7e-m/fpu/crtend.o
LOAD c:/program files (x86)/atollic/truestudio for arm 7.1.2/armtools/bin/../lib/gcc/arm-atollic-eabi/5.3.1/armv7e-m/fpu/crtn.o
                0x20020000                _estack = 0x20020000
                0x00000000                _Min_Heap_Size = 0x0
                0x00000400                _Min_Stack_Size = 0x400

.isr_vector     0x08000000      0x188
                0x08000000                . = ALIGN (0x4)
 *(.isr_vector)
 .isr_vector    0x08000000      0x188 src\startup_stm32f40xx.o
                0x08000000                g_pfnVectors
                0x08000188                . = ALIGN (0x4)

.text           0x08000188     0x78d4
                0x08000188                . = ALIGN (0x4)
 *(.text)
 .text          0x08000188       0x40 c:/program files (x86)/atollic/truestudio for arm 7.1.2/armtools/bin/../lib/gcc/arm-atollic-eabi/5.3.1/armv7e-m/fpu/crtbegin.o
 .text          0x080001c8      0x370 c:/program files (x86)/atollic/truestudio for arm 7.1.2/armtools/bin/../lib/gcc/arm-atollic-eabi/5.3.1/armv7e-m/fpu\libgcc.a(_arm_addsubdf3.o)
                0x080001c8                __aeabi_drsub
                0x080001d0                __aeabi_dsub
                0x080001d0                __subdf3
                0x080001d4                __aeabi_dadd
                0x080001d4                __adddf3
                0x0800044c                __floatunsidf
                0x0800044c                __aeabi_ui2d
                0x0800046c                __floatsidf
                0x0800046c                __aeabi_i2d
                0x08000490                __aeabi_f2d
                0x08000490                __extendsfdf2
                0x080004cc                __floatundidf
                0x080004cc                __aeabi_ul2d
                0x080004dc                __floatdidf
                0x080004dc                __aeabi_l2d
 .text          0x08000538      0x424 c:/program files (x86)/atollic/truestudio for arm 7.1.2/armtools/bin/../lib/gcc/arm-atollic-eabi/5.3.1/armv7e-m/fpu\libgcc.a(_arm_muldivdf3.o)
                0x08000538                __aeabi_dmul
                0x08000538                __muldf3
                0x0800078c                __divdf3
                0x0800078c                __aeabi_ddiv
 .text          0x0800095c      0x110 c:/program files (x86)/atollic/truestudio for arm 7.1.2/armtools/bin/../lib/gcc/arm-atollic-eabi/5.3.1/armv7e-m/fpu\libgcc.a(_arm_cmpdf2.o)
                0x0800095c                __gtdf2
                0x0800095c                __gedf2
                0x08000964                __ltdf2
                0x08000964                __ledf2
                0x0800096c                __nedf2
                0x0800096c                __eqdf2
                0x0800096c                __cmpdf2
                0x080009e8                __aeabi_cdrcmple
                0x080009f8                __aeabi_cdcmpeq
                0x080009f8                __aeabi_cdcmple
                0x08000a08                __aeabi_dcmpeq
                0x08000a1c                __aeabi_dcmplt
                0x08000a30                __aeabi_dcmple
                0x08000a44                __aeabi_dcmpge
                0x08000a58                __aeabi_dcmpgt
 .text          0x08000a6c       0xa0 c:/program files (x86)/atollic/truestudio for arm 7.1.2/armtools/bin/../lib/gcc/arm-atollic-eabi/5.3.1/armv7e-m/fpu\libgcc.a(_arm_truncdfsf2.o)
                0x08000a6c                __truncdfsf2
                0x08000a6c                __aeabi_d2f
 *(.text*)
 .text.NVIC_Init
                0x08000b0c       0xc4 Libraries\STM32F4xx_StdPeriph_Driver\src\misc.o
                0x08000b0c                NVIC_Init
 .text.ADC_DeInit
                0x08000bd0       0x1c Libraries\STM32F4xx_StdPeriph_Driver\src\stm32f4xx_adc.o
                0x08000bd0                ADC_DeInit
 .text.ADC_Init
                0x08000bec       0xac Libraries\STM32F4xx_StdPeriph_Driver\src\stm32f4xx_adc.o
                0x08000bec                ADC_Init
 .text.ADC_StructInit
                0x08000c98       0x40 Libraries\STM32F4xx_StdPeriph_Driver\src\stm32f4xx_adc.o
                0x08000c98                ADC_StructInit
 .text.ADC_CommonInit
                0x08000cd8       0x50 Libraries\STM32F4xx_StdPeriph_Driver\src\stm32f4xx_adc.o
                0x08000cd8                ADC_CommonInit
 .text.ADC_CommonStructInit
                0x08000d28       0x2c Libraries\STM32F4xx_StdPeriph_Driver\src\stm32f4xx_adc.o
                0x08000d28                ADC_CommonStructInit
 .text.ADC_Cmd  0x08000d54       0x38 Libraries\STM32F4xx_StdPeriph_Driver\src\stm32f4xx_adc.o
                0x08000d54                ADC_Cmd
 .text.ADC_RegularChannelConfig
                0x08000d8c      0x194 Libraries\STM32F4xx_StdPeriph_Driver\src\stm32f4xx_adc.o
                0x08000d8c                ADC_RegularChannelConfig
 .text.ADC_DMACmd
                0x08000f20       0x38 Libraries\STM32F4xx_StdPeriph_Driver\src\stm32f4xx_adc.o
                0x08000f20                ADC_DMACmd
 .text.ADC_DMARequestAfterLastTransferCmd
                0x08000f58       0x38 Libraries\STM32F4xx_StdPeriph_Driver\src\stm32f4xx_adc.o
                0x08000f58                ADC_DMARequestAfterLastTransferCmd
 .text.ADC_ClearITPendingBit
                0x08000f90       0x2c Libraries\STM32F4xx_StdPeriph_Driver\src\stm32f4xx_adc.o
                0x08000f90                ADC_ClearITPendingBit
 .text.DAC_Init
                0x08000fbc       0x68 Libraries\STM32F4xx_StdPeriph_Driver\src\stm32f4xx_dac.o
                0x08000fbc                DAC_Init
 .text.DAC_Cmd  0x08001024       0x4c Libraries\STM32F4xx_StdPeriph_Driver\src\stm32f4xx_dac.o
                0x08001024                DAC_Cmd
 .text.DAC_SetChannel1Data
                0x08001070       0x38 Libraries\STM32F4xx_StdPeriph_Driver\src\stm32f4xx_dac.o
                0x08001070                DAC_SetChannel1Data
 .text.DMA_DeInit
                0x080010a8      0x1a8 Libraries\STM32F4xx_StdPeriph_Driver\src\stm32f4xx_dma.o
                0x080010a8                DMA_DeInit
 .text.DMA_Init
                0x08001250       0xb0 Libraries\STM32F4xx_StdPeriph_Driver\src\stm32f4xx_dma.o
                0x08001250                DMA_Init
 .text.DMA_StructInit
                0x08001300       0x70 Libraries\STM32F4xx_StdPeriph_Driver\src\stm32f4xx_dma.o
                0x08001300                DMA_StructInit
 .text.DMA_Cmd  0x08001370       0x38 Libraries\STM32F4xx_StdPeriph_Driver\src\stm32f4xx_dma.o
                0x08001370                DMA_Cmd
 .text.DMA_GetFlagStatus
                0x080013a8       0x78 Libraries\STM32F4xx_StdPeriph_Driver\src\stm32f4xx_dma.o
                0x080013a8                DMA_GetFlagStatus
 .text.DMA_ClearFlag
                0x08001420       0x5c Libraries\STM32F4xx_StdPeriph_Driver\src\stm32f4xx_dma.o
                0x08001420                DMA_ClearFlag
 .text.DMA_ITConfig
                0x0800147c       0x74 Libraries\STM32F4xx_StdPeriph_Driver\src\stm32f4xx_dma.o
                0x0800147c                DMA_ITConfig
 .text.EXTI_Init
                0x080014f0       0xe4 Libraries\STM32F4xx_StdPeriph_Driver\src\stm32f4xx_exti.o
                0x080014f0                EXTI_Init
 .text.EXTI_ClearITPendingBit
                0x080015d4       0x20 Libraries\STM32F4xx_StdPeriph_Driver\src\stm32f4xx_exti.o
                0x080015d4                EXTI_ClearITPendingBit
 .text.GPIO_Init
                0x080015f4      0x11c Libraries\STM32F4xx_StdPeriph_Driver\src\stm32f4xx_gpio.o
                0x080015f4                GPIO_Init
 .text.GPIO_StructInit
                0x08001710       0x34 Libraries\STM32F4xx_StdPeriph_Driver\src\stm32f4xx_gpio.o
                0x08001710                GPIO_StructInit
 .text.GPIO_WriteBit
                0x08001744       0x30 Libraries\STM32F4xx_StdPeriph_Driver\src\stm32f4xx_gpio.o
                0x08001744                GPIO_WriteBit
 .text.GPIO_PinAFConfig
                0x08001774       0x94 Libraries\STM32F4xx_StdPeriph_Driver\src\stm32f4xx_gpio.o
                0x08001774                GPIO_PinAFConfig
 .text.I2C_DeInit
                0x08001808       0x74 Libraries\STM32F4xx_StdPeriph_Driver\src\stm32f4xx_i2c.o
                0x08001808                I2C_DeInit
 .text.I2C_Init
                0x0800187c      0x184 Libraries\STM32F4xx_StdPeriph_Driver\src\stm32f4xx_i2c.o
                0x0800187c                I2C_Init
 .text.I2C_Cmd  0x08001a00       0x40 Libraries\STM32F4xx_StdPeriph_Driver\src\stm32f4xx_i2c.o
                0x08001a00                I2C_Cmd
 .text.I2C_GenerateSTART
                0x08001a40       0x40 Libraries\STM32F4xx_StdPeriph_Driver\src\stm32f4xx_i2c.o
                0x08001a40                I2C_GenerateSTART
 .text.I2C_GenerateSTOP
                0x08001a80       0x40 Libraries\STM32F4xx_StdPeriph_Driver\src\stm32f4xx_i2c.o
                0x08001a80                I2C_GenerateSTOP
 .text.I2C_Send7bitAddress
                0x08001ac0       0x3c Libraries\STM32F4xx_StdPeriph_Driver\src\stm32f4xx_i2c.o
                0x08001ac0                I2C_Send7bitAddress
 .text.I2C_AcknowledgeConfig
                0x08001afc       0x40 Libraries\STM32F4xx_StdPeriph_Driver\src\stm32f4xx_i2c.o
                0x08001afc                I2C_AcknowledgeConfig
 .text.I2C_SendData
                0x08001b3c       0x20 Libraries\STM32F4xx_StdPeriph_Driver\src\stm32f4xx_i2c.o
                0x08001b3c                I2C_SendData
 .text.I2C_ReceiveData
                0x08001b5c       0x1c Libraries\STM32F4xx_StdPeriph_Driver\src\stm32f4xx_i2c.o
                0x08001b5c                I2C_ReceiveData
 .text.I2C_CheckEvent
                0x08001b78       0x60 Libraries\STM32F4xx_StdPeriph_Driver\src\stm32f4xx_i2c.o
                0x08001b78                I2C_CheckEvent
 .text.I2C_GetFlagStatus
                0x08001bd8       0x68 Libraries\STM32F4xx_StdPeriph_Driver\src\stm32f4xx_i2c.o
                0x08001bd8                I2C_GetFlagStatus
 .text.I2C_ClearFlag
                0x08001c40       0x30 Libraries\STM32F4xx_StdPeriph_Driver\src\stm32f4xx_i2c.o
                0x08001c40                I2C_ClearFlag
 .text.RCC_GetClocksFreq
                0x08001c70      0x154 Libraries\STM32F4xx_StdPeriph_Driver\src\stm32f4xx_rcc.o
                0x08001c70                RCC_GetClocksFreq
 .text.RCC_AHB1PeriphClockCmd
                0x08001dc4       0x40 Libraries\STM32F4xx_StdPeriph_Driver\src\stm32f4xx_rcc.o
                0x08001dc4                RCC_AHB1PeriphClockCmd
 .text.RCC_APB1PeriphClockCmd
                0x08001e04       0x40 Libraries\STM32F4xx_StdPeriph_Driver\src\stm32f4xx_rcc.o
                0x08001e04                RCC_APB1PeriphClockCmd
 .text.RCC_APB2PeriphClockCmd
                0x08001e44       0x40 Libraries\STM32F4xx_StdPeriph_Driver\src\stm32f4xx_rcc.o
                0x08001e44                RCC_APB2PeriphClockCmd
 .text.RCC_APB1PeriphResetCmd
                0x08001e84       0x40 Libraries\STM32F4xx_StdPeriph_Driver\src\stm32f4xx_rcc.o
                0x08001e84                RCC_APB1PeriphResetCmd
 .text.RCC_APB2PeriphResetCmd
                0x08001ec4       0x40 Libraries\STM32F4xx_StdPeriph_Driver\src\stm32f4xx_rcc.o
                0x08001ec4                RCC_APB2PeriphResetCmd
 .text.SPI_I2S_DeInit
                0x08001f04       0xdc Libraries\STM32F4xx_StdPeriph_Driver\src\stm32f4xx_spi.o
                0x08001f04                SPI_I2S_DeInit
 .text.I2S_Init
                0x08001fe0      0x1b4 Libraries\STM32F4xx_StdPeriph_Driver\src\stm32f4xx_spi.o
                0x08001fe0                I2S_Init
 .text.I2S_Cmd  0x08002194       0x40 Libraries\STM32F4xx_StdPeriph_Driver\src\stm32f4xx_spi.o
                0x08002194                I2S_Cmd
 .text.SPI_I2S_SendData
                0x080021d4       0x20 Libraries\STM32F4xx_StdPeriph_Driver\src\stm32f4xx_spi.o
                0x080021d4                SPI_I2S_SendData
 .text.SPI_I2S_DMACmd
                0x080021f4       0x48 Libraries\STM32F4xx_StdPeriph_Driver\src\stm32f4xx_spi.o
                0x080021f4                SPI_I2S_DMACmd
 .text.SPI_I2S_ITConfig
                0x0800223c       0x64 Libraries\STM32F4xx_StdPeriph_Driver\src\stm32f4xx_spi.o
                0x0800223c                SPI_I2S_ITConfig
 .text.SPI_I2S_GetFlagStatus
                0x080022a0       0x38 Libraries\STM32F4xx_StdPeriph_Driver\src\stm32f4xx_spi.o
                0x080022a0                SPI_I2S_GetFlagStatus
 .text.SYSCFG_EXTILineConfig
                0x080022d8       0x84 Libraries\STM32F4xx_StdPeriph_Driver\src\stm32f4xx_syscfg.o
                0x080022d8                SYSCFG_EXTILineConfig
 .text.TIM_TimeBaseInit
                0x0800235c       0xd8 Libraries\STM32F4xx_StdPeriph_Driver\src\stm32f4xx_tim.o
                0x0800235c                TIM_TimeBaseInit
 .text.TIM_TimeBaseStructInit
                0x08002434       0x34 Libraries\STM32F4xx_StdPeriph_Driver\src\stm32f4xx_tim.o
                0x08002434                TIM_TimeBaseStructInit
 .text.TIM_Cmd  0x08002468       0x40 Libraries\STM32F4xx_StdPeriph_Driver\src\stm32f4xx_tim.o
                0x08002468                TIM_Cmd
 .text.TIM_ITConfig
                0x080024a8       0x48 Libraries\STM32F4xx_StdPeriph_Driver\src\stm32f4xx_tim.o
                0x080024a8                TIM_ITConfig
 .text.TIM_ClearITPendingBit
                0x080024f0       0x24 Libraries\STM32F4xx_StdPeriph_Driver\src\stm32f4xx_tim.o
                0x080024f0                TIM_ClearITPendingBit
 .text.TIM_SelectOutputTrigger
                0x08002514       0x38 Libraries\STM32F4xx_StdPeriph_Driver\src\stm32f4xx_tim.o
                0x08002514                TIM_SelectOutputTrigger
 .text.STM_EVAL_LEDOn
                0x0800254c       0x30 Utilities\STM32F4-Discovery\stm32f4_discovery.o
                0x0800254c                STM_EVAL_LEDOn
 .text.EVAL_AUDIO_Init
                0x0800257c       0x58 Utilities\STM32F4-Discovery\stm32f4_discovery_audio_codec.o
                0x0800257c                EVAL_AUDIO_Init
 .text.EVAL_AUDIO_Play
                0x080025d4       0x6c Utilities\STM32F4-Discovery\stm32f4_discovery_audio_codec.o
                0x080025d4                EVAL_AUDIO_Play
 .text.Audio_MAL_IRQHandler
                0x08002640      0x100 Utilities\STM32F4-Discovery\stm32f4_discovery_audio_codec.o
 .text.DMA1_Stream7_IRQHandler
                0x08002740        0xc Utilities\STM32F4-Discovery\stm32f4_discovery_audio_codec.o
                0x08002740                DMA1_Stream7_IRQHandler
 .text.DMA1_Stream0_IRQHandler
                0x0800274c        0xc Utilities\STM32F4-Discovery\stm32f4_discovery_audio_codec.o
                0x0800274c                DMA1_Stream0_IRQHandler
 .text.SPI3_IRQHandler
                0x08002758       0x44 Utilities\STM32F4-Discovery\stm32f4_discovery_audio_codec.o
                0x08002758                SPI3_IRQHandler
 .text.Codec_Init
                0x0800279c      0x158 Utilities\STM32F4-Discovery\stm32f4_discovery_audio_codec.o
 .text.Codec_Play
                0x080028f4       0x10 Utilities\STM32F4-Discovery\stm32f4_discovery_audio_codec.o
 .text.Codec_VolumeCtrl
                0x08002904       0x78 Utilities\STM32F4-Discovery\stm32f4_discovery_audio_codec.o
 .text.Codec_Reset
                0x0800297c       0x28 Utilities\STM32F4-Discovery\stm32f4_discovery_audio_codec.o
 .text.Codec_WriteRegister
                0x080029a4      0x160 Utilities\STM32F4-Discovery\stm32f4_discovery_audio_codec.o
 .text.Codec_ReadRegister
                0x08002b04      0x208 Utilities\STM32F4-Discovery\stm32f4_discovery_audio_codec.o
 .text.Codec_CtrlInterface_Init
                0x08002d0c       0x58 Utilities\STM32F4-Discovery\stm32f4_discovery_audio_codec.o
 .text.Codec_AudioInterface_Init
                0x08002d64       0x84 Utilities\STM32F4-Discovery\stm32f4_discovery_audio_codec.o
 .text.Codec_GPIO_Init
                0x08002de8      0x120 Utilities\STM32F4-Discovery\stm32f4_discovery_audio_codec.o
 .text.Delay    0x08002f08       0x24 Utilities\STM32F4-Discovery\stm32f4_discovery_audio_codec.o
 .text.Audio_MAL_Init
                0x08002f2c      0x150 Utilities\STM32F4-Discovery\stm32f4_discovery_audio_codec.o
 .text.Audio_MAL_Play
                0x0800307c       0x8c Utilities\STM32F4-Discovery\stm32f4_discovery_audio_codec.o
                0x0800307c                Audio_MAL_Play
 .text.DAC_Config
                0x08003108       0x60 Utilities\STM32F4-Discovery\stm32f4_discovery_audio_codec.o
                0x08003108                DAC_Config
 .text.sf_biquad_process
                0x08003168      0x1d8 src\biquad.o
                0x08003168                sf_biquad_process
 .text.state_reset
                0x08003340       0x54 src\biquad.o
 .text.state_scale
                0x08003394       0x40 src\biquad.o
 .text.state_passthrough
                0x080033d4       0x1c src\biquad.o
 .text.state_zero
                0x080033f0       0x20 src\biquad.o
 .text.sf_lowpass
                0x08003410      0x170 src\biquad.o
                0x08003410                sf_lowpass
 .text.init_adc
                0x08003580      0x294 src\init_io.o
                0x08003580                init_adc
 .text.init_gpios
                0x08003814       0xe4 src\init_io.o
                0x08003814                init_gpios
 .text.init_push_buttons
                0x080038f8      0x14c src\init_io.o
                0x080038f8                init_push_buttons
 .text.main     0x08003a44       0x38 src\main.o
                0x08003a44                main
 .text.Codec_TIMEOUT_UserCallback
                0x08003a7c       0x10 src\main.o
                0x08003a7c                Codec_TIMEOUT_UserCallback
 .text.EVAL_AUDIO_HalfTransfer_CallBack
                0x08003a8c       0x1c src\main.o
                0x08003a8c                EVAL_AUDIO_HalfTransfer_CallBack
 .text.EVAL_AUDIO_TransferComplete_CallBack
                0x08003aa8       0x20 src\main.o
                0x08003aa8                EVAL_AUDIO_TransferComplete_CallBack
 .text.EVAL_AUDIO_GetSampleCallBack
                0x08003ac8       0x10 src\main.o
                0x08003ac8                EVAL_AUDIO_GetSampleCallBack
 .text.EVAL_AUDIO_Error_CallBack
                0x08003ad8       0x18 src\main.o
                0x08003ad8                EVAL_AUDIO_Error_CallBack
 .text.generate_waveforms
                0x08003af0     0x1788 src\osc.o
                0x08003af0                generate_waveforms
 .text.adsr     0x08005278      0x754 src\osc.o
                0x08005278                adsr
 .text.gen_square_angle
                0x080059cc       0x50 src\osc.o
                0x080059cc                gen_square_angle
 .text.gen_sawtooth_angle
                0x08005a1c       0x5c src\osc.o
                0x08005a1c                gen_sawtooth_angle
 .text.gen_sawtooth_integral_angle
                0x08005a78       0x80 src\osc.o
                0x08005a78                gen_sawtooth_integral_angle
 .text.gen_rampdown_angle
                0x08005af8       0x5c src\osc.o
                0x08005af8                gen_rampdown_angle
 *fill*         0x08005b54        0x4 
 .text.gen_rampdown_angle2
                0x08005b58       0x94 src\osc.o
                0x08005b58                gen_rampdown_angle2
 .text.gen_triangle_angle
                0x08005bec       0x8c src\osc.o
                0x08005bec                gen_triangle_angle
 .text.gen_triangle_integral_angle
                0x08005c78      0x108 src\osc.o
                0x08005c78                gen_triangle_integral_angle
 .text.fast_fmod
                0x08005d80       0x48 src\osc.o
                0x08005d80                fast_fmod
 .text.moving_avg
                0x08005dc8       0x48 src\osc.o
                0x08005dc8                moving_avg
 .text.pseudo_log
                0x08005e10      0x110 src\osc.o
                0x08005e10                pseudo_log
 .text.Reset_Handler
                0x08005f20       0x50 src\startup_stm32f40xx.o
                0x08005f20                Reset_Handler
 .text.Default_Handler
                0x08005f70        0x2 src\startup_stm32f40xx.o
                0x08005f70                RTC_Alarm_IRQHandler
                0x08005f70                HASH_RNG_IRQHandler
                0x08005f70                TIM8_CC_IRQHandler
                0x08005f70                TIM1_CC_IRQHandler
                0x08005f70                DMA2_Stream5_IRQHandler
                0x08005f70                DMA1_Stream5_IRQHandler
                0x08005f70                PVD_IRQHandler
                0x08005f70                SDIO_IRQHandler
                0x08005f70                TAMP_STAMP_IRQHandler
                0x08005f70                CAN2_RX1_IRQHandler
                0x08005f70                TIM8_TRG_COM_TIM14_IRQHandler
                0x08005f70                TIM1_UP_TIM10_IRQHandler
                0x08005f70                TIM8_UP_TIM13_IRQHandler
                0x08005f70                I2C3_ER_IRQHandler
                0x08005f70                I2C2_EV_IRQHandler
                0x08005f70                DMA1_Stream2_IRQHandler
                0x08005f70                CAN1_RX0_IRQHandler
                0x08005f70                FPU_IRQHandler
                0x08005f70                OTG_HS_WKUP_IRQHandler
                0x08005f70                CAN2_SCE_IRQHandler
                0x08005f70                DMA2_Stream2_IRQHandler
                0x08005f70                SPI1_IRQHandler
                0x08005f70                TIM6_DAC_IRQHandler
                0x08005f70                TIM1_BRK_TIM9_IRQHandler
                0x08005f70                DCMI_IRQHandler
                0x08005f70                CAN2_RX0_IRQHandler
                0x08005f70                DMA2_Stream3_IRQHandler
                0x08005f70                USART6_IRQHandler
                0x08005f70                USART3_IRQHandler
                0x08005f70                CRYP_IRQHandler
                0x08005f70                CAN1_RX1_IRQHandler
                0x08005f70                UART5_IRQHandler
                0x08005f70                DMA2_Stream0_IRQHandler
                0x08005f70                I2C1_EV_IRQHandler
                0x08005f70                DMA1_Stream6_IRQHandler
                0x08005f70                DMA1_Stream1_IRQHandler
                0x08005f70                UART4_IRQHandler
                0x08005f70                RCC_IRQHandler
                0x08005f70                TIM8_BRK_TIM12_IRQHandler
                0x08005f70                Default_Handler
                0x08005f70                TIM7_IRQHandler
                0x08005f70                CAN2_TX_IRQHandler
                0x08005f70                TIM5_IRQHandler
                0x08005f70                DMA2_Stream7_IRQHandler
                0x08005f70                I2C3_EV_IRQHandler
                0x08005f70                RTC_WKUP_IRQHandler
                0x08005f70                ETH_WKUP_IRQHandler
                0x08005f70                SPI2_IRQHandler
                0x08005f70                OTG_HS_EP1_IN_IRQHandler
                0x08005f70                CAN1_TX_IRQHandler
                0x08005f70                EXTI4_IRQHandler
                0x08005f70                FSMC_IRQHandler
                0x08005f70                ETH_IRQHandler
                0x08005f70                OTG_HS_EP1_OUT_IRQHandler
                0x08005f70                WWDG_IRQHandler
                0x08005f70                TIM2_IRQHandler
                0x08005f70                OTG_FS_WKUP_IRQHandler
                0x08005f70                TIM1_TRG_COM_TIM11_IRQHandler
                0x08005f70                OTG_HS_IRQHandler
                0x08005f70                USART2_IRQHandler
                0x08005f70                I2C2_ER_IRQHandler
                0x08005f70                DMA2_Stream1_IRQHandler
                0x08005f70                CAN1_SCE_IRQHandler
                0x08005f70                FLASH_IRQHandler
                0x08005f70                DMA2_Stream4_IRQHandler
                0x08005f70                USART1_IRQHandler
                0x08005f70                OTG_FS_IRQHandler
                0x08005f70                DMA1_Stream4_IRQHandler
                0x08005f70                I2C1_ER_IRQHandler
                0x08005f70                DMA2_Stream6_IRQHandler
                0x08005f70                DMA1_Stream3_IRQHandler
 *fill*         0x08005f72        0x2 
 .text.NMI_Handler
                0x08005f74       0x10 src\stm32f4xx_it.o
                0x08005f74                NMI_Handler
 .text.HardFault_Handler
                0x08005f84        0x8 src\stm32f4xx_it.o
                0x08005f84                HardFault_Handler
 .text.MemManage_Handler
                0x08005f8c        0x8 src\stm32f4xx_it.o
                0x08005f8c                MemManage_Handler
 .text.BusFault_Handler
                0x08005f94        0x8 src\stm32f4xx_it.o
                0x08005f94                BusFault_Handler
 .text.UsageFault_Handler
                0x08005f9c        0x8 src\stm32f4xx_it.o
                0x08005f9c                UsageFault_Handler
 .text.SVC_Handler
                0x08005fa4       0x10 src\stm32f4xx_it.o
                0x08005fa4                SVC_Handler
 .text.DebugMon_Handler
                0x08005fb4       0x10 src\stm32f4xx_it.o
                0x08005fb4                DebugMon_Handler
 .text.PendSV_Handler
                0x08005fc4       0x10 src\stm32f4xx_it.o
                0x08005fc4                PendSV_Handler
 .text.SysTick_Handler
                0x08005fd4       0x10 src\stm32f4xx_it.o
                0x08005fd4                SysTick_Handler
 .text.EXTI0_IRQHandler
                0x08005fe4       0x34 src\stm32f4xx_it.o
                0x08005fe4                EXTI0_IRQHandler
 .text.EXTI1_IRQHandler
                0x08006018       0x34 src\stm32f4xx_it.o
                0x08006018                EXTI1_IRQHandler
 .text.EXTI2_IRQHandler
                0x0800604c       0x34 src\stm32f4xx_it.o
                0x0800604c                EXTI2_IRQHandler
 .text.EXTI3_IRQHandler
                0x08006080       0x34 src\stm32f4xx_it.o
                0x08006080                EXTI3_IRQHandler
 .text.EXTI9_5_IRQHandler
                0x080060b4       0x2c src\stm32f4xx_it.o
                0x080060b4                EXTI9_5_IRQHandler
 .text.EXTI15_10_IRQHandler
                0x080060e0       0x2c src\stm32f4xx_it.o
                0x080060e0                EXTI15_10_IRQHandler
 .text.TIM3_IRQHandler
                0x0800610c       0x60 src\stm32f4xx_it.o
                0x0800610c                TIM3_IRQHandler
 .text.TIM4_IRQHandler
                0x0800616c       0x1c src\stm32f4xx_it.o
                0x0800616c                TIM4_IRQHandler
 .text.ADC_IRQHandler
                0x08006188       0x18 src\stm32f4xx_it.o
                0x08006188                ADC_IRQHandler
 .text.SystemInit
                0x080061a0       0x6c src\system_stm32f4xx.o
                0x080061a0                SystemInit
 .text.SetSysClock
                0x0800620c      0x128 src\system_stm32f4xx.o
 .text.update_vco_wave
                0x08006334       0x2c src\user_interface.o
                0x08006334                update_vco_wave
 .text.update_lfo_wave
                0x08006360       0x2c src\user_interface.o
                0x08006360                update_lfo_wave
 .text.update_lfo_mod
                0x0800638c       0x40 src\user_interface.o
                0x0800638c                update_lfo_mod
 .text.update_adsr_mod
                0x080063cc       0x40 src\user_interface.o
                0x080063cc                update_adsr_mod
 .text.init_state
                0x0800640c       0x44 src\user_interface.o
                0x0800640c                init_state
 .text.arm_sin_f32
                0x08006450       0x78 C:\stm32_workspace\STM32F4xx_DSP_StdPeriph_Lib_V1.8.0\Libraries\CMSIS\Lib\GCC\libarm_cortexM4lf_math.a(arm_sin_f32.o)
                0x08006450                arm_sin_f32
 .text.__libc_init_array
                0x080064c8       0x4c c:/program files (x86)/atollic/truestudio for arm 7.1.2/armtools/bin/../lib/gcc/arm-atollic-eabi/5.3.1/../../../../arm-atollic-eabi/lib/armv7e-m/fpu\libc.a(lib_a-init.o)
                0x080064c8                __libc_init_array
 .text.cosf     0x08006514       0x80 c:/program files (x86)/atollic/truestudio for arm 7.1.2/armtools/bin/../lib/gcc/arm-atollic-eabi/5.3.1/../../../../arm-atollic-eabi/lib/armv7e-m/fpu\libm.a(lib_a-sf_cos.o)
                0x08006514                cosf
 .text.sinf     0x08006594       0x84 c:/program files (x86)/atollic/truestudio for arm 7.1.2/armtools/bin/../lib/gcc/arm-atollic-eabi/5.3.1/../../../../arm-atollic-eabi/lib/armv7e-m/fpu\libm.a(lib_a-sf_sin.o)
                0x08006594                sinf
 .text.powf     0x08006618      0x2f8 c:/program files (x86)/atollic/truestudio for arm 7.1.2/armtools/bin/../lib/gcc/arm-atollic-eabi/5.3.1/../../../../arm-atollic-eabi/lib/armv7e-m/fpu\libm.a(lib_a-wf_pow.o)
                0x08006618                powf
 .text.__ieee754_powf
                0x08006910      0x58c c:/program files (x86)/atollic/truestudio for arm 7.1.2/armtools/bin/../lib/gcc/arm-atollic-eabi/5.3.1/../../../../arm-atollic-eabi/lib/armv7e-m/fpu\libm.a(lib_a-ef_pow.o)
                0x08006910                __ieee754_powf
 .text.__ieee754_rem_pio2f
                0x08006e9c      0x254 c:/program files (x86)/atollic/truestudio for arm 7.1.2/armtools/bin/../lib/gcc/arm-atollic-eabi/5.3.1/../../../../arm-atollic-eabi/lib/armv7e-m/fpu\libm.a(lib_a-ef_rem_pio2.o)
                0x08006e9c                __ieee754_rem_pio2f
 .text.__ieee754_sqrtf
                0x080070f0       0x90 c:/program files (x86)/atollic/truestudio for arm 7.1.2/armtools/bin/../lib/gcc/arm-atollic-eabi/5.3.1/../../../../arm-atollic-eabi/lib/armv7e-m/fpu\libm.a(lib_a-ef_sqrt.o)
                0x080070f0                __ieee754_sqrtf
 .text.__kernel_cosf
                0x08007180       0xbc c:/program files (x86)/atollic/truestudio for arm 7.1.2/armtools/bin/../lib/gcc/arm-atollic-eabi/5.3.1/../../../../arm-atollic-eabi/lib/armv7e-m/fpu\libm.a(lib_a-kf_cos.o)
                0x08007180                __kernel_cosf
 .text.__kernel_rem_pio2f
                0x0800723c      0x4cc c:/program files (x86)/atollic/truestudio for arm 7.1.2/armtools/bin/../lib/gcc/arm-atollic-eabi/5.3.1/../../../../arm-atollic-eabi/lib/armv7e-m/fpu\libm.a(lib_a-kf_rem_pio2.o)
                0x0800723c                __kernel_rem_pio2f
 .text.__kernel_sinf
                0x08007708       0x90 c:/program files (x86)/atollic/truestudio for arm 7.1.2/armtools/bin/../lib/gcc/arm-atollic-eabi/5.3.1/../../../../arm-atollic-eabi/lib/armv7e-m/fpu\libm.a(lib_a-kf_sin.o)
                0x08007708                __kernel_sinf
 .text.matherr  0x08007798        0x4 c:/program files (x86)/atollic/truestudio for arm 7.1.2/armtools/bin/../lib/gcc/arm-atollic-eabi/5.3.1/../../../../arm-atollic-eabi/lib/armv7e-m/fpu\libm.a(lib_a-s_matherr.o)
                0x08007798                matherr
 .text.rint     0x0800779c      0x114 c:/program files (x86)/atollic/truestudio for arm 7.1.2/armtools/bin/../lib/gcc/arm-atollic-eabi/5.3.1/../../../../arm-atollic-eabi/lib/armv7e-m/fpu\libm.a(lib_a-s_rint.o)
                0x0800779c                rint
 .text.fabsf    0x080078b0        0xe c:/program files (x86)/atollic/truestudio for arm 7.1.2/armtools/bin/../lib/gcc/arm-atollic-eabi/5.3.1/../../../../arm-atollic-eabi/lib/armv7e-m/fpu\libm.a(lib_a-sf_fabs.o)
                0x080078b0                fabsf
 .text.finitef  0x080078be       0x14 c:/program files (x86)/atollic/truestudio for arm 7.1.2/armtools/bin/../lib/gcc/arm-atollic-eabi/5.3.1/../../../../arm-atollic-eabi/lib/armv7e-m/fpu\libm.a(lib_a-sf_finite.o)
                0x080078be                finitef
 *fill*         0x080078d2        0x2 
 .text.floorf   0x080078d4       0x84 c:/program files (x86)/atollic/truestudio for arm 7.1.2/armtools/bin/../lib/gcc/arm-atollic-eabi/5.3.1/../../../../arm-atollic-eabi/lib/armv7e-m/fpu\libm.a(lib_a-sf_floor.o)
                0x080078d4                floorf
 .text.nanf     0x08007958        0xc c:/program files (x86)/atollic/truestudio for arm 7.1.2/armtools/bin/../lib/gcc/arm-atollic-eabi/5.3.1/../../../../arm-atollic-eabi/lib/armv7e-m/fpu\libm.a(lib_a-sf_nan.o)
                0x08007958                nanf
 .text.scalbnf  0x08007964       0xbc c:/program files (x86)/atollic/truestudio for arm 7.1.2/armtools/bin/../lib/gcc/arm-atollic-eabi/5.3.1/../../../../arm-atollic-eabi/lib/armv7e-m/fpu\libm.a(lib_a-sf_scalbn.o)
                0x08007964                scalbnf
 .text.copysignf
                0x08007a20       0x18 c:/program files (x86)/atollic/truestudio for arm 7.1.2/armtools/bin/../lib/gcc/arm-atollic-eabi/5.3.1/../../../../arm-atollic-eabi/lib/armv7e-m/fpu\libm.a(lib_a-sf_copysign.o)
                0x08007a20                copysignf
 .text.__errno  0x08007a38        0xc c:/program files (x86)/atollic/truestudio for arm 7.1.2/armtools/bin/../lib/gcc/arm-atollic-eabi/5.3.1/../../../../arm-atollic-eabi/lib/armv7e-m/fpu\libc.a(lib_a-errno.o)
                0x08007a38                __errno
 *(.glue_7)
 .glue_7        0x08007a44        0x0 linker stubs
 *(.glue_7t)
 .glue_7t       0x08007a44        0x0 linker stubs
 *(.eh_frame)
 .eh_frame      0x08007a44        0x0 c:/program files (x86)/atollic/truestudio for arm 7.1.2/armtools/bin/../lib/gcc/arm-atollic-eabi/5.3.1/armv7e-m/fpu/crtbegin.o
 *(.init)
 .init          0x08007a44        0x4 c:/program files (x86)/atollic/truestudio for arm 7.1.2/armtools/bin/../lib/gcc/arm-atollic-eabi/5.3.1/armv7e-m/fpu/crti.o
                0x08007a44                _init
 .init          0x08007a48        0x8 c:/program files (x86)/atollic/truestudio for arm 7.1.2/armtools/bin/../lib/gcc/arm-atollic-eabi/5.3.1/armv7e-m/fpu/crtn.o
 *(.fini)
 .fini          0x08007a50        0x4 c:/program files (x86)/atollic/truestudio for arm 7.1.2/armtools/bin/../lib/gcc/arm-atollic-eabi/5.3.1/armv7e-m/fpu/crti.o
                0x08007a50                _fini
 .fini          0x08007a54        0x8 c:/program files (x86)/atollic/truestudio for arm 7.1.2/armtools/bin/../lib/gcc/arm-atollic-eabi/5.3.1/armv7e-m/fpu/crtn.o
                0x08007a5c                . = ALIGN (0x4)
                0x08007a5c                _etext = .

.vfp11_veneer   0x08007a5c        0x0
 .vfp11_veneer  0x08007a5c        0x0 linker stubs

.v4_bx          0x08007a5c        0x0
 .v4_bx         0x08007a5c        0x0 linker stubs

.iplt           0x08007a5c        0x0
 .iplt          0x08007a5c        0x0 c:/program files (x86)/atollic/truestudio for arm 7.1.2/armtools/bin/../lib/gcc/arm-atollic-eabi/5.3.1/armv7e-m/fpu/crtbegin.o

.rodata         0x08007a60      0xc10
                0x08007a60                . = ALIGN (0x4)
 *(.rodata)
 *(.rodata*)
 .rodata.GPIO_PIN
                0x08007a60        0x8 Utilities\STM32F4-Discovery\stm32f4_discovery.o
                0x08007a60                GPIO_PIN
 .rodata.sinTable_f32
                0x08007a68      0x804 C:\stm32_workspace\STM32F4xx_DSP_StdPeriph_Lib_V1.8.0\Libraries\CMSIS\Lib\GCC\libarm_cortexM4lf_math.a(arm_common_tables.o)
                0x08007a68                sinTable_f32
 .rodata.str1.1
                0x0800826c        0x2 c:/program files (x86)/atollic/truestudio for arm 7.1.2/armtools/bin/../lib/gcc/arm-atollic-eabi/5.3.1/../../../../arm-atollic-eabi/lib/armv7e-m/fpu\libc.a(lib_a-impure.o)
 .rodata.str1.1
                0x0800826e        0x5 c:/program files (x86)/atollic/truestudio for arm 7.1.2/armtools/bin/../lib/gcc/arm-atollic-eabi/5.3.1/../../../../arm-atollic-eabi/lib/armv7e-m/fpu\libm.a(lib_a-wf_pow.o)
 *fill*         0x08008273        0x1 
 .rodata.dp_h   0x08008274        0x8 c:/program files (x86)/atollic/truestudio for arm 7.1.2/armtools/bin/../lib/gcc/arm-atollic-eabi/5.3.1/../../../../arm-atollic-eabi/lib/armv7e-m/fpu\libm.a(lib_a-ef_pow.o)
 .rodata.dp_l   0x0800827c        0x8 c:/program files (x86)/atollic/truestudio for arm 7.1.2/armtools/bin/../lib/gcc/arm-atollic-eabi/5.3.1/../../../../arm-atollic-eabi/lib/armv7e-m/fpu\libm.a(lib_a-ef_pow.o)
 .rodata.str1.1
                0x08008284        0x5 c:/program files (x86)/atollic/truestudio for arm 7.1.2/armtools/bin/../lib/gcc/arm-atollic-eabi/5.3.1/../../../../arm-atollic-eabi/lib/armv7e-m/fpu\libm.a(lib_a-ef_pow.o)
                                  0x1 (size before relaxing)
 .rodata.bp     0x08008284        0x8 c:/program files (x86)/atollic/truestudio for arm 7.1.2/armtools/bin/../lib/gcc/arm-atollic-eabi/5.3.1/../../../../arm-atollic-eabi/lib/armv7e-m/fpu\libm.a(lib_a-ef_pow.o)
 .rodata.npio2_hw
                0x0800828c       0x80 c:/program files (x86)/atollic/truestudio for arm 7.1.2/armtools/bin/../lib/gcc/arm-atollic-eabi/5.3.1/../../../../arm-atollic-eabi/lib/armv7e-m/fpu\libm.a(lib_a-ef_rem_pio2.o)
 .rodata.two_over_pi
                0x0800830c      0x318 c:/program files (x86)/atollic/truestudio for arm 7.1.2/armtools/bin/../lib/gcc/arm-atollic-eabi/5.3.1/../../../../arm-atollic-eabi/lib/armv7e-m/fpu\libm.a(lib_a-ef_rem_pio2.o)
 .rodata.init_jk
                0x08008624        0xc c:/program files (x86)/atollic/truestudio for arm 7.1.2/armtools/bin/../lib/gcc/arm-atollic-eabi/5.3.1/../../../../arm-atollic-eabi/lib/armv7e-m/fpu\libm.a(lib_a-kf_rem_pio2.o)
 .rodata.PIo2   0x08008630       0x2c c:/program files (x86)/atollic/truestudio for arm 7.1.2/armtools/bin/../lib/gcc/arm-atollic-eabi/5.3.1/../../../../arm-atollic-eabi/lib/armv7e-m/fpu\libm.a(lib_a-kf_rem_pio2.o)
 *fill*         0x0800865c        0x4 
 .rodata.TWO52  0x08008660       0x10 c:/program files (x86)/atollic/truestudio for arm 7.1.2/armtools/bin/../lib/gcc/arm-atollic-eabi/5.3.1/../../../../arm-atollic-eabi/lib/armv7e-m/fpu\libm.a(lib_a-s_rint.o)
                0x08008670                . = ALIGN (0x4)

.rel.dyn        0x08008670        0x0
 .rel.iplt      0x08008670        0x0 c:/program files (x86)/atollic/truestudio for arm 7.1.2/armtools/bin/../lib/gcc/arm-atollic-eabi/5.3.1/armv7e-m/fpu/crtbegin.o

.ARM.extab
 *(.ARM.extab* .gnu.linkonce.armextab.*)

.ARM            0x08008670        0x0
                0x08008670                __exidx_start = .
 *(.ARM.exidx*)
                0x08008670                __exidx_end = .

.preinit_array  0x08008670        0x0
                0x08008670                PROVIDE (__preinit_array_start, .)
 *(.preinit_array*)
                0x08008670                PROVIDE (__preinit_array_end, .)

.init_array     0x08008670        0x4
                0x08008670                PROVIDE (__init_array_start, .)
 *(SORT(.init_array.*))
 *(.init_array*)
 .init_array    0x08008670        0x4 c:/program files (x86)/atollic/truestudio for arm 7.1.2/armtools/bin/../lib/gcc/arm-atollic-eabi/5.3.1/armv7e-m/fpu/crtbegin.o
                0x08008674                PROVIDE (__init_array_end, .)

.fini_array     0x08008674        0x4
                [!provide]                PROVIDE (__fini_array_start, .)
 *(SORT(.fini_array.*))
 *(.fini_array*)
 .fini_array    0x08008674        0x4 c:/program files (x86)/atollic/truestudio for arm 7.1.2/armtools/bin/../lib/gcc/arm-atollic-eabi/5.3.1/armv7e-m/fpu/crtbegin.o
                [!provide]                PROVIDE (__fini_array_end, .)
                0x08008678                _sidata = LOADADDR (.data)

.data           0x20000000      0x194 load address 0x08008678
                0x20000000                . = ALIGN (0x4)
                0x20000000                _sdata = .
 *(.data)
 *(.data*)
 .data.APBAHBPrescTable
                0x20000000       0x10 Libraries\STM32F4xx_StdPeriph_Driver\src\stm32f4xx_rcc.o
 .data.GPIO_PORT
                0x20000010       0x10 Utilities\STM32F4-Discovery\stm32f4_discovery.o
                0x20000010                GPIO_PORT
 .data.AudioTotalSize
                0x20000020        0x4 Utilities\STM32F4-Discovery\stm32f4_discovery_audio_codec.o
                0x20000020                AudioTotalSize
 .data.AudioRemSize
                0x20000024        0x4 Utilities\STM32F4-Discovery\stm32f4_discovery_audio_codec.o
                0x20000024                AudioRemSize
 .data.CODECTimeout
                0x20000028        0x4 Utilities\STM32F4-Discovery\stm32f4_discovery_audio_codec.o
                0x20000028                CODECTimeout
 .data.CurrAudioInterface
                0x2000002c        0x4 Utilities\STM32F4-Discovery\stm32f4_discovery_audio_codec.o
                0x2000002c                CurrAudioInterface
 .data.AUDIO_MAL_DMA_CLOCK
                0x20000030        0x4 Utilities\STM32F4-Discovery\stm32f4_discovery_audio_codec.o
                0x20000030                AUDIO_MAL_DMA_CLOCK
 .data.AUDIO_MAL_DMA_STREAM
                0x20000034        0x4 Utilities\STM32F4-Discovery\stm32f4_discovery_audio_codec.o
                0x20000034                AUDIO_MAL_DMA_STREAM
 .data.AUDIO_MAL_DMA_DREG
                0x20000038        0x4 Utilities\STM32F4-Discovery\stm32f4_discovery_audio_codec.o
                0x20000038                AUDIO_MAL_DMA_DREG
 .data.AUDIO_MAL_DMA_IRQ
                0x2000003c        0x4 Utilities\STM32F4-Discovery\stm32f4_discovery_audio_codec.o
                0x2000003c                AUDIO_MAL_DMA_IRQ
 .data.AUDIO_MAL_DMA_FLAG_TC
                0x20000040        0x4 Utilities\STM32F4-Discovery\stm32f4_discovery_audio_codec.o
                0x20000040                AUDIO_MAL_DMA_FLAG_TC
 .data.AUDIO_MAL_DMA_FLAG_HT
                0x20000044        0x4 Utilities\STM32F4-Discovery\stm32f4_discovery_audio_codec.o
                0x20000044                AUDIO_MAL_DMA_FLAG_HT
 .data.AUDIO_MAL_DMA_FLAG_FE
                0x20000048        0x4 Utilities\STM32F4-Discovery\stm32f4_discovery_audio_codec.o
                0x20000048                AUDIO_MAL_DMA_FLAG_FE
 .data.AUDIO_MAL_DMA_FLAG_TE
                0x2000004c        0x4 Utilities\STM32F4-Discovery\stm32f4_discovery_audio_codec.o
                0x2000004c                AUDIO_MAL_DMA_FLAG_TE
 .data.AUDIO_MAL_DMA_FLAG_DME
                0x20000050        0x4 Utilities\STM32F4-Discovery\stm32f4_discovery_audio_codec.o
                0x20000050                AUDIO_MAL_DMA_FLAG_DME
 .data.osc      0x20000054       0x48 src\osc.o
                0x20000054                osc
 .data.impure_data
                0x2000009c       0xf0 c:/program files (x86)/atollic/truestudio for arm 7.1.2/armtools/bin/../lib/gcc/arm-atollic-eabi/5.3.1/../../../../arm-atollic-eabi/lib/armv7e-m/fpu\libc.a(lib_a-impure.o)
 .data._impure_ptr
                0x2000018c        0x4 c:/program files (x86)/atollic/truestudio for arm 7.1.2/armtools/bin/../lib/gcc/arm-atollic-eabi/5.3.1/../../../../arm-atollic-eabi/lib/armv7e-m/fpu\libc.a(lib_a-impure.o)
                0x2000018c                _impure_ptr
 .data.__fdlib_version
                0x20000190        0x1 c:/program files (x86)/atollic/truestudio for arm 7.1.2/armtools/bin/../lib/gcc/arm-atollic-eabi/5.3.1/../../../../arm-atollic-eabi/lib/armv7e-m/fpu\libm.a(lib_a-s_lib_ver.o)
                0x20000190                __fdlib_version
                0x20000194                . = ALIGN (0x4)
 *fill*         0x20000191        0x3 
                0x20000194                _edata = .
                0x0800880c                _siccmram = LOADADDR (.ccmram)

.igot.plt       0x20000194        0x0 load address 0x0800880c
 .igot.plt      0x20000194        0x0 c:/program files (x86)/atollic/truestudio for arm 7.1.2/armtools/bin/../lib/gcc/arm-atollic-eabi/5.3.1/armv7e-m/fpu/crtbegin.o

.ccmram         0x10000000        0x0 load address 0x0800880c
                0x10000000                . = ALIGN (0x4)
                0x10000000                _sccmram = .
 *(.ccmram)
 *(.ccmram*)
                0x10000000                . = ALIGN (0x4)
                0x10000000                _eccmram = .
                0x10000000                . = ALIGN (0x4)

.bss            0x20000194     0x44cc
                0x20000194                _sbss = .
                0x20000194                __bss_start__ = _sbss
 *(.bss)
 .bss           0x20000194       0x1c c:/program files (x86)/atollic/truestudio for arm 7.1.2/armtools/bin/../lib/gcc/arm-atollic-eabi/5.3.1/armv7e-m/fpu/crtbegin.o
 *(.bss*)
 .bss.OutputDev
                0x200001b0        0x1 Utilities\STM32F4-Discovery\stm32f4_discovery_audio_codec.o
                0x200001b0                OutputDev
 *fill*         0x200001b1        0x3 
 .bss.AUDIO_MAL_DMA_CHANNEL
                0x200001b4        0x4 Utilities\STM32F4-Discovery\stm32f4_discovery_audio_codec.o
                0x200001b4                AUDIO_MAL_DMA_CHANNEL
 .bss.buffer_output
                0x200001b8      0x800 src\osc.o
                0x200001b8                buffer_output
 .bss.buffer_output2
                0x200009b8      0x800 src\osc.o
                0x200009b8                buffer_output2
 .bss.buffer_lfo_float
                0x200011b8     0x1000 src\osc.o
                0x200011b8                buffer_lfo_float
 .bss.buffer_adsr_am
                0x200021b8     0x1000 src\osc.o
                0x200021b8                buffer_adsr_am
 .bss.buffer_adsr_fm
                0x200031b8     0x1000 src\osc.o
                0x200031b8                buffer_adsr_fm
 .bss.sample_count_adsr
                0x200041b8        0x4 src\osc.o
                0x200041b8                sample_count_adsr
 .bss.mov_avg1  0x200041bc       0x80 src\osc.o
                0x200041bc                mov_avg1
 .bss.mov_avg_index1
                0x2000423c        0x4 src\osc.o
                0x2000423c                mov_avg_index1
 .bss.mov_avg2  0x20004240       0x80 src\osc.o
                0x20004240                mov_avg2
 .bss.mov_avg_index2
                0x200042c0        0x4 src\osc.o
                0x200042c0                mov_avg_index2
 .bss.mov_avg3  0x200042c4       0x80 src\osc.o
                0x200042c4                mov_avg3
 .bss.mov_avg_index3
                0x20004344        0x4 src\osc.o
                0x20004344                mov_avg_index3
 .bss.mov_avg4  0x20004348       0x80 src\osc.o
                0x20004348                mov_avg4
 .bss.mov_avg_index4
                0x200043c8        0x4 src\osc.o
                0x200043c8                mov_avg_index4
 .bss.mov_avg5  0x200043cc       0x80 src\osc.o
                0x200043cc                mov_avg5
 .bss.mov_avg_index5
                0x2000444c        0x4 src\osc.o
                0x2000444c                mov_avg_index5
 .bss.mov_avg6  0x20004450       0x80 src\osc.o
                0x20004450                mov_avg6
 .bss.mov_avg_index6
                0x200044d0        0x4 src\osc.o
                0x200044d0                mov_avg_index6
 .bss.mov_avg7  0x200044d4       0x80 src\osc.o
                0x200044d4                mov_avg7
 .bss.mov_avg_index7
                0x20004554        0x4 src\osc.o
                0x20004554                mov_avg_index7
 .bss.delta     0x20004558        0x4 src\osc.o
                0x20004558                delta
 .bss.theta_vco
                0x2000455c        0x4 src\osc.o
                0x2000455c                theta_vco
 .bss.theta_vco2
                0x20004560        0x4 src\osc.o
                0x20004560                theta_vco2
 .bss.theta_lfo
                0x20004564        0x4 src\osc.o
                0x20004564                theta_lfo
 *(COMMON)
 COMMON         0x20004568       0x7c Utilities\STM32F4-Discovery\stm32f4_discovery_audio_codec.o
                0x20004568                CurrentPos
                0x2000456c                AUDIO_MAL_DMA_InitStructure
                0x200045a8                DMA_InitStructure
 COMMON         0x200045e4       0x30 src\init_io.o
                0x200045e4                lfo_wave
                0x200045e5                vco_wave
                0x200045e8                adsr_mod
                0x200045ec                ADCBuffer
                0x20004608                the_button
                0x20004610                lfo_mod
 COMMON         0x20004614       0x4c src\osc.o
                0x20004614                mov_avg_sum4
                0x20004618                mov_avg_sum5
                0x2000461c                adsr_settings
                0x2000464c                mov_avg_sum1
                0x20004650                mov_avg_sum6
                0x20004654                mov_avg_sum2
                0x20004658                mov_avg_sum3
                0x2000465c                mov_avg_sum7
                0x20004660                . = ALIGN (0x4)
                0x20004660                _ebss = .
                0x20004660                __bss_end__ = _ebss

._user_heap_stack
                0x20004660      0x400
                0x20004660                . = ALIGN (0x4)
                0x20004660                PROVIDE (end, .)
                [!provide]                PROVIDE (_end, .)
                0x20004660                . = (. + _Min_Heap_Size)
                0x20004a60                . = (. + _Min_Stack_Size)
 *fill*         0x20004660      0x400 
                0x20004a60                . = ALIGN (0x4)

.memory_b1_text
 *(.mb1text)
 *(.mb1text*)
 *(.mb1rodata)
 *(.mb1rodata*)

/DISCARD/
 libc.a(*)
 libm.a(*)
 libgcc.a(*)

.ARM.attributes
                0x00000000       0x2e
 *(.ARM.attributes)
 .ARM.attributes
                0x00000000       0x22 c:/program files (x86)/atollic/truestudio for arm 7.1.2/armtools/bin/../lib/gcc/arm-atollic-eabi/5.3.1/armv7e-m/fpu/crti.o
 .ARM.attributes
                0x00000022       0x34 c:/program files (x86)/atollic/truestudio for arm 7.1.2/armtools/bin/../lib/gcc/arm-atollic-eabi/5.3.1/armv7e-m/fpu/crtbegin.o
 .ARM.attributes
                0x00000056       0x39 Libraries\STM32F4xx_StdPeriph_Driver\src\misc.o
 .ARM.attributes
                0x0000008f       0x39 Libraries\STM32F4xx_StdPeriph_Driver\src\stm32f4xx_adc.o
 .ARM.attributes
                0x000000c8       0x39 Libraries\STM32F4xx_StdPeriph_Driver\src\stm32f4xx_dac.o
 .ARM.attributes
                0x00000101       0x39 Libraries\STM32F4xx_StdPeriph_Driver\src\stm32f4xx_dma.o
 .ARM.attributes
                0x0000013a       0x39 Libraries\STM32F4xx_StdPeriph_Driver\src\stm32f4xx_exti.o
 .ARM.attributes
                0x00000173       0x39 Libraries\STM32F4xx_StdPeriph_Driver\src\stm32f4xx_gpio.o
 .ARM.attributes
                0x000001ac       0x39 Libraries\STM32F4xx_StdPeriph_Driver\src\stm32f4xx_i2c.o
 .ARM.attributes
                0x000001e5       0x39 Libraries\STM32F4xx_StdPeriph_Driver\src\stm32f4xx_rcc.o
 .ARM.attributes
                0x0000021e       0x39 Libraries\STM32F4xx_StdPeriph_Driver\src\stm32f4xx_spi.o
 .ARM.attributes
                0x00000257       0x39 Libraries\STM32F4xx_StdPeriph_Driver\src\stm32f4xx_syscfg.o
 .ARM.attributes
                0x00000290       0x39 Libraries\STM32F4xx_StdPeriph_Driver\src\stm32f4xx_tim.o
 .ARM.attributes
                0x000002c9       0x39 Utilities\STM32F4-Discovery\stm32f4_discovery.o
 .ARM.attributes
                0x00000302       0x39 Utilities\STM32F4-Discovery\stm32f4_discovery_audio_codec.o
 .ARM.attributes
                0x0000033b       0x39 src\biquad.o
 .ARM.attributes
                0x00000374       0x39 src\init_io.o
 .ARM.attributes
                0x000003ad       0x39 src\main.o
 .ARM.attributes
                0x000003e6       0x39 src\osc.o
 .ARM.attributes
                0x0000041f       0x21 src\startup_stm32f40xx.o
 .ARM.attributes
                0x00000440       0x39 src\stm32f4xx_it.o
 .ARM.attributes
                0x00000479       0x39 src\system_stm32f4xx.o
 .ARM.attributes
                0x000004b2       0x39 src\user_interface.o
 .ARM.attributes
                0x000004eb       0x39 C:\stm32_workspace\STM32F4xx_DSP_StdPeriph_Lib_V1.8.0\Libraries\CMSIS\Lib\GCC\libarm_cortexM4lf_math.a(arm_sin_f32.o)
 .ARM.attributes
                0x00000524       0x39 C:\stm32_workspace\STM32F4xx_DSP_StdPeriph_Lib_V1.8.0\Libraries\CMSIS\Lib\GCC\libarm_cortexM4lf_math.a(arm_common_tables.o)
 .ARM.attributes
                0x0000055d       0x34 c:/program files (x86)/atollic/truestudio for arm 7.1.2/armtools/bin/../lib/gcc/arm-atollic-eabi/5.3.1/../../../../arm-atollic-eabi/lib/armv7e-m/fpu\libc.a(lib_a-init.o)
 .ARM.attributes
                0x00000591       0x34 c:/program files (x86)/atollic/truestudio for arm 7.1.2/armtools/bin/../lib/gcc/arm-atollic-eabi/5.3.1/../../../../arm-atollic-eabi/lib/armv7e-m/fpu\libc.a(lib_a-impure.o)
 .ARM.attributes
                0x000005c5       0x34 c:/program files (x86)/atollic/truestudio for arm 7.1.2/armtools/bin/../lib/gcc/arm-atollic-eabi/5.3.1/../../../../arm-atollic-eabi/lib/armv7e-m/fpu\libm.a(lib_a-sf_cos.o)
 .ARM.attributes
                0x000005f9       0x34 c:/program files (x86)/atollic/truestudio for arm 7.1.2/armtools/bin/../lib/gcc/arm-atollic-eabi/5.3.1/../../../../arm-atollic-eabi/lib/armv7e-m/fpu\libm.a(lib_a-sf_sin.o)
 .ARM.attributes
                0x0000062d       0x34 c:/program files (x86)/atollic/truestudio for arm 7.1.2/armtools/bin/../lib/gcc/arm-atollic-eabi/5.3.1/../../../../arm-atollic-eabi/lib/armv7e-m/fpu\libm.a(lib_a-wf_pow.o)
 .ARM.attributes
                0x00000661       0x34 c:/program files (x86)/atollic/truestudio for arm 7.1.2/armtools/bin/../lib/gcc/arm-atollic-eabi/5.3.1/../../../../arm-atollic-eabi/lib/armv7e-m/fpu\libm.a(lib_a-ef_pow.o)
 .ARM.attributes
                0x00000695       0x34 c:/program files (x86)/atollic/truestudio for arm 7.1.2/armtools/bin/../lib/gcc/arm-atollic-eabi/5.3.1/../../../../arm-atollic-eabi/lib/armv7e-m/fpu\libm.a(lib_a-ef_rem_pio2.o)
 .ARM.attributes
                0x000006c9       0x34 c:/program files (x86)/atollic/truestudio for arm 7.1.2/armtools/bin/../lib/gcc/arm-atollic-eabi/5.3.1/../../../../arm-atollic-eabi/lib/armv7e-m/fpu\libm.a(lib_a-ef_sqrt.o)
 .ARM.attributes
                0x000006fd       0x34 c:/program files (x86)/atollic/truestudio for arm 7.1.2/armtools/bin/../lib/gcc/arm-atollic-eabi/5.3.1/../../../../arm-atollic-eabi/lib/armv7e-m/fpu\libm.a(lib_a-kf_cos.o)
 .ARM.attributes
                0x00000731       0x34 c:/program files (x86)/atollic/truestudio for arm 7.1.2/armtools/bin/../lib/gcc/arm-atollic-eabi/5.3.1/../../../../arm-atollic-eabi/lib/armv7e-m/fpu\libm.a(lib_a-kf_rem_pio2.o)
 .ARM.attributes
                0x00000765       0x34 c:/program files (x86)/atollic/truestudio for arm 7.1.2/armtools/bin/../lib/gcc/arm-atollic-eabi/5.3.1/../../../../arm-atollic-eabi/lib/armv7e-m/fpu\libm.a(lib_a-kf_sin.o)
 .ARM.attributes
                0x00000799       0x34 c:/program files (x86)/atollic/truestudio for arm 7.1.2/armtools/bin/../lib/gcc/arm-atollic-eabi/5.3.1/../../../../arm-atollic-eabi/lib/armv7e-m/fpu\libm.a(lib_a-s_lib_ver.o)
 .ARM.attributes
                0x000007cd       0x34 c:/program files (x86)/atollic/truestudio for arm 7.1.2/armtools/bin/../lib/gcc/arm-atollic-eabi/5.3.1/../../../../arm-atollic-eabi/lib/armv7e-m/fpu\libm.a(lib_a-s_matherr.o)
 .ARM.attributes
                0x00000801       0x34 c:/program files (x86)/atollic/truestudio for arm 7.1.2/armtools/bin/../lib/gcc/arm-atollic-eabi/5.3.1/../../../../arm-atollic-eabi/lib/armv7e-m/fpu\libm.a(lib_a-s_rint.o)
 .ARM.attributes
                0x00000835       0x34 c:/program files (x86)/atollic/truestudio for arm 7.1.2/armtools/bin/../lib/gcc/arm-atollic-eabi/5.3.1/../../../../arm-atollic-eabi/lib/armv7e-m/fpu\libm.a(lib_a-sf_fabs.o)
 .ARM.attributes
                0x00000869       0x34 c:/program files (x86)/atollic/truestudio for arm 7.1.2/armtools/bin/../lib/gcc/arm-atollic-eabi/5.3.1/../../../../arm-atollic-eabi/lib/armv7e-m/fpu\libm.a(lib_a-sf_finite.o)
 .ARM.attributes
                0x0000089d       0x34 c:/program files (x86)/atollic/truestudio for arm 7.1.2/armtools/bin/../lib/gcc/arm-atollic-eabi/5.3.1/../../../../arm-atollic-eabi/lib/armv7e-m/fpu\libm.a(lib_a-sf_floor.o)
 .ARM.attributes
                0x000008d1       0x34 c:/program files (x86)/atollic/truestudio for arm 7.1.2/armtools/bin/../lib/gcc/arm-atollic-eabi/5.3.1/../../../../arm-atollic-eabi/lib/armv7e-m/fpu\libm.a(lib_a-sf_nan.o)
 .ARM.attributes
                0x00000905       0x34 c:/program files (x86)/atollic/truestudio for arm 7.1.2/armtools/bin/../lib/gcc/arm-atollic-eabi/5.3.1/../../../../arm-atollic-eabi/lib/armv7e-m/fpu\libm.a(lib_a-sf_scalbn.o)
 .ARM.attributes
                0x00000939       0x34 c:/program files (x86)/atollic/truestudio for arm 7.1.2/armtools/bin/../lib/gcc/arm-atollic-eabi/5.3.1/../../../../arm-atollic-eabi/lib/armv7e-m/fpu\libm.a(lib_a-sf_copysign.o)
 .ARM.attributes
                0x0000096d       0x34 c:/program files (x86)/atollic/truestudio for arm 7.1.2/armtools/bin/../lib/gcc/arm-atollic-eabi/5.3.1/../../../../arm-atollic-eabi/lib/armv7e-m/fpu\libc.a(lib_a-errno.o)
 .ARM.attributes
                0x000009a1       0x22 c:/program files (x86)/atollic/truestudio for arm 7.1.2/armtools/bin/../lib/gcc/arm-atollic-eabi/5.3.1/armv7e-m/fpu\libgcc.a(_arm_addsubdf3.o)
 .ARM.attributes
                0x000009c3       0x22 c:/program files (x86)/atollic/truestudio for arm 7.1.2/armtools/bin/../lib/gcc/arm-atollic-eabi/5.3.1/armv7e-m/fpu\libgcc.a(_arm_muldivdf3.o)
 .ARM.attributes
                0x000009e5       0x22 c:/program files (x86)/atollic/truestudio for arm 7.1.2/armtools/bin/../lib/gcc/arm-atollic-eabi/5.3.1/armv7e-m/fpu\libgcc.a(_arm_cmpdf2.o)
 .ARM.attributes
                0x00000a07       0x22 c:/program files (x86)/atollic/truestudio for arm 7.1.2/armtools/bin/../lib/gcc/arm-atollic-eabi/5.3.1/armv7e-m/fpu\libgcc.a(_arm_truncdfsf2.o)
 .ARM.attributes
                0x00000a29       0x22 c:/program files (x86)/atollic/truestudio for arm 7.1.2/armtools/bin/../lib/gcc/arm-atollic-eabi/5.3.1/armv7e-m/fpu/crtn.o
OUTPUT(synth_02.elf elf32-littlearm)

.debug_info     0x00000000     0xc77a
 .debug_info    0x00000000      0x55a Libraries\STM32F4xx_StdPeriph_Driver\src\misc.o
 .debug_info    0x0000055a      0xc44 Libraries\STM32F4xx_StdPeriph_Driver\src\stm32f4xx_adc.o
 .debug_info    0x0000119e      0x649 Libraries\STM32F4xx_StdPeriph_Driver\src\stm32f4xx_dac.o
 .debug_info    0x000017e7      0x745 Libraries\STM32F4xx_StdPeriph_Driver\src\stm32f4xx_dma.o
 .debug_info    0x00001f2c      0x35b Libraries\STM32F4xx_StdPeriph_Driver\src\stm32f4xx_exti.o
 .debug_info    0x00002287      0x621 Libraries\STM32F4xx_StdPeriph_Driver\src\stm32f4xx_gpio.o
 .debug_info    0x000028a8      0xb97 Libraries\STM32F4xx_StdPeriph_Driver\src\stm32f4xx_i2c.o
 .debug_info    0x0000343f      0xc8d Libraries\STM32F4xx_StdPeriph_Driver\src\stm32f4xx_rcc.o
 .debug_info    0x000040cc      0xb13 Libraries\STM32F4xx_StdPeriph_Driver\src\stm32f4xx_spi.o
 .debug_info    0x00004bdf      0x278 Libraries\STM32F4xx_StdPeriph_Driver\src\stm32f4xx_syscfg.o
 .debug_info    0x00004e57     0x1c6d Libraries\STM32F4xx_StdPeriph_Driver\src\stm32f4xx_tim.o
 .debug_info    0x00006ac4      0x8b6 Utilities\STM32F4-Discovery\stm32f4_discovery.o
 .debug_info    0x0000737a     0x10bf Utilities\STM32F4-Discovery\stm32f4_discovery_audio_codec.o
 .debug_info    0x00008439      0x896 src\biquad.o
 .debug_info    0x00008ccf      0xf41 src\init_io.o
 .debug_info    0x00009c10      0x338 src\main.o
 .debug_info    0x00009f48      0xd15 src\osc.o
 .debug_info    0x0000ac5d       0x62 src\startup_stm32f40xx.o
 .debug_info    0x0000acbf      0x686 src\stm32f4xx_it.o
 .debug_info    0x0000b345      0x5d6 src\system_stm32f4xx.o
 .debug_info    0x0000b91b      0x338 src\user_interface.o
 .debug_info    0x0000bc53      0x18a C:\stm32_workspace\STM32F4xx_DSP_StdPeriph_Lib_V1.8.0\Libraries\CMSIS\Lib\GCC\libarm_cortexM4lf_math.a(arm_sin_f32.o)
 .debug_info    0x0000bddd      0x99d C:\stm32_workspace\STM32F4xx_DSP_StdPeriph_Lib_V1.8.0\Libraries\CMSIS\Lib\GCC\libarm_cortexM4lf_math.a(arm_common_tables.o)

.debug_abbrev   0x00000000     0x1fa4
 .debug_abbrev  0x00000000      0x149 Libraries\STM32F4xx_StdPeriph_Driver\src\misc.o
 .debug_abbrev  0x00000149      0x19a Libraries\STM32F4xx_StdPeriph_Driver\src\stm32f4xx_adc.o
 .debug_abbrev  0x000002e3      0x180 Libraries\STM32F4xx_StdPeriph_Driver\src\stm32f4xx_dac.o
 .debug_abbrev  0x00000463      0x159 Libraries\STM32F4xx_StdPeriph_Driver\src\stm32f4xx_dma.o
 .debug_abbrev  0x000005bc      0x1ab Libraries\STM32F4xx_StdPeriph_Driver\src\stm32f4xx_exti.o
 .debug_abbrev  0x00000767      0x1a9 Libraries\STM32F4xx_StdPeriph_Driver\src\stm32f4xx_gpio.o
 .debug_abbrev  0x00000910      0x168 Libraries\STM32F4xx_StdPeriph_Driver\src\stm32f4xx_i2c.o
 .debug_abbrev  0x00000a78      0x1e7 Libraries\STM32F4xx_StdPeriph_Driver\src\stm32f4xx_rcc.o
 .debug_abbrev  0x00000c5f      0x16b Libraries\STM32F4xx_StdPeriph_Driver\src\stm32f4xx_spi.o
 .debug_abbrev  0x00000dca      0x135 Libraries\STM32F4xx_StdPeriph_Driver\src\stm32f4xx_syscfg.o
 .debug_abbrev  0x00000eff      0x18b Libraries\STM32F4xx_StdPeriph_Driver\src\stm32f4xx_tim.o
 .debug_abbrev  0x0000108a      0x194 Utilities\STM32F4-Discovery\stm32f4_discovery.o
 .debug_abbrev  0x0000121e      0x267 Utilities\STM32F4-Discovery\stm32f4_discovery_audio_codec.o
 .debug_abbrev  0x00001485      0x159 src\biquad.o
 .debug_abbrev  0x000015de      0x187 src\init_io.o
 .debug_abbrev  0x00001765      0x135 src\main.o
 .debug_abbrev  0x0000189a      0x1e1 src\osc.o
 .debug_abbrev  0x00001a7b       0x12 src\startup_stm32f40xx.o
 .debug_abbrev  0x00001a8d      0x176 src\stm32f4xx_it.o
 .debug_abbrev  0x00001c03      0x13a src\system_stm32f4xx.o
 .debug_abbrev  0x00001d3d      0x10c src\user_interface.o
 .debug_abbrev  0x00001e49       0xd7 C:\stm32_workspace\STM32F4xx_DSP_StdPeriph_Lib_V1.8.0\Libraries\CMSIS\Lib\GCC\libarm_cortexM4lf_math.a(arm_sin_f32.o)
 .debug_abbrev  0x00001f20       0x84 C:\stm32_workspace\STM32F4xx_DSP_StdPeriph_Lib_V1.8.0\Libraries\CMSIS\Lib\GCC\libarm_cortexM4lf_math.a(arm_common_tables.o)

.debug_aranges  0x00000000      0xf08
 .debug_aranges
                0x00000000       0x40 Libraries\STM32F4xx_StdPeriph_Driver\src\misc.o
 .debug_aranges
                0x00000040      0x148 Libraries\STM32F4xx_StdPeriph_Driver\src\stm32f4xx_adc.o
 .debug_aranges
                0x00000188       0xa0 Libraries\STM32F4xx_StdPeriph_Driver\src\stm32f4xx_dac.o
 .debug_aranges
                0x00000228       0xb0 Libraries\STM32F4xx_StdPeriph_Driver\src\stm32f4xx_dma.o
 .debug_aranges
                0x000002d8       0x58 Libraries\STM32F4xx_StdPeriph_Driver\src\stm32f4xx_exti.o
 .debug_aranges
                0x00000330       0x88 Libraries\STM32F4xx_StdPeriph_Driver\src\stm32f4xx_gpio.o
 .debug_aranges
                0x000003b8      0x130 Libraries\STM32F4xx_StdPeriph_Driver\src\stm32f4xx_i2c.o
 .debug_aranges
                0x000004e8      0x180 Libraries\STM32F4xx_StdPeriph_Driver\src\stm32f4xx_rcc.o
 .debug_aranges
                0x00000668       0xe0 Libraries\STM32F4xx_StdPeriph_Driver\src\stm32f4xx_spi.o
 .debug_aranges
                0x00000748       0x48 Libraries\STM32F4xx_StdPeriph_Driver\src\stm32f4xx_syscfg.o
 .debug_aranges
                0x00000790      0x2f8 Libraries\STM32F4xx_StdPeriph_Driver\src\stm32f4xx_tim.o
 .debug_aranges
                0x00000a88       0x48 Utilities\STM32F4-Discovery\stm32f4_discovery.o
 .debug_aranges
                0x00000ad0      0x130 Utilities\STM32F4-Discovery\stm32f4_discovery_audio_codec.o
 .debug_aranges
                0x00000c00       0x80 src\biquad.o
 .debug_aranges
                0x00000c80       0x40 src\init_io.o
 .debug_aranges
                0x00000cc0       0x48 src\main.o
 .debug_aranges
                0x00000d08       0x80 src\osc.o
 .debug_aranges
                0x00000d88       0x28 src\startup_stm32f40xx.o
 .debug_aranges
                0x00000db0       0xa8 src\stm32f4xx_it.o
 .debug_aranges
                0x00000e58       0x30 src\system_stm32f4xx.o
 .debug_aranges
                0x00000e88       0x48 src\user_interface.o
 .debug_aranges
                0x00000ed0       0x20 C:\stm32_workspace\STM32F4xx_DSP_StdPeriph_Lib_V1.8.0\Libraries\CMSIS\Lib\GCC\libarm_cortexM4lf_math.a(arm_sin_f32.o)
 .debug_aranges
                0x00000ef0       0x18 C:\stm32_workspace\STM32F4xx_DSP_StdPeriph_Lib_V1.8.0\Libraries\CMSIS\Lib\GCC\libarm_cortexM4lf_math.a(arm_common_tables.o)

.debug_ranges   0x00000000      0xd98
 .debug_ranges  0x00000000       0x30 Libraries\STM32F4xx_StdPeriph_Driver\src\misc.o
 .debug_ranges  0x00000030      0x138 Libraries\STM32F4xx_StdPeriph_Driver\src\stm32f4xx_adc.o
 .debug_ranges  0x00000168       0x90 Libraries\STM32F4xx_StdPeriph_Driver\src\stm32f4xx_dac.o
 .debug_ranges  0x000001f8       0xa0 Libraries\STM32F4xx_StdPeriph_Driver\src\stm32f4xx_dma.o
 .debug_ranges  0x00000298       0x48 Libraries\STM32F4xx_StdPeriph_Driver\src\stm32f4xx_exti.o
 .debug_ranges  0x000002e0       0x78 Libraries\STM32F4xx_StdPeriph_Driver\src\stm32f4xx_gpio.o
 .debug_ranges  0x00000358      0x120 Libraries\STM32F4xx_StdPeriph_Driver\src\stm32f4xx_i2c.o
 .debug_ranges  0x00000478      0x170 Libraries\STM32F4xx_StdPeriph_Driver\src\stm32f4xx_rcc.o
 .debug_ranges  0x000005e8       0xd0 Libraries\STM32F4xx_StdPeriph_Driver\src\stm32f4xx_spi.o
 .debug_ranges  0x000006b8       0x38 Libraries\STM32F4xx_StdPeriph_Driver\src\stm32f4xx_syscfg.o
 .debug_ranges  0x000006f0      0x2e8 Libraries\STM32F4xx_StdPeriph_Driver\src\stm32f4xx_tim.o
 .debug_ranges  0x000009d8       0x38 Utilities\STM32F4-Discovery\stm32f4_discovery.o
 .debug_ranges  0x00000a10      0x120 Utilities\STM32F4-Discovery\stm32f4_discovery_audio_codec.o
 .debug_ranges  0x00000b30       0x70 src\biquad.o
 .debug_ranges  0x00000ba0       0x30 src\init_io.o
 .debug_ranges  0x00000bd0       0x38 src\main.o
 .debug_ranges  0x00000c08       0x70 src\osc.o
 .debug_ranges  0x00000c78       0x20 src\startup_stm32f40xx.o
 .debug_ranges  0x00000c98       0x98 src\stm32f4xx_it.o
 .debug_ranges  0x00000d30       0x20 src\system_stm32f4xx.o
 .debug_ranges  0x00000d50       0x38 src\user_interface.o
 .debug_ranges  0x00000d88       0x10 C:\stm32_workspace\STM32F4xx_DSP_StdPeriph_Lib_V1.8.0\Libraries\CMSIS\Lib\GCC\libarm_cortexM4lf_math.a(arm_sin_f32.o)

.debug_line     0x00000000     0x5808
 .debug_line    0x00000000      0x284 Libraries\STM32F4xx_StdPeriph_Driver\src\misc.o
 .debug_line    0x00000284      0x5a3 Libraries\STM32F4xx_StdPeriph_Driver\src\stm32f4xx_adc.o
 .debug_line    0x00000827      0x398 Libraries\STM32F4xx_StdPeriph_Driver\src\stm32f4xx_dac.o
 .debug_line    0x00000bbf      0x470 Libraries\STM32F4xx_StdPeriph_Driver\src\stm32f4xx_dma.o
 .debug_line    0x0000102f      0x2e7 Libraries\STM32F4xx_StdPeriph_Driver\src\stm32f4xx_exti.o
 .debug_line    0x00001316      0x3a6 Libraries\STM32F4xx_StdPeriph_Driver\src\stm32f4xx_gpio.o
 .debug_line    0x000016bc      0x55c Libraries\STM32F4xx_StdPeriph_Driver\src\stm32f4xx_i2c.o
 .debug_line    0x00001c18      0x5fe Libraries\STM32F4xx_StdPeriph_Driver\src\stm32f4xx_rcc.o
 .debug_line    0x00002216      0x4b6 Libraries\STM32F4xx_StdPeriph_Driver\src\stm32f4xx_spi.o
 .debug_line    0x000026cc      0x246 Libraries\STM32F4xx_StdPeriph_Driver\src\stm32f4xx_syscfg.o
 .debug_line    0x00002912      0xb07 Libraries\STM32F4xx_StdPeriph_Driver\src\stm32f4xx_tim.o
 .debug_line    0x00003419      0x2d5 Utilities\STM32F4-Discovery\stm32f4_discovery.o
 .debug_line    0x000036ee      0x6ee Utilities\STM32F4-Discovery\stm32f4_discovery_audio_codec.o
 .debug_line    0x00003ddc      0x2ca src\biquad.o
 .debug_line    0x000040a6      0x3d0 src\init_io.o
 .debug_line    0x00004476      0x245 src\main.o
 .debug_line    0x000046bb      0x64b src\osc.o
 .debug_line    0x00004d06       0x7a src\startup_stm32f40xx.o
 .debug_line    0x00004d80      0x346 src\stm32f4xx_it.o
 .debug_line    0x000050c6      0x23c src\system_stm32f4xx.o
 .debug_line    0x00005302      0x271 src\user_interface.o
 .debug_line    0x00005573      0x16c C:\stm32_workspace\STM32F4xx_DSP_StdPeriph_Lib_V1.8.0\Libraries\CMSIS\Lib\GCC\libarm_cortexM4lf_math.a(arm_sin_f32.o)
 .debug_line    0x000056df      0x129 C:\stm32_workspace\STM32F4xx_DSP_StdPeriph_Lib_V1.8.0\Libraries\CMSIS\Lib\GCC\libarm_cortexM4lf_math.a(arm_common_tables.o)

.debug_str      0x00000000     0x4cc6
 .debug_str     0x00000000      0x3db Libraries\STM32F4xx_StdPeriph_Driver\src\misc.o
                                0x42f (size before relaxing)
 .debug_str     0x000003db      0x650 Libraries\STM32F4xx_StdPeriph_Driver\src\stm32f4xx_adc.o
                                0x865 (size before relaxing)
 .debug_str     0x00000a2b      0x276 Libraries\STM32F4xx_StdPeriph_Driver\src\stm32f4xx_dac.o
                                0x4b4 (size before relaxing)
 .debug_str     0x00000ca1      0x377 Libraries\STM32F4xx_StdPeriph_Driver\src\stm32f4xx_dma.o
                                0x5a3 (size before relaxing)
 .debug_str     0x00001018      0x1c0 Libraries\STM32F4xx_StdPeriph_Driver\src\stm32f4xx_exti.o
                                0x3ba (size before relaxing)
 .debug_str     0x000011d8      0x2ff Libraries\STM32F4xx_StdPeriph_Driver\src\stm32f4xx_gpio.o
                                0x504 (size before relaxing)
 .debug_str     0x000014d7      0x49d Libraries\STM32F4xx_StdPeriph_Driver\src\stm32f4xx_i2c.o
                                0x713 (size before relaxing)
 .debug_str     0x00001974      0x5e5 Libraries\STM32F4xx_StdPeriph_Driver\src\stm32f4xx_rcc.o
                                0x8da (size before relaxing)
 .debug_str     0x00001f59      0x392 Libraries\STM32F4xx_StdPeriph_Driver\src\stm32f4xx_spi.o
                                0x6eb (size before relaxing)
 .debug_str     0x000022eb      0x156 Libraries\STM32F4xx_StdPeriph_Driver\src\stm32f4xx_syscfg.o
                                0x355 (size before relaxing)
 .debug_str     0x00002441      0xb5e Libraries\STM32F4xx_StdPeriph_Driver\src\stm32f4xx_tim.o
                                0xe31 (size before relaxing)
 .debug_str     0x00002f9f      0x6d3 Utilities\STM32F4-Discovery\stm32f4_discovery.o
                                0xb8a (size before relaxing)
 .debug_str     0x00003672      0x478 Utilities\STM32F4-Discovery\stm32f4_discovery_audio_codec.o
                               0x10da (size before relaxing)
 .debug_str     0x00003aea      0x12d src\biquad.o
                                0x2c8 (size before relaxing)
 .debug_str     0x00003c17      0x1db src\init_io.o
                               0x103d (size before relaxing)
 .debug_str     0x00003df2       0xbf src\main.o
                                0x3a3 (size before relaxing)
 .debug_str     0x00003eb1      0x562 src\osc.o
                                0x879 (size before relaxing)
 .debug_str     0x00004413      0x141 src\stm32f4xx_it.o
                                0x543 (size before relaxing)
 .debug_str     0x00004554       0x9f src\system_stm32f4xx.o
                                0x3f3 (size before relaxing)
 .debug_str     0x000045f3       0x6f src\user_interface.o
                                0x35e (size before relaxing)
 .debug_str     0x00004662      0x161 C:\stm32_workspace\STM32F4xx_DSP_StdPeriph_Lib_V1.8.0\Libraries\CMSIS\Lib\GCC\libarm_cortexM4lf_math.a(arm_sin_f32.o)
                                0x242 (size before relaxing)
 .debug_str     0x000047c3      0x503 C:\stm32_workspace\STM32F4xx_DSP_StdPeriph_Lib_V1.8.0\Libraries\CMSIS\Lib\GCC\libarm_cortexM4lf_math.a(arm_common_tables.o)
                                0x704 (size before relaxing)

.comment        0x00000000       0xee
 .comment       0x00000000       0x7e Libraries\STM32F4xx_StdPeriph_Driver\src\misc.o
                                 0x7f (size before relaxing)
 .comment       0x0000007e       0x7f Libraries\STM32F4xx_StdPeriph_Driver\src\stm32f4xx_adc.o
 .comment       0x0000007e       0x7f Libraries\STM32F4xx_StdPeriph_Driver\src\stm32f4xx_dac.o
 .comment       0x0000007e       0x7f Libraries\STM32F4xx_StdPeriph_Driver\src\stm32f4xx_dma.o
 .comment       0x0000007e       0x7f Libraries\STM32F4xx_StdPeriph_Driver\src\stm32f4xx_exti.o
 .comment       0x0000007e       0x7f Libraries\STM32F4xx_StdPeriph_Driver\src\stm32f4xx_gpio.o
 .comment       0x0000007e       0x7f Libraries\STM32F4xx_StdPeriph_Driver\src\stm32f4xx_i2c.o
 .comment       0x0000007e       0x7f Libraries\STM32F4xx_StdPeriph_Driver\src\stm32f4xx_rcc.o
 .comment       0x0000007e       0x7f Libraries\STM32F4xx_StdPeriph_Driver\src\stm32f4xx_spi.o
 .comment       0x0000007e       0x7f Libraries\STM32F4xx_StdPeriph_Driver\src\stm32f4xx_syscfg.o
 .comment       0x0000007e       0x7f Libraries\STM32F4xx_StdPeriph_Driver\src\stm32f4xx_tim.o
 .comment       0x0000007e       0x7f Utilities\STM32F4-Discovery\stm32f4_discovery.o
 .comment       0x0000007e       0x7f Utilities\STM32F4-Discovery\stm32f4_discovery_audio_codec.o
 .comment       0x0000007e       0x7f src\biquad.o
 .comment       0x0000007e       0x7f src\init_io.o
 .comment       0x0000007e       0x7f src\main.o
 .comment       0x0000007e       0x7f src\osc.o
 .comment       0x0000007e       0x7f src\stm32f4xx_it.o
 .comment       0x0000007e       0x7f src\system_stm32f4xx.o
 .comment       0x0000007e       0x7f src\user_interface.o
 .comment       0x0000007e       0x70 C:\stm32_workspace\STM32F4xx_DSP_StdPeriph_Lib_V1.8.0\Libraries\CMSIS\Lib\GCC\libarm_cortexM4lf_math.a(arm_sin_f32.o)
                                 0x71 (size before relaxing)
 .comment       0x000000ee       0x71 C:\stm32_workspace\STM32F4xx_DSP_StdPeriph_Lib_V1.8.0\Libraries\CMSIS\Lib\GCC\libarm_cortexM4lf_math.a(arm_common_tables.o)

.debug_frame    0x00000000     0x4250
 .debug_frame   0x00000000       0xd8 Libraries\STM32F4xx_StdPeriph_Driver\src\misc.o
 .debug_frame   0x000000d8      0x5ec Libraries\STM32F4xx_StdPeriph_Driver\src\stm32f4xx_adc.o
 .debug_frame   0x000006c4      0x2ac Libraries\STM32F4xx_StdPeriph_Driver\src\stm32f4xx_dac.o
 .debug_frame   0x00000970      0x308 Libraries\STM32F4xx_StdPeriph_Driver\src\stm32f4xx_dma.o
 .debug_frame   0x00000c78      0x148 Libraries\STM32F4xx_StdPeriph_Driver\src\stm32f4xx_exti.o
 .debug_frame   0x00000dc0      0x23c Libraries\STM32F4xx_StdPeriph_Driver\src\stm32f4xx_gpio.o
 .debug_frame   0x00000ffc      0x580 Libraries\STM32F4xx_StdPeriph_Driver\src\stm32f4xx_i2c.o
 .debug_frame   0x0000157c      0x6fc Libraries\STM32F4xx_StdPeriph_Driver\src\stm32f4xx_rcc.o
 .debug_frame   0x00001c78      0x3f4 Libraries\STM32F4xx_StdPeriph_Driver\src\stm32f4xx_spi.o
 .debug_frame   0x0000206c       0xf4 Libraries\STM32F4xx_StdPeriph_Driver\src\stm32f4xx_syscfg.o
 .debug_frame   0x00002160      0xe54 Libraries\STM32F4xx_StdPeriph_Driver\src\stm32f4xx_tim.o
 .debug_frame   0x00002fb4       0xf4 Utilities\STM32F4-Discovery\stm32f4_discovery.o
 .debug_frame   0x000030a8      0x4c4 Utilities\STM32F4-Discovery\stm32f4_discovery_audio_codec.o
 .debug_frame   0x0000356c      0x218 src\biquad.o
 .debug_frame   0x00003784       0xc8 src\init_io.o
 .debug_frame   0x0000384c       0xd4 src\main.o
 .debug_frame   0x00003920      0x238 src\osc.o
 .debug_frame   0x00003b58      0x214 src\stm32f4xx_it.o
 .debug_frame   0x00003d6c       0x7c src\system_stm32f4xx.o
 .debug_frame   0x00003de8       0xcc src\user_interface.o
 .debug_frame   0x00003eb4       0x20 C:\stm32_workspace\STM32F4xx_DSP_StdPeriph_Lib_V1.8.0\Libraries\CMSIS\Lib\GCC\libarm_cortexM4lf_math.a(arm_sin_f32.o)
 .debug_frame   0x00003ed4       0x2c c:/program files (x86)/atollic/truestudio for arm 7.1.2/armtools/bin/../lib/gcc/arm-atollic-eabi/5.3.1/../../../../arm-atollic-eabi/lib/armv7e-m/fpu\libc.a(lib_a-init.o)
 .debug_frame   0x00003f00       0x28 c:/program files (x86)/atollic/truestudio for arm 7.1.2/armtools/bin/../lib/gcc/arm-atollic-eabi/5.3.1/../../../../arm-atollic-eabi/lib/armv7e-m/fpu\libm.a(lib_a-sf_cos.o)
 .debug_frame   0x00003f28       0x28 c:/program files (x86)/atollic/truestudio for arm 7.1.2/armtools/bin/../lib/gcc/arm-atollic-eabi/5.3.1/../../../../arm-atollic-eabi/lib/armv7e-m/fpu\libm.a(lib_a-sf_sin.o)
 .debug_frame   0x00003f50       0x50 c:/program files (x86)/atollic/truestudio for arm 7.1.2/armtools/bin/../lib/gcc/arm-atollic-eabi/5.3.1/../../../../arm-atollic-eabi/lib/armv7e-m/fpu\libm.a(lib_a-wf_pow.o)
 .debug_frame   0x00003fa0       0x68 c:/program files (x86)/atollic/truestudio for arm 7.1.2/armtools/bin/../lib/gcc/arm-atollic-eabi/5.3.1/../../../../arm-atollic-eabi/lib/armv7e-m/fpu\libm.a(lib_a-ef_pow.o)
 .debug_frame   0x00004008       0x38 c:/program files (x86)/atollic/truestudio for arm 7.1.2/armtools/bin/../lib/gcc/arm-atollic-eabi/5.3.1/../../../../arm-atollic-eabi/lib/armv7e-m/fpu\libm.a(lib_a-ef_rem_pio2.o)
 .debug_frame   0x00004040       0x2c c:/program files (x86)/atollic/truestudio for arm 7.1.2/armtools/bin/../lib/gcc/arm-atollic-eabi/5.3.1/../../../../arm-atollic-eabi/lib/armv7e-m/fpu\libm.a(lib_a-ef_sqrt.o)
 .debug_frame   0x0000406c       0x20 c:/program files (x86)/atollic/truestudio for arm 7.1.2/armtools/bin/../lib/gcc/arm-atollic-eabi/5.3.1/../../../../arm-atollic-eabi/lib/armv7e-m/fpu\libm.a(lib_a-kf_cos.o)
 .debug_frame   0x0000408c       0x58 c:/program files (x86)/atollic/truestudio for arm 7.1.2/armtools/bin/../lib/gcc/arm-atollic-eabi/5.3.1/../../../../arm-atollic-eabi/lib/armv7e-m/fpu\libm.a(lib_a-kf_rem_pio2.o)
 .debug_frame   0x000040e4       0x20 c:/program files (x86)/atollic/truestudio for arm 7.1.2/armtools/bin/../lib/gcc/arm-atollic-eabi/5.3.1/../../../../arm-atollic-eabi/lib/armv7e-m/fpu\libm.a(lib_a-kf_sin.o)
 .debug_frame   0x00004104       0x20 c:/program files (x86)/atollic/truestudio for arm 7.1.2/armtools/bin/../lib/gcc/arm-atollic-eabi/5.3.1/../../../../arm-atollic-eabi/lib/armv7e-m/fpu\libm.a(lib_a-s_matherr.o)
 .debug_frame   0x00004124       0x34 c:/program files (x86)/atollic/truestudio for arm 7.1.2/armtools/bin/../lib/gcc/arm-atollic-eabi/5.3.1/../../../../arm-atollic-eabi/lib/armv7e-m/fpu\libm.a(lib_a-s_rint.o)
 .debug_frame   0x00004158       0x20 c:/program files (x86)/atollic/truestudio for arm 7.1.2/armtools/bin/../lib/gcc/arm-atollic-eabi/5.3.1/../../../../arm-atollic-eabi/lib/armv7e-m/fpu\libm.a(lib_a-sf_fabs.o)
 .debug_frame   0x00004178       0x20 c:/program files (x86)/atollic/truestudio for arm 7.1.2/armtools/bin/../lib/gcc/arm-atollic-eabi/5.3.1/../../../../arm-atollic-eabi/lib/armv7e-m/fpu\libm.a(lib_a-sf_finite.o)
 .debug_frame   0x00004198       0x20 c:/program files (x86)/atollic/truestudio for arm 7.1.2/armtools/bin/../lib/gcc/arm-atollic-eabi/5.3.1/../../../../arm-atollic-eabi/lib/armv7e-m/fpu\libm.a(lib_a-sf_floor.o)
 .debug_frame   0x000041b8       0x20 c:/program files (x86)/atollic/truestudio for arm 7.1.2/armtools/bin/../lib/gcc/arm-atollic-eabi/5.3.1/../../../../arm-atollic-eabi/lib/armv7e-m/fpu\libm.a(lib_a-sf_nan.o)
 .debug_frame   0x000041d8       0x38 c:/program files (x86)/atollic/truestudio for arm 7.1.2/armtools/bin/../lib/gcc/arm-atollic-eabi/5.3.1/../../../../arm-atollic-eabi/lib/armv7e-m/fpu\libm.a(lib_a-sf_scalbn.o)
 .debug_frame   0x00004210       0x20 c:/program files (x86)/atollic/truestudio for arm 7.1.2/armtools/bin/../lib/gcc/arm-atollic-eabi/5.3.1/../../../../arm-atollic-eabi/lib/armv7e-m/fpu\libm.a(lib_a-sf_copysign.o)
 .debug_frame   0x00004230       0x20 c:/program files (x86)/atollic/truestudio for arm 7.1.2/armtools/bin/../lib/gcc/arm-atollic-eabi/5.3.1/../../../../arm-atollic-eabi/lib/armv7e-m/fpu\libc.a(lib_a-errno.o)

.debug_loc      0x00000000       0xc8
 .debug_loc     0x00000000       0xc8 C:\stm32_workspace\STM32F4xx_DSP_StdPeriph_Lib_V1.8.0\Libraries\CMSIS\Lib\GCC\libarm_cortexM4lf_math.a(arm_sin_f32.o)

Cross Reference Table

Symbol                                            File
ADCBuffer                                         src\user_interface.o
                                                  src\stm32f4xx_it.o
                                                  src\osc.o
                                                  src\main.o
                                                  src\init_io.o
ADC_AnalogWatchdogCmd                             Libraries\STM32F4xx_StdPeriph_Driver\src\stm32f4xx_adc.o
ADC_AnalogWatchdogSingleChannelConfig             Libraries\STM32F4xx_StdPeriph_Driver\src\stm32f4xx_adc.o
ADC_AnalogWatchdogThresholdsConfig                Libraries\STM32F4xx_StdPeriph_Driver\src\stm32f4xx_adc.o
ADC_AutoInjectedConvCmd                           Libraries\STM32F4xx_StdPeriph_Driver\src\stm32f4xx_adc.o
ADC_ClearFlag                                     Libraries\STM32F4xx_StdPeriph_Driver\src\stm32f4xx_adc.o
ADC_ClearITPendingBit                             Libraries\STM32F4xx_StdPeriph_Driver\src\stm32f4xx_adc.o
                                                  src\stm32f4xx_it.o
ADC_Cmd                                           Libraries\STM32F4xx_StdPeriph_Driver\src\stm32f4xx_adc.o
                                                  src\init_io.o
ADC_CommonInit                                    Libraries\STM32F4xx_StdPeriph_Driver\src\stm32f4xx_adc.o
                                                  src\init_io.o
ADC_CommonStructInit                              Libraries\STM32F4xx_StdPeriph_Driver\src\stm32f4xx_adc.o
                                                  src\init_io.o
ADC_ContinuousModeCmd                             Libraries\STM32F4xx_StdPeriph_Driver\src\stm32f4xx_adc.o
ADC_DMACmd                                        Libraries\STM32F4xx_StdPeriph_Driver\src\stm32f4xx_adc.o
                                                  src\init_io.o
ADC_DMARequestAfterLastTransferCmd                Libraries\STM32F4xx_StdPeriph_Driver\src\stm32f4xx_adc.o
                                                  src\init_io.o
ADC_DeInit                                        Libraries\STM32F4xx_StdPeriph_Driver\src\stm32f4xx_adc.o
                                                  src\init_io.o
ADC_DiscModeChannelCountConfig                    Libraries\STM32F4xx_StdPeriph_Driver\src\stm32f4xx_adc.o
ADC_DiscModeCmd                                   Libraries\STM32F4xx_StdPeriph_Driver\src\stm32f4xx_adc.o
ADC_EOCOnEachRegularChannelCmd                    Libraries\STM32F4xx_StdPeriph_Driver\src\stm32f4xx_adc.o
ADC_ExternalTrigInjectedConvConfig                Libraries\STM32F4xx_StdPeriph_Driver\src\stm32f4xx_adc.o
ADC_ExternalTrigInjectedConvEdgeConfig            Libraries\STM32F4xx_StdPeriph_Driver\src\stm32f4xx_adc.o
ADC_GetConversionValue                            Libraries\STM32F4xx_StdPeriph_Driver\src\stm32f4xx_adc.o
ADC_GetFlagStatus                                 Libraries\STM32F4xx_StdPeriph_Driver\src\stm32f4xx_adc.o
ADC_GetITStatus                                   Libraries\STM32F4xx_StdPeriph_Driver\src\stm32f4xx_adc.o
ADC_GetInjectedConversionValue                    Libraries\STM32F4xx_StdPeriph_Driver\src\stm32f4xx_adc.o
ADC_GetMultiModeConversionValue                   Libraries\STM32F4xx_StdPeriph_Driver\src\stm32f4xx_adc.o
ADC_GetSoftwareStartConvStatus                    Libraries\STM32F4xx_StdPeriph_Driver\src\stm32f4xx_adc.o
ADC_GetSoftwareStartInjectedConvCmdStatus         Libraries\STM32F4xx_StdPeriph_Driver\src\stm32f4xx_adc.o
ADC_IRQHandler                                    src\stm32f4xx_it.o
                                                  src\startup_stm32f40xx.o
ADC_ITConfig                                      Libraries\STM32F4xx_StdPeriph_Driver\src\stm32f4xx_adc.o
ADC_Init                                          Libraries\STM32F4xx_StdPeriph_Driver\src\stm32f4xx_adc.o
                                                  src\init_io.o
ADC_InjectedChannelConfig                         Libraries\STM32F4xx_StdPeriph_Driver\src\stm32f4xx_adc.o
ADC_InjectedDiscModeCmd                           Libraries\STM32F4xx_StdPeriph_Driver\src\stm32f4xx_adc.o
ADC_InjectedSequencerLengthConfig                 Libraries\STM32F4xx_StdPeriph_Driver\src\stm32f4xx_adc.o
ADC_MultiModeDMARequestAfterLastTransferCmd       Libraries\STM32F4xx_StdPeriph_Driver\src\stm32f4xx_adc.o
ADC_RegularChannelConfig                          Libraries\STM32F4xx_StdPeriph_Driver\src\stm32f4xx_adc.o
                                                  src\init_io.o
ADC_SetInjectedOffset                             Libraries\STM32F4xx_StdPeriph_Driver\src\stm32f4xx_adc.o
ADC_SoftwareStartConv                             Libraries\STM32F4xx_StdPeriph_Driver\src\stm32f4xx_adc.o
ADC_SoftwareStartInjectedConv                     Libraries\STM32F4xx_StdPeriph_Driver\src\stm32f4xx_adc.o
ADC_StructInit                                    Libraries\STM32F4xx_StdPeriph_Driver\src\stm32f4xx_adc.o
                                                  src\init_io.o
ADC_TempSensorVrefintCmd                          Libraries\STM32F4xx_StdPeriph_Driver\src\stm32f4xx_adc.o
ADC_VBATCmd                                       Libraries\STM32F4xx_StdPeriph_Driver\src\stm32f4xx_adc.o
AHBPrescTable                                     src\system_stm32f4xx.o
AUDIO_MAL_DMA_CHANNEL                             Utilities\STM32F4-Discovery\stm32f4_discovery_audio_codec.o
AUDIO_MAL_DMA_CLOCK                               Utilities\STM32F4-Discovery\stm32f4_discovery_audio_codec.o
AUDIO_MAL_DMA_DREG                                Utilities\STM32F4-Discovery\stm32f4_discovery_audio_codec.o
AUDIO_MAL_DMA_FLAG_DME                            Utilities\STM32F4-Discovery\stm32f4_discovery_audio_codec.o
AUDIO_MAL_DMA_FLAG_FE                             Utilities\STM32F4-Discovery\stm32f4_discovery_audio_codec.o
AUDIO_MAL_DMA_FLAG_HT                             Utilities\STM32F4-Discovery\stm32f4_discovery_audio_codec.o
AUDIO_MAL_DMA_FLAG_TC                             Utilities\STM32F4-Discovery\stm32f4_discovery_audio_codec.o
AUDIO_MAL_DMA_FLAG_TE                             Utilities\STM32F4-Discovery\stm32f4_discovery_audio_codec.o
AUDIO_MAL_DMA_IRQ                                 Utilities\STM32F4-Discovery\stm32f4_discovery_audio_codec.o
AUDIO_MAL_DMA_InitStructure                       Utilities\STM32F4-Discovery\stm32f4_discovery_audio_codec.o
AUDIO_MAL_DMA_STREAM                              Utilities\STM32F4-Discovery\stm32f4_discovery_audio_codec.o
AudioRemSize                                      Utilities\STM32F4-Discovery\stm32f4_discovery_audio_codec.o
AudioTotalSize                                    Utilities\STM32F4-Discovery\stm32f4_discovery_audio_codec.o
Audio_MAL_Play                                    Utilities\STM32F4-Discovery\stm32f4_discovery_audio_codec.o
BUTTON_CLK                                        Utilities\STM32F4-Discovery\stm32f4_discovery.o
BUTTON_EXTI_LINE                                  Utilities\STM32F4-Discovery\stm32f4_discovery.o
BUTTON_IRQn                                       Utilities\STM32F4-Discovery\stm32f4_discovery.o
BUTTON_PIN                                        Utilities\STM32F4-Discovery\stm32f4_discovery.o
BUTTON_PIN_SOURCE                                 Utilities\STM32F4-Discovery\stm32f4_discovery.o
BUTTON_PORT                                       Utilities\STM32F4-Discovery\stm32f4_discovery.o
BUTTON_PORT_SOURCE                                Utilities\STM32F4-Discovery\stm32f4_discovery.o
BusFault_Handler                                  src\stm32f4xx_it.o
                                                  src\startup_stm32f40xx.o
CAN1_RX0_IRQHandler                               src\startup_stm32f40xx.o
CAN1_RX1_IRQHandler                               src\startup_stm32f40xx.o
CAN1_SCE_IRQHandler                               src\startup_stm32f40xx.o
CAN1_TX_IRQHandler                                src\startup_stm32f40xx.o
CAN2_RX0_IRQHandler                               src\startup_stm32f40xx.o
CAN2_RX1_IRQHandler                               src\startup_stm32f40xx.o
CAN2_SCE_IRQHandler                               src\startup_stm32f40xx.o
CAN2_TX_IRQHandler                                src\startup_stm32f40xx.o
CAN_CancelTransmit                                Libraries\STM32F4xx_StdPeriph_Driver\src\stm32f4xx_can.o
CAN_ClearFlag                                     Libraries\STM32F4xx_StdPeriph_Driver\src\stm32f4xx_can.o
CAN_ClearITPendingBit                             Libraries\STM32F4xx_StdPeriph_Driver\src\stm32f4xx_can.o
CAN_DBGFreeze                                     Libraries\STM32F4xx_StdPeriph_Driver\src\stm32f4xx_can.o
CAN_DeInit                                        Libraries\STM32F4xx_StdPeriph_Driver\src\stm32f4xx_can.o
CAN_FIFORelease                                   Libraries\STM32F4xx_StdPeriph_Driver\src\stm32f4xx_can.o
CAN_FilterInit                                    Libraries\STM32F4xx_StdPeriph_Driver\src\stm32f4xx_can.o
CAN_GetFlagStatus                                 Libraries\STM32F4xx_StdPeriph_Driver\src\stm32f4xx_can.o
CAN_GetITStatus                                   Libraries\STM32F4xx_StdPeriph_Driver\src\stm32f4xx_can.o
CAN_GetLSBTransmitErrorCounter                    Libraries\STM32F4xx_StdPeriph_Driver\src\stm32f4xx_can.o
CAN_GetLastErrorCode                              Libraries\STM32F4xx_StdPeriph_Driver\src\stm32f4xx_can.o
CAN_GetReceiveErrorCounter                        Libraries\STM32F4xx_StdPeriph_Driver\src\stm32f4xx_can.o
CAN_ITConfig                                      Libraries\STM32F4xx_StdPeriph_Driver\src\stm32f4xx_can.o
CAN_Init                                          Libraries\STM32F4xx_StdPeriph_Driver\src\stm32f4xx_can.o
CAN_MessagePending                                Libraries\STM32F4xx_StdPeriph_Driver\src\stm32f4xx_can.o
CAN_OperatingModeRequest                          Libraries\STM32F4xx_StdPeriph_Driver\src\stm32f4xx_can.o
CAN_Receive                                       Libraries\STM32F4xx_StdPeriph_Driver\src\stm32f4xx_can.o
CAN_SlaveStartBank                                Libraries\STM32F4xx_StdPeriph_Driver\src\stm32f4xx_can.o