stm32f4_discovery_audio_codec.c:270:6:EVAL_AUDIO_SetAudioInterface	16	static
stm32f4_discovery_audio_codec.c:312:10:EVAL_AUDIO_Init	16	static
stm32f4_discovery_audio_codec.c:336:10:EVAL_AUDIO_DeInit	8	static
stm32f4_discovery_audio_codec.c:353:10:EVAL_AUDIO_Play	16	static
stm32f4_discovery_audio_codec.c:386:10:EVAL_AUDIO_PauseResume	16	static
stm32f4_discovery_audio_codec.c:412:10:EVAL_AUDIO_Stop	16	static
stm32f4_discovery_audio_codec.c:438:10:EVAL_AUDIO_VolumeCtl	16	static
stm32f4_discovery_audio_codec.c:450:10:EVAL_AUDIO_Mute	16	static
stm32f4_discovery_audio_codec.c:461:13:Audio_MAL_IRQHandler	16	static
stm32f4_discovery_audio_codec.c:561:6:DMA1_Stream7_IRQHandler	8	static
stm32f4_discovery_audio_codec.c:571:6:DMA1_Stream0_IRQHandler	8	static
stm32f4_discovery_audio_codec.c:581:6:SPI3_IRQHandler	8	static
stm32f4_discovery_audio_codec.c:609:17:Codec_Init	24	static
stm32f4_discovery_audio_codec.c:689:17:Codec_DeInit	16	static
stm32f4_discovery_audio_codec.c:718:17:Codec_Play	4	static
stm32f4_discovery_audio_codec.c:734:17:Codec_PauseResume	24	static
stm32f4_discovery_audio_codec.c:773:17:Codec_Stop	24	static
stm32f4_discovery_audio_codec.c:806:17:Codec_VolumeCtrl	24	static
stm32f4_discovery_audio_codec.c:832:17:Codec_Mute	24	static
stm32f4_discovery_audio_codec.c:856:13:Codec_Reset	8	static
stm32f4_discovery_audio_codec.c:875:17:Codec_WriteRegister	24	static
stm32f4_discovery_audio_codec.c:945:17:Codec_ReadRegister	24	static
stm32f4_discovery_audio_codec.c:1047:13:Codec_CtrlInterface_Init	24	static
stm32f4_discovery_audio_codec.c:1074:13:Codec_CtrlInterface_DeInit	4	static
stm32f4_discovery_audio_codec.c:1089:13:Codec_AudioInterface_Init	48	static
stm32f4_discovery_audio_codec.c:1153:13:Codec_AudioInterface_DeInit	8	static
stm32f4_discovery_audio_codec.c:1171:13:Codec_GPIO_Init	16	static
stm32f4_discovery_audio_codec.c:1248:13:Codec_GPIO_DeInit	16	static
stm32f4_discovery_audio_codec.c:1283:13:Delay	16	static
stm32f4_discovery_audio_codec.c:1314:13:Audio_MAL_Init	16	static
stm32f4_discovery_audio_codec.c:1475:13:Audio_MAL_DeInit	16	static
stm32f4_discovery_audio_codec.c:1504:6:Audio_MAL_Play	16	static
stm32f4_discovery_audio_codec.c:1547:13:Audio_MAL_PauseResume	16	static
stm32f4_discovery_audio_codec.c:1587:13:Audio_MAL_Stop	8	static
stm32f4_discovery_audio_codec.c:1609:6:DAC_Config	32	static
